Archive member included to satisfy reference by file (symbol)

/opt/st/stm32cubeide_1.6.1/plugins/com.st.stm32cube.ide.mcu.externaltools.gnu-tools-for-stm32.9-2020-q2-update.linux64_1.5.0.202011040924/tools/bin/../lib/gcc/arm-none-eabi/9.3.1/../../../../arm-none-eabi/lib/thumb/v7e-m+fp/softfp/libc_nano.a(lib_a-errno.o)
                              Src/syscalls.o (__errno)
/opt/st/stm32cubeide_1.6.1/plugins/com.st.stm32cube.ide.mcu.externaltools.gnu-tools-for-stm32.9-2020-q2-update.linux64_1.5.0.202011040924/tools/bin/../lib/gcc/arm-none-eabi/9.3.1/../../../../arm-none-eabi/lib/thumb/v7e-m+fp/softfp/libc_nano.a(lib_a-exit.o)
                              /opt/st/stm32cubeide_1.6.1/plugins/com.st.stm32cube.ide.mcu.externaltools.gnu-tools-for-stm32.9-2020-q2-update.linux64_1.5.0.202011040924/tools/bin/../lib/gcc/arm-none-eabi/9.3.1/../../../../arm-none-eabi/lib/thumb/v7e-m+fp/softfp/crt0.o (exit)
/opt/st/stm32cubeide_1.6.1/plugins/com.st.stm32cube.ide.mcu.externaltools.gnu-tools-for-stm32.9-2020-q2-update.linux64_1.5.0.202011040924/tools/bin/../lib/gcc/arm-none-eabi/9.3.1/../../../../arm-none-eabi/lib/thumb/v7e-m+fp/softfp/libc_nano.a(lib_a-impure.o)
                              /opt/st/stm32cubeide_1.6.1/plugins/com.st.stm32cube.ide.mcu.externaltools.gnu-tools-for-stm32.9-2020-q2-update.linux64_1.5.0.202011040924/tools/bin/../lib/gcc/arm-none-eabi/9.3.1/../../../../arm-none-eabi/lib/thumb/v7e-m+fp/softfp/libc_nano.a(lib_a-exit.o) (_global_impure_ptr)
/opt/st/stm32cubeide_1.6.1/plugins/com.st.stm32cube.ide.mcu.externaltools.gnu-tools-for-stm32.9-2020-q2-update.linux64_1.5.0.202011040924/tools/bin/../lib/gcc/arm-none-eabi/9.3.1/../../../../arm-none-eabi/lib/thumb/v7e-m+fp/softfp/libc_nano.a(lib_a-init.o)
                              /opt/st/stm32cubeide_1.6.1/plugins/com.st.stm32cube.ide.mcu.externaltools.gnu-tools-for-stm32.9-2020-q2-update.linux64_1.5.0.202011040924/tools/bin/../lib/gcc/arm-none-eabi/9.3.1/../../../../arm-none-eabi/lib/thumb/v7e-m+fp/softfp/crt0.o (__libc_init_array)
/opt/st/stm32cubeide_1.6.1/plugins/com.st.stm32cube.ide.mcu.externaltools.gnu-tools-for-stm32.9-2020-q2-update.linux64_1.5.0.202011040924/tools/bin/../lib/gcc/arm-none-eabi/9.3.1/../../../../arm-none-eabi/lib/thumb/v7e-m+fp/softfp/libc_nano.a(lib_a-malloc.o)
                              Src/main.o (malloc)
/opt/st/stm32cubeide_1.6.1/plugins/com.st.stm32cube.ide.mcu.externaltools.gnu-tools-for-stm32.9-2020-q2-update.linux64_1.5.0.202011040924/tools/bin/../lib/gcc/arm-none-eabi/9.3.1/../../../../arm-none-eabi/lib/thumb/v7e-m+fp/softfp/libc_nano.a(lib_a-memcmp.o)
                              FreeRTOS/tasks.o (memcmp)
/opt/st/stm32cubeide_1.6.1/plugins/com.st.stm32cube.ide.mcu.externaltools.gnu-tools-for-stm32.9-2020-q2-update.linux64_1.5.0.202011040924/tools/bin/../lib/gcc/arm-none-eabi/9.3.1/../../../../arm-none-eabi/lib/thumb/v7e-m+fp/softfp/libc_nano.a(lib_a-memcpy-stub.o)
                              FreeRTOS/queue.o (memcpy)
/opt/st/stm32cubeide_1.6.1/plugins/com.st.stm32cube.ide.mcu.externaltools.gnu-tools-for-stm32.9-2020-q2-update.linux64_1.5.0.202011040924/tools/bin/../lib/gcc/arm-none-eabi/9.3.1/../../../../arm-none-eabi/lib/thumb/v7e-m+fp/softfp/libc_nano.a(lib_a-memset.o)
                              /opt/st/stm32cubeide_1.6.1/plugins/com.st.stm32cube.ide.mcu.externaltools.gnu-tools-for-stm32.9-2020-q2-update.linux64_1.5.0.202011040924/tools/bin/../lib/gcc/arm-none-eabi/9.3.1/../../../../arm-none-eabi/lib/thumb/v7e-m+fp/softfp/crt0.o (memset)
/opt/st/stm32cubeide_1.6.1/plugins/com.st.stm32cube.ide.mcu.externaltools.gnu-tools-for-stm32.9-2020-q2-update.linux64_1.5.0.202011040924/tools/bin/../lib/gcc/arm-none-eabi/9.3.1/../../../../arm-none-eabi/lib/thumb/v7e-m+fp/softfp/libc_nano.a(lib_a-nano-freer.o)
                              /opt/st/stm32cubeide_1.6.1/plugins/com.st.stm32cube.ide.mcu.externaltools.gnu-tools-for-stm32.9-2020-q2-update.linux64_1.5.0.202011040924/tools/bin/../lib/gcc/arm-none-eabi/9.3.1/../../../../arm-none-eabi/lib/thumb/v7e-m+fp/softfp/libc_nano.a(lib_a-malloc.o) (_free_r)
/opt/st/stm32cubeide_1.6.1/plugins/com.st.stm32cube.ide.mcu.externaltools.gnu-tools-for-stm32.9-2020-q2-update.linux64_1.5.0.202011040924/tools/bin/../lib/gcc/arm-none-eabi/9.3.1/../../../../arm-none-eabi/lib/thumb/v7e-m+fp/softfp/libc_nano.a(lib_a-nano-mallocr.o)
                              /opt/st/stm32cubeide_1.6.1/plugins/com.st.stm32cube.ide.mcu.externaltools.gnu-tools-for-stm32.9-2020-q2-update.linux64_1.5.0.202011040924/tools/bin/../lib/gcc/arm-none-eabi/9.3.1/../../../../arm-none-eabi/lib/thumb/v7e-m+fp/softfp/libc_nano.a(lib_a-malloc.o) (_malloc_r)
/opt/st/stm32cubeide_1.6.1/plugins/com.st.stm32cube.ide.mcu.externaltools.gnu-tools-for-stm32.9-2020-q2-update.linux64_1.5.0.202011040924/tools/bin/../lib/gcc/arm-none-eabi/9.3.1/../../../../arm-none-eabi/lib/thumb/v7e-m+fp/softfp/libc_nano.a(lib_a-nano-vfprintf_float.o)
                              (_printf_float)
[...]
Memory Configuration

Name             Origin             Length             Attributes
RAM              0x0000000020000000 0x0000000000020000 xrw
FLASH            0x0000000008000000 0x0000000000100000 xr
*default*        0x0000000000000000 0xffffffffffffffff

Linker script and memory map

LOAD /opt/st/stm32cubeide_1.6.1/plugins/com.st.stm32cube.ide.mcu.externaltools.gnu-tools-for-stm32.9-2020-q2-update.linux64_1.5.0.202011040924/tools/bin/../lib/gcc/arm-none-eabi/9.3.1/thumb/v7e-m+fp/softfp/crti.o
LOAD /opt/st/stm32cubeide_1.6.1/plugins/com.st.stm32cube.ide.mcu.externaltools.gnu-tools-for-stm32.9-2020-q2-update.linux64_1.5.0.202011040924/tools/bin/../lib/gcc/arm-none-eabi/9.3.1/thumb/v7e-m+fp/softfp/crtbegin.o
LOAD /opt/st/stm32cubeide_1.6.1/plugins/com.st.stm32cube.ide.mcu.externaltools.gnu-tools-for-stm32.9-2020-q2-update.linux64_1.5.0.202011040924/tools/bin/../lib/gcc/arm-none-eabi/9.3.1/../../../../arm-none-eabi/lib/thumb/v7e-m+fp/softfp/crt0.o
LOAD Devices/Src/ade7753.o
LOAD Devices/Src/ds1307.o
LOAD Devices/Src/keypad.o
LOAD Devices/Src/lcd5110.o
LOAD FreeRTOS/croutine.o
LOAD FreeRTOS/event_groups.o
LOAD FreeRTOS/list.o
LOAD FreeRTOS/queue.o
LOAD FreeRTOS/stream_buffer.o
LOAD FreeRTOS/tasks.o
LOAD FreeRTOS/timers.o
LOAD FreeRTOS/portable/GCC/ARM_CM4F/port.o
LOAD FreeRTOS/portable/MemMang/heap_4.o
LOAD Libraries/Src/stm32f407xx_gpio.o
LOAD Libraries/Src/stm32f407xx_i2c.o
LOAD Libraries/Src/stm32f407xx_rcc.o
LOAD Libraries/Src/stm32f407xx_spi.o
LOAD Libraries/Src/stm32f407xx_usart.o
LOAD SEGGER/Config/SEGGER_SYSVIEW_Config_FreeRTOS.o
LOAD SEGGER/OS/SEGGER_SYSVIEW_FreeRTOS.o
LOAD SEGGER/SEGGER/SEGGER_RTT.o
LOAD SEGGER/SEGGER/SEGGER_RTT_ASM_ARMv7M.o
LOAD SEGGER/SEGGER/SEGGER_RTT_printf.o
LOAD SEGGER/SEGGER/SEGGER_SYSVIEW.o
LOAD SEGGER/SEGGER/Syscalls/SEGGER_RTT_Syscalls_GCC.o
LOAD SEGGER/segger_uart.o
LOAD Src/ade_value_scale.o
LOAD Src/lcd_control.o
LOAD Src/main.o
LOAD Src/syscalls.o
LOAD Src/sysmem.o
LOAD Startup/startup_stm32f407vgtx.o
START GROUP
LOAD /opt/st/stm32cubeide_1.6.1/plugins/com.st.stm32cube.ide.mcu.externaltools.gnu-tools-for-stm32.9-2020-q2-update.linux64_1.5.0.202011040924/tools/bin/../lib/gcc/arm-none-eabi/9.3.1/../../../../arm-none-eabi/lib/thumb/v7e-m+fp/softfp/libc_nano.a
LOAD /opt/st/stm32cubeide_1.6.1/plugins/com.st.stm32cube.ide.mcu.externaltools.gnu-tools-for-stm32.9-2020-q2-update.linux64_1.5.0.202011040924/tools/bin/../lib/gcc/arm-none-eabi/9.3.1/../../../../arm-none-eabi/lib/thumb/v7e-m+fp/softfp/libm.a
END GROUP
START GROUP
LOAD /opt/st/stm32cubeide_1.6.1/plugins/com.st.stm32cube.ide.mcu.externaltools.gnu-tools-for-stm32.9-2020-q2-update.linux64_1.5.0.202011040924/tools/bin/../lib/gcc/arm-none-eabi/9.3.1/thumb/v7e-m+fp/softfp/libgcc.a
LOAD /opt/st/stm32cubeide_1.6.1/plugins/com.st.stm32cube.ide.mcu.externaltools.gnu-tools-for-stm32.9-2020-q2-update.linux64_1.5.0.202011040924/tools/bin/../lib/gcc/arm-none-eabi/9.3.1/../../../../arm-none-eabi/lib/thumb/v7e-m+fp/softfp/libc_nano.a
END GROUP
START GROUP
LOAD /opt/st/stm32cubeide_1.6.1/plugins/com.st.stm32cube.ide.mcu.externaltools.gnu-tools-for-stm32.9-2020-q2-update.linux64_1.5.0.202011040924/tools/bin/../lib/gcc/arm-none-eabi/9.3.1/thumb/v7e-m+fp/softfp/libgcc.a
LOAD /opt/st/stm32cubeide_1.6.1/plugins/com.st.stm32cube.ide.mcu.externaltools.gnu-tools-for-stm32.9-2020-q2-update.linux64_1.5.0.202011040924/tools/bin/../lib/gcc/arm-none-eabi/9.3.1/../../../../arm-none-eabi/lib/thumb/v7e-m+fp/softfp/libc_nano.a
LOAD /opt/st/stm32cubeide_1.6.1/plugins/com.st.stm32cube.ide.mcu.externaltools.gnu-tools-for-stm32.9-2020-q2-update.linux64_1.5.0.202011040924/tools/bin/../lib/gcc/arm-none-eabi/9.3.1/../../../../arm-none-eabi/lib/thumb/v7e-m+fp/softfp/libnosys.a
END GROUP
START GROUP
LOAD /opt/st/stm32cubeide_1.6.1/plugins/com.st.stm32cube.ide.mcu.externaltools.gnu-tools-for-stm32.9-2020-q2-update.linux64_1.5.0.202011040924/tools/bin/../lib/gcc/arm-none-eabi/9.3.1/thumb/v7e-m+fp/softfp/libgcc.a
LOAD /opt/st/stm32cubeide_1.6.1/plugins/com.st.stm32cube.ide.mcu.externaltools.gnu-tools-for-stm32.9-2020-q2-update.linux64_1.5.0.202011040924/tools/bin/../lib/gcc/arm-none-eabi/9.3.1/../../../../arm-none-eabi/lib/thumb/v7e-m+fp/softfp/libc_nano.a
LOAD /opt/st/stm32cubeide_1.6.1/plugins/com.st.stm32cube.ide.mcu.externaltools.gnu-tools-for-stm32.9-2020-q2-update.linux64_1.5.0.202011040924/tools/bin/../lib/gcc/arm-none-eabi/9.3.1/../../../../arm-none-eabi/lib/thumb/v7e-m+fp/softfp/libnosys.a
END GROUP
LOAD /opt/st/stm32cubeide_1.6.1/plugins/com.st.stm32cube.ide.mcu.externaltools.gnu-tools-for-stm32.9-2020-q2-update.linux64_1.5.0.202011040924/tools/bin/../lib/gcc/arm-none-eabi/9.3.1/thumb/v7e-m+fp/softfp/crtend.o
LOAD /opt/st/stm32cubeide_1.6.1/plugins/com.st.stm32cube.ide.mcu.externaltools.gnu-tools-for-stm32.9-2020-q2-update.linux64_1.5.0.202011040924/tools/bin/../lib/gcc/arm-none-eabi/9.3.1/thumb/v7e-m+fp/softfp/crtn.o
                0x0000000020020000                _estack = (ORIGIN (RAM) + LENGTH (RAM))
                0x0000000000000200                _Min_Heap_Size = 0x200
                0x0000000000000400                _Min_Stack_Size = 0x400

.isr_vector     0x0000000008000000      0x1a8
                0x0000000008000000                . = ALIGN (0x4)
 *(.isr_vector)
 .isr_vector    0x0000000008000000      0x1a8 Startup/startup_stm32f407vgtx.o
                0x0000000008000000                g_pfnVectors
                0x00000000080001a8                . = ALIGN (0x4)

.text           0x00000000080001b0     0xc3e4
                0x00000000080001b0                . = ALIGN (0x4)
 *(.text)
 .text          0x00000000080001b0       0x40 /opt/st/stm32cubeide_1.6.1/plugins/com.st.stm32cube.ide.mcu.externaltools.gnu-tools-for-stm32.9-2020-q2-update.linux64_1.5.0.202011040924/tools/bin/../lib/gcc/arm-none-eabi/9.3.1/thumb/v7e-m+fp/softfp/crtbegin.o
 .text          0x00000000080001f0       0x94 SEGGER/SEGGER/SEGGER_RTT_ASM_ARMv7M.o
                0x00000000080001f0                SEGGER_RTT_ASM_WriteSkipNoLock
 .text          0x0000000008000284       0x10 /opt/st/stm32cubeide_1.6.1/plugins/com.st.stm32cube.ide.mcu.externaltools.gnu-tools-for-stm32.9-2020-q2-update.linux64_1.5.0.202011040924/tools/bin/../lib/gcc/arm-none-eabi/9.3.1/../../../../arm-none-eabi/lib/thumb/v7e-m+fp/softfp/libc_nano.a(lib_a-strlen.o)
                0x0000000008000284                strlen
 *fill*         0x0000000008000294        0xc 
 .text          0x00000000080002a0       0xa0 /opt/st/stm32cubeide_1.6.1/plugins/com.st.stm32cube.ide.mcu.externaltools.gnu-tools-for-stm32.9-2020-q2-update.linux64_1.5.0.202011040924/tools/bin/../lib/gcc/arm-none-eabi/9.3.1/../../../../arm-none-eabi/lib/thumb/v7e-m+fp/softfp/libc_nano.a(lib_a-memchr.o)
                0x00000000080002a0                memchr
 .text          0x0000000008000340      0x378 /opt/st/stm32cubeide_1.6.1/plugins/com.st.stm32cube.ide.mcu.externaltools.gnu-tools-for-stm32.9-2020-q2-update.linux64_1.5.0.202011040924/tools/bin/../lib/gcc/arm-none-eabi/9.3.1/thumb/v7e-m+fp/softfp/libgcc.a(_arm_addsubdf3.o)
                0x0000000008000340                __aeabi_drsub
                0x0000000008000348                __aeabi_dsub
                0x0000000008000348                __subdf3
                0x000000000800034c                __adddf3
                0x000000000800034c                __aeabi_dadd
                0x00000000080005c4                __aeabi_ui2d
                0x00000000080005c4                __floatunsidf
                0x00000000080005e4                __floatsidf
                0x00000000080005e4                __aeabi_i2d
                0x0000000008000608                __extendsfdf2
                0x0000000008000608                __aeabi_f2d
                0x000000000800064c                __aeabi_ul2d
                0x000000000800064c                __floatundidf
                0x000000000800065c                __floatdidf
                0x000000000800065c                __aeabi_l2d
 .text          0x00000000080006b8      0x424 /opt/st/stm32cubeide_1.6.1/plugins/com.st.stm32cube.ide.mcu.externaltools.gnu-tools-for-stm32.9-2020-q2-update.linux64_1.5.0.202011040924/tools/bin/../lib/gcc/arm-none-eabi/9.3.1/thumb/v7e-m+fp/softfp/libgcc.a(_arm_muldivdf3.o)
                0x00000000080006b8                __aeabi_dmul
                0x00000000080006b8                __muldf3
                0x000000000800090c                __aeabi_ddiv
                0x000000000800090c                __divdf3
 .text          0x0000000008000adc      0x110 /opt/st/stm32cubeide_1.6.1/plugins/com.st.stm32cube.ide.mcu.externaltools.gnu-tools-for-stm32.9-2020-q2-update.linux64_1.5.0.202011040924/tools/bin/../lib/gcc/arm-none-eabi/9.3.1/thumb/v7e-m+fp/softfp/libgcc.a(_arm_cmpdf2.o)
                0x0000000008000adc                __gtdf2
                0x0000000008000adc                __gedf2
                0x0000000008000ae4                __ltdf2
                0x0000000008000ae4                __ledf2
                0x0000000008000aec                __cmpdf2
                0x0000000008000aec                __eqdf2
                0x0000000008000aec                __nedf2
                0x0000000008000b68                __aeabi_cdrcmple
                0x0000000008000b78                __aeabi_cdcmple
                0x0000000008000b78                __aeabi_cdcmpeq
                0x0000000008000b88                __aeabi_dcmpeq
                0x0000000008000b9c                __aeabi_dcmplt
                0x0000000008000bb0                __aeabi_dcmple
                0x0000000008000bc4                __aeabi_dcmpge
                0x0000000008000bd8                __aeabi_dcmpgt
 .text          0x0000000008000bec       0x2c /opt/st/stm32cubeide_1.6.1/plugins/com.st.stm32cube.ide.mcu.externaltools.gnu-tools-for-stm32.9-2020-q2-update.linux64_1.5.0.202011040924/tools/bin/../lib/gcc/arm-none-eabi/9.3.1/thumb/v7e-m+fp/softfp/libgcc.a(_arm_unorddf2.o)
                0x0000000008000bec                __aeabi_dcmpun
                0x0000000008000bec                __unorddf2
 .text          0x0000000008000c18       0x50 /opt/st/stm32cubeide_1.6.1/plugins/com.st.stm32cube.ide.mcu.externaltools.gnu-tools-for-stm32.9-2020-q2-update.linux64_1.5.0.202011040924/tools/bin/../lib/gcc/arm-none-eabi/9.3.1/thumb/v7e-m+fp/softfp/libgcc.a(_arm_fixdfsi.o)
                0x0000000008000c18                __fixdfsi
                0x0000000008000c18                __aeabi_d2iz
 .text          0x0000000008000c68       0xa0 /opt/st/stm32cubeide_1.6.1/plugins/com.st.stm32cube.ide.mcu.externaltools.gnu-tools-for-stm32.9-2020-q2-update.linux64_1.5.0.202011040924/tools/bin/../lib/gcc/arm-none-eabi/9.3.1/thumb/v7e-m+fp/softfp/libgcc.a(_arm_truncdfsf2.o)
                0x0000000008000c68                __aeabi_d2f
                0x0000000008000c68                __truncdfsf2
 *(.text*)
 .text.ADE_SPI_Init
                0x0000000008000d08       0xe4 Devices/Src/ade7753.o
                0x0000000008000d08                ADE_SPI_Init
 .text.ZeroX_Init
                0x0000000008000dec       0x40 Devices/Src/ade7753.o
                0x0000000008000dec                ZeroX_Init
 .text.IRQ_Init
                0x0000000008000e2c       0x40 Devices/Src/ade7753.o
                0x0000000008000e2c                IRQ_Init
 .text.ADE_Init
                0x0000000008000e6c       0x18 Devices/Src/ade7753.o
                0x0000000008000e6c                ADE_Init
 .text.ADE_Reset
                0x0000000008000e84       0x3c Devices/Src/ade7753.o
                0x0000000008000e84                ADE_Reset
 .text.ADE_ReadData
                0x0000000008000ec0       0x68 Devices/Src/ade7753.o
                0x0000000008000ec0                ADE_ReadData
 .text.ADE_WriteData
                0x0000000008000f28       0x74 Devices/Src/ade7753.o
                0x0000000008000f28                ADE_WriteData
 .text.ADE_SetGain
                0x0000000008000f9c       0x32 Devices/Src/ade7753.o
                0x0000000008000f9c                ADE_SetGain
 *fill*         0x0000000008000fce        0x2 
 .text.DS1307_Init
                0x0000000008000fd0       0x90 Devices/Src/ds1307.o
                0x0000000008000fd0                DS1307_Init
 .text.DS1307_GetSeconds
                0x0000000008001060       0x20 Devices/Src/ds1307.o
                0x0000000008001060                DS1307_GetSeconds
 .text.DS1307_GetMinutes
                0x0000000008001080       0x20 Devices/Src/ds1307.o
                0x0000000008001080                DS1307_GetMinutes
 .text.DS1307_GetHours
                0x00000000080010a0       0x20 Devices/Src/ds1307.o
                0x00000000080010a0                DS1307_GetHours
 .text.DS1307_GetDay
                0x00000000080010c0       0x20 Devices/Src/ds1307.o
                0x00000000080010c0                DS1307_GetDay
 .text.DS1307_GetDate
                0x00000000080010e0       0x20 Devices/Src/ds1307.o
                0x00000000080010e0                DS1307_GetDate
 .text.DS1307_GetMonth
                0x0000000008001100       0x20 Devices/Src/ds1307.o
                0x0000000008001100                DS1307_GetMonth
 .text.DS1307_GetYear
                0x0000000008001120       0x20 Devices/Src/ds1307.o
                0x0000000008001120                DS1307_GetYear
 .text.DS1307_SetSeconds
                0x0000000008001140       0x38 Devices/Src/ds1307.o
                0x0000000008001140                DS1307_SetSeconds
 .text.DS1307_SetMinutes
                0x0000000008001178       0x38 Devices/Src/ds1307.o
                0x0000000008001178                DS1307_SetMinutes
 .text.DS1307_SetHours
                0x00000000080011b0       0x38 Devices/Src/ds1307.o
                0x00000000080011b0                DS1307_SetHours
 .text.DS1307_SetDay
                0x00000000080011e8       0x38 Devices/Src/ds1307.o
                0x00000000080011e8                DS1307_SetDay
 .text.DS1307_SetDate
                0x0000000008001220       0x38 Devices/Src/ds1307.o
                0x0000000008001220                DS1307_SetDate
 .text.DS1307_SetMonth
                0x0000000008001258       0x38 Devices/Src/ds1307.o
                0x0000000008001258                DS1307_SetMonth
 .text.DS1307_SetYear
                0x0000000008001290       0x38 Devices/Src/ds1307.o
                0x0000000008001290                DS1307_SetYear
 .text.DS1307_GetDateTime
                0x00000000080012c8       0x64 Devices/Src/ds1307.o
                0x00000000080012c8                DS1307_GetDateTime
 .text.DS1307_SetDateTime
                0x000000000800132c       0x56 Devices/Src/ds1307.o
                0x000000000800132c                DS1307_SetDateTime
 .text.DS1307_Bcd2Bin
                0x0000000008001382       0x32 Devices/Src/ds1307.o
                0x0000000008001382                DS1307_Bcd2Bin
 .text.DS1307_Bin2Bcd
                0x00000000080013b4       0x48 Devices/Src/ds1307.o
                0x00000000080013b4                DS1307_Bin2Bcd
 .text.DS1307_CheckMinMax
                0x00000000080013fc       0x38 Devices/Src/ds1307.o
                0x00000000080013fc                DS1307_CheckMinMax
 .text.KEYPAD_Init
                0x0000000008001434       0xe4 Devices/Src/keypad.o
                0x0000000008001434                KEYPAD_Init
 .text.KEYPAD_Read
                0x0000000008001518       0x18 Devices/Src/keypad.o
                0x0000000008001518                KEYPAD_Read
 .text.KEYPAD_INT_SetRow
                0x0000000008001530       0x90 Devices/Src/keypad.o
                0x0000000008001530                KEYPAD_INT_SetRow
 .text.KEYPAD_INT_CheckColumn
                0x00000000080015c0       0x9c Devices/Src/keypad.o
                0x00000000080015c0                KEYPAD_INT_CheckColumn
 .text.KEYPAD_INT_Read
                0x000000000800165c       0x84 Devices/Src/keypad.o
                0x000000000800165c                KEYPAD_INT_Read
 .text.KEYPAD_Hold_Button
                0x00000000080016e0       0x1e Devices/Src/keypad.o
                0x00000000080016e0                KEYPAD_Hold_Button
 *fill*         0x00000000080016fe        0x2 
 .text.KEYPAD_Update
                0x0000000008001700       0x18 Devices/Src/keypad.o
                0x0000000008001700                KEYPAD_Update
 .text.LCD5110_send
                0x0000000008001718       0x48 Devices/Src/lcd5110.o
                0x0000000008001718                LCD5110_send
 .text.LCD5110_Pin
                0x0000000008001760       0x68 Devices/Src/lcd5110.o
                0x0000000008001760                LCD5110_Pin
 .text.LCD5110_Delay
                0x00000000080017c8       0x2a Devices/Src/lcd5110.o
                0x00000000080017c8                LCD5110_Delay
 *fill*         0x00000000080017f2        0x2 
 .text.LCD5110_Init
                0x00000000080017f4      0x14c Devices/Src/lcd5110.o
                0x00000000080017f4                LCD5110_Init
 .text.LCD5110_Write
                0x0000000008001940       0x40 Devices/Src/lcd5110.o
                0x0000000008001940                LCD5110_Write
 .text.LCD5110_DrawPixel
                0x0000000008001980       0xbc Devices/Src/lcd5110.o
                0x0000000008001980                LCD5110_DrawPixel
 .text.LCD5110_Clear
                0x0000000008001a3c       0x4c Devices/Src/lcd5110.o
                0x0000000008001a3c                LCD5110_Clear
 .text.LCD5110_Home
                0x0000000008001a88       0x18 Devices/Src/lcd5110.o
                0x0000000008001a88                LCD5110_Home
 .text.LCD5110_Refresh
                0x0000000008001aa0       0xc4 Devices/Src/lcd5110.o
                0x0000000008001aa0                LCD5110_Refresh
 .text.LCD5110_UpdateArea
                0x0000000008001b64       0x78 Devices/Src/lcd5110.o
                0x0000000008001b64                LCD5110_UpdateArea
 .text.LCD5110_GotoXY
                0x0000000008001bdc       0x30 Devices/Src/lcd5110.o
                0x0000000008001bdc                LCD5110_GotoXY
 .text.LCD5110_Putc
                0x0000000008001c0c      0x154 Devices/Src/lcd5110.o
                0x0000000008001c0c                LCD5110_Putc
 .text.LCD5110_Puts
                0x0000000008001d60       0x36 Devices/Src/lcd5110.o
                0x0000000008001d60                LCD5110_Puts
 .text.vListInitialise
                0x0000000008001d96       0x40 FreeRTOS/list.o
                0x0000000008001d96                vListInitialise
 .text.vListInitialiseItem
                0x0000000008001dd6       0x1a FreeRTOS/list.o
                0x0000000008001dd6                vListInitialiseItem
 .text.vListInsertEnd
                0x0000000008001df0       0x48 FreeRTOS/list.o
                0x0000000008001df0                vListInsertEnd
 .text.vListInsert
                0x0000000008001e38       0x72 FreeRTOS/list.o
                0x0000000008001e38                vListInsert
 .text.uxListRemove
                0x0000000008001eaa       0x54 FreeRTOS/list.o
                0x0000000008001eaa                uxListRemove
 .text.xQueueGenericReset
                0x0000000008001efe       0xb6 FreeRTOS/queue.o
                0x0000000008001efe                xQueueGenericReset
 .text.xQueueGenericCreate
                0x0000000008001fb4       0xbe FreeRTOS/queue.o
                0x0000000008001fb4                xQueueGenericCreate
 .text.prvInitialiseNewQueue
                0x0000000008002072       0x52 FreeRTOS/queue.o
 .text.xQueueGenericSend
                0x00000000080020c4      0x21c FreeRTOS/queue.o
                0x00000000080020c4                xQueueGenericSend
 .text.xQueueGenericSendFromISR
                0x00000000080022e0      0x17c FreeRTOS/queue.o
                0x00000000080022e0                xQueueGenericSendFromISR
 .text.xQueueReceive
                0x000000000800245c      0x20c FreeRTOS/queue.o
                0x000000000800245c                xQueueReceive
 .text.prvCopyDataToQueue
                0x0000000008002668       0xd4 FreeRTOS/queue.o
 .text.prvCopyDataFromQueue
                0x000000000800273c       0x4c FreeRTOS/queue.o
 .text.prvUnlockQueue
                0x0000000008002788       0xa4 FreeRTOS/queue.o
 .text.prvIsQueueEmpty
                0x000000000800282c       0x2c FreeRTOS/queue.o
 .text.prvIsQueueFull
                0x0000000008002858       0x30 FreeRTOS/queue.o
 .text.vQueueAddToRegistry
                0x0000000008002888       0x64 FreeRTOS/queue.o
                0x0000000008002888                vQueueAddToRegistry
 .text.vQueueWaitForMessageRestricted
                0x00000000080028ec       0x68 FreeRTOS/queue.o
                0x00000000080028ec                vQueueWaitForMessageRestricted
 .text.xTaskCreate
                0x0000000008002954       0x82 FreeRTOS/tasks.o
                0x0000000008002954                xTaskCreate
 .text.prvInitialiseNewTask
                0x00000000080029d6      0x12c FreeRTOS/tasks.o
 *fill*         0x0000000008002b02        0x2 
 .text.prvAddNewTaskToReadyList
                0x0000000008002b04       0xfc FreeRTOS/tasks.o
 .text.vTaskDelay
                0x0000000008002c00       0x70 FreeRTOS/tasks.o
                0x0000000008002c00                vTaskDelay
 .text.vTaskStartScheduler
                0x0000000008002c70       0xcc FreeRTOS/tasks.o
                0x0000000008002c70                vTaskStartScheduler
 .text.vTaskSuspendAll
                0x0000000008002d3c       0x1c FreeRTOS/tasks.o
                0x0000000008002d3c                vTaskSuspendAll
 .text.xTaskResumeAll
                0x0000000008002d58      0x124 FreeRTOS/tasks.o
                0x0000000008002d58                xTaskResumeAll
 .text.xTaskGetTickCount
                0x0000000008002e7c       0x20 FreeRTOS/tasks.o
                0x0000000008002e7c                xTaskGetTickCount
 .text.xTaskIncrementTick
                0x0000000008002e9c      0x134 FreeRTOS/tasks.o
                0x0000000008002e9c                xTaskIncrementTick
 .text.vTaskSwitchContext
                0x0000000008002fd0       0xdc FreeRTOS/tasks.o
                0x0000000008002fd0                vTaskSwitchContext
 .text.vTaskPlaceOnEventList
                0x00000000080030ac       0x48 FreeRTOS/tasks.o
                0x00000000080030ac                vTaskPlaceOnEventList
 .text.vTaskPlaceOnEventListRestricted
                0x00000000080030f4       0x5c FreeRTOS/tasks.o
                0x00000000080030f4                vTaskPlaceOnEventListRestricted
 .text.xTaskRemoveFromEventList
                0x0000000008003150       0xcc FreeRTOS/tasks.o
                0x0000000008003150                xTaskRemoveFromEventList
 .text.vTaskInternalSetTimeOutState
                0x000000000800321c       0x2c FreeRTOS/tasks.o
                0x000000000800321c                vTaskInternalSetTimeOutState
 .text.xTaskCheckForTimeOut
                0x0000000008003248       0xcc FreeRTOS/tasks.o
                0x0000000008003248                xTaskCheckForTimeOut
 .text.vTaskMissedYield
                0x0000000008003314       0x18 FreeRTOS/tasks.o
                0x0000000008003314                vTaskMissedYield
 .text.prvIdleTask
                0x000000000800332c       0x24 FreeRTOS/tasks.o
 .text.prvInitialiseTaskLists
                0x0000000008003350       0x80 FreeRTOS/tasks.o
 .text.prvCheckTasksWaitingTermination
                0x00000000080033d0       0x5c FreeRTOS/tasks.o
 .text.prvDeleteTCB
                0x000000000800342c       0x20 FreeRTOS/tasks.o
 .text.prvResetNextTaskUnblockTime
                0x000000000800344c       0x38 FreeRTOS/tasks.o
 .text.xTaskGetSchedulerState
                0x0000000008003484       0x3c FreeRTOS/tasks.o
                0x0000000008003484                xTaskGetSchedulerState
 .text.xTaskPriorityDisinherit
                0x00000000080034c0      0x100 FreeRTOS/tasks.o
                0x00000000080034c0                xTaskPriorityDisinherit
 .text.prvAddCurrentTaskToDelayedList
                0x00000000080035c0       0xf0 FreeRTOS/tasks.o
 .text.xTimerCreateTimerTask
                0x00000000080036b0       0x64 FreeRTOS/timers.o
                0x00000000080036b0                xTimerCreateTimerTask
 .text.xTimerGenericCommand
                0x0000000008003714       0x9c FreeRTOS/timers.o
                0x0000000008003714                xTimerGenericCommand
 .text.prvProcessExpiredTimer
                0x00000000080037b0       0x98 FreeRTOS/timers.o
 .text.prvTimerTask
                0x0000000008003848       0x24 FreeRTOS/timers.o
 .text.prvProcessTimerOrBlockTask
                0x000000000800386c       0x9c FreeRTOS/timers.o
 .text.prvGetNextExpireTime
                0x0000000008003908       0x48 FreeRTOS/timers.o
 .text.prvSampleTimeNow
                0x0000000008003950       0x40 FreeRTOS/timers.o
 .text.prvInsertTimerInActiveList
                0x0000000008003990       0x84 FreeRTOS/timers.o
 .text.prvProcessReceivedCommands
                0x0000000008003a14      0x18c FreeRTOS/timers.o
 .text.prvSwitchTimerLists
                0x0000000008003ba0       0xc8 FreeRTOS/timers.o
 .text.prvCheckForValidListAndQueue
                0x0000000008003c68       0x6c FreeRTOS/timers.o
 .text.pxPortInitialiseStack
                0x0000000008003cd4       0x68 FreeRTOS/portable/GCC/ARM_CM4F/port.o
                0x0000000008003cd4                pxPortInitialiseStack
 .text.prvTaskExitError
                0x0000000008003d3c       0x58 FreeRTOS/portable/GCC/ARM_CM4F/port.o
 *fill*         0x0000000008003d94        0xc 
 .text.SVC_Handler
                0x0000000008003da0       0x28 FreeRTOS/portable/GCC/ARM_CM4F/port.o
                0x0000000008003da0                SVC_Handler
 .text.prvPortStartFirstTask
                0x0000000008003dc8       0x2c FreeRTOS/portable/GCC/ARM_CM4F/port.o
 .text.xPortStartScheduler
                0x0000000008003df4      0x144 FreeRTOS/portable/GCC/ARM_CM4F/port.o
                0x0000000008003df4                xPortStartScheduler
 .text.vPortEnterCritical
                0x0000000008003f38       0x60 FreeRTOS/portable/GCC/ARM_CM4F/port.o
                0x0000000008003f38                vPortEnterCritical
 .text.vPortExitCritical
                0x0000000008003f98       0x54 FreeRTOS/portable/GCC/ARM_CM4F/port.o
                0x0000000008003f98                vPortExitCritical
 *fill*         0x0000000008003fec        0x4 
 .text.PendSV_Handler
                0x0000000008003ff0       0x68 FreeRTOS/portable/GCC/ARM_CM4F/port.o
                0x0000000008003ff0                PendSV_Handler
 .text.SysTick_Handler
                0x0000000008004058       0x54 FreeRTOS/portable/GCC/ARM_CM4F/port.o
                0x0000000008004058                SysTick_Handler
 .text.vPortSetupTimerInterrupt
                0x00000000080040ac       0x48 FreeRTOS/portable/GCC/ARM_CM4F/port.o
                0x00000000080040ac                vPortSetupTimerInterrupt
 .text.vPortEnableVFP
                0x00000000080040f4       0x18 FreeRTOS/portable/GCC/ARM_CM4F/port.o
 .text.vPortValidateInterruptPriority
                0x000000000800410c       0x80 FreeRTOS/portable/GCC/ARM_CM4F/port.o
                0x000000000800410c                vPortValidateInterruptPriority
 .text.pvPortMalloc
                0x000000000800418c      0x1c0 FreeRTOS/portable/MemMang/heap_4.o
                0x000000000800418c                pvPortMalloc
 .text.vPortFree
                0x000000000800434c       0xc4 FreeRTOS/portable/MemMang/heap_4.o
                0x000000000800434c                vPortFree
 .text.prvHeapInit
                0x0000000008004410       0xc4 FreeRTOS/portable/MemMang/heap_4.o
 .text.prvInsertBlockIntoFreeList
                0x00000000080044d4       0xb4 FreeRTOS/portable/MemMang/heap_4.o
 .text.GPIO_PeriClockControl
                0x0000000008004588      0x10c Libraries/Src/stm32f407xx_gpio.o
                0x0000000008004588                GPIO_PeriClockControl
 .text.GPIO_Init
                0x0000000008004694      0x338 Libraries/Src/stm32f407xx_gpio.o
                0x0000000008004694                GPIO_Init
 .text.GPIO_ReadFromInputPin
                0x00000000080049cc       0x2c Libraries/Src/stm32f407xx_gpio.o
                0x00000000080049cc                GPIO_ReadFromInputPin
 .text.GPIO_WriteToOutputPin
                0x00000000080049f8       0x4a Libraries/Src/stm32f407xx_gpio.o
                0x00000000080049f8                GPIO_WriteToOutputPin
 *fill*         0x0000000008004a42        0x2 
 .text.GPIO_IRQInterruptConfig
                0x0000000008004a44      0x10c Libraries/Src/stm32f407xx_gpio.o
                0x0000000008004a44                GPIO_IRQInterruptConfig
 .text.GPIO_IRQPriorityConfig
                0x0000000008004b50       0x54 Libraries/Src/stm32f407xx_gpio.o
                0x0000000008004b50                GPIO_IRQPriorityConfig
 .text.I2C_PeripheralControl
                0x0000000008004ba4       0x38 Libraries/Src/stm32f407xx_i2c.o
                0x0000000008004ba4                I2C_PeripheralControl
 .text.I2C_PeriClockControl
                0x0000000008004bdc       0x70 Libraries/Src/stm32f407xx_i2c.o
                0x0000000008004bdc                I2C_PeriClockControl
 .text.I2C_Init
                0x0000000008004c4c      0x17c Libraries/Src/stm32f407xx_i2c.o
                0x0000000008004c4c                I2C_Init
 .text.I2C_Read
                0x0000000008004dc8       0x48 Libraries/Src/stm32f407xx_i2c.o
                0x0000000008004dc8                I2C_Read
 .text.I2C_Write
                0x0000000008004e10       0x48 Libraries/Src/stm32f407xx_i2c.o
                0x0000000008004e10                I2C_Write
 .text.I2C_IsDeviceConnected
                0x0000000008004e58       0x36 Libraries/Src/stm32f407xx_i2c.o
                0x0000000008004e58                I2C_IsDeviceConnected
 .text.I2C_Start
                0x0000000008004e8e       0xb2 Libraries/Src/stm32f407xx_i2c.o
                0x0000000008004e8e                I2C_Start
 .text.I2C_Stop
                0x0000000008004f40       0x52 Libraries/Src/stm32f407xx_i2c.o
                0x0000000008004f40                I2C_Stop
 .text.I2C_ReadNack
                0x0000000008004f92       0x56 Libraries/Src/stm32f407xx_i2c.o
                0x0000000008004f92                I2C_ReadNack
 .text.I2C_WriteData
                0x0000000008004fe8       0x42 Libraries/Src/stm32f407xx_i2c.o
                0x0000000008004fe8                I2C_WriteData
 *fill*         0x000000000800502a        0x2 
 .text.RCC_GetPCLK1Value
                0x000000000800502c       0xb0 Libraries/Src/stm32f407xx_rcc.o
                0x000000000800502c                RCC_GetPCLK1Value
 .text.RCC_GetPCLK2Value
                0x00000000080050dc       0xa0 Libraries/Src/stm32f407xx_rcc.o
                0x00000000080050dc                RCC_GetPCLK2Value
 .text.RCC_GetPLLOutputClock
                0x000000000800517c       0x10 Libraries/Src/stm32f407xx_rcc.o
                0x000000000800517c                RCC_GetPLLOutputClock
 .text.SPI_PeriClockControl
                0x000000000800518c       0x70 Libraries/Src/stm32f407xx_spi.o
                0x000000000800518c                SPI_PeriClockControl
 .text.SPI_Init
                0x00000000080051fc       0xb6 Libraries/Src/stm32f407xx_spi.o
                0x00000000080051fc                SPI_Init
 .text.SPI_Transfer
                0x00000000080052b2       0x56 Libraries/Src/stm32f407xx_spi.o
                0x00000000080052b2                SPI_Transfer
 .text.SPI_PeripheralControl
                0x0000000008005308       0x38 Libraries/Src/stm32f407xx_spi.o
                0x0000000008005308                SPI_PeripheralControl
 .text.SPI_SSOEConfig
                0x0000000008005340       0x38 Libraries/Src/stm32f407xx_spi.o
                0x0000000008005340                SPI_SSOEConfig
 .text.USART_SetBaudRate
                0x0000000008005378       0xe4 Libraries/Src/stm32f407xx_usart.o
                0x0000000008005378                USART_SetBaudRate
 .text.USART_Init
                0x000000000800545c      0x106 Libraries/Src/stm32f407xx_usart.o
                0x000000000800545c                USART_Init
 .text.USART_PeripheralControl
                0x0000000008005562       0x38 Libraries/Src/stm32f407xx_usart.o
                0x0000000008005562                USART_PeripheralControl
 *fill*         0x000000000800559a        0x2 
 .text.USART_PeriClockControl
                0x000000000800559c       0x88 Libraries/Src/stm32f407xx_usart.o
                0x000000000800559c                USART_PeriClockControl
 .text.USART_GetFlagStatus
                0x0000000008005624       0x2a Libraries/Src/stm32f407xx_usart.o
                0x0000000008005624                USART_GetFlagStatus
 .text.USART_SendData
                0x000000000800564e       0x9c Libraries/Src/stm32f407xx_usart.o
                0x000000000800564e                USART_SendData
 *fill*         0x00000000080056ea        0x2 
 .text.SYSVIEW_AddTask
                0x00000000080056ec       0xd0 SEGGER/OS/SEGGER_SYSVIEW_FreeRTOS.o
                0x00000000080056ec                SYSVIEW_AddTask
 .text.SYSVIEW_SendTaskInfo
                0x00000000080057bc       0x42 SEGGER/OS/SEGGER_SYSVIEW_FreeRTOS.o
                0x00000000080057bc                SYSVIEW_SendTaskInfo
 *fill*         0x00000000080057fe        0x2 
 .text._DoInit  0x0000000008005800       0xb0 SEGGER/SEGGER/SEGGER_RTT.o
 .text._WriteBlocking
                0x00000000080058b0       0xba SEGGER/SEGGER/SEGGER_RTT.o
 .text._WriteNoCheck
                0x000000000800596a       0x90 SEGGER/SEGGER/SEGGER_RTT.o
 .text._GetAvailWriteSpace
                0x00000000080059fa       0x46 SEGGER/SEGGER/SEGGER_RTT.o
 .text.SEGGER_RTT_ReadNoLock
                0x0000000008005a40      0x10c SEGGER/SEGGER/SEGGER_RTT.o
                0x0000000008005a40                SEGGER_RTT_ReadNoLock
 .text.SEGGER_RTT_WriteNoLock
                0x0000000008005b4c       0xa0 SEGGER/SEGGER/SEGGER_RTT.o
                0x0000000008005b4c                SEGGER_RTT_WriteNoLock
 .text.SEGGER_RTT_Write
                0x0000000008005bec       0x4c SEGGER/SEGGER/SEGGER_RTT.o
                0x0000000008005bec                SEGGER_RTT_Write
 .text._EncodeStr
                0x0000000008005c38       0xa0 SEGGER/SEGGER/SEGGER_SYSVIEW.o
 .text._PreparePacket
                0x0000000008005cd8       0x18 SEGGER/SEGGER/SEGGER_SYSVIEW.o
 .text._HandleIncomingPacket
                0x0000000008005cf0       0xe4 SEGGER/SEGGER/SEGGER_SYSVIEW.o
 .text._TrySendOverflowPacket
                0x0000000008005dd4       0xe8 SEGGER/SEGGER/SEGGER_SYSVIEW.o
 .text._SendPacket
                0x0000000008005ebc      0x1d0 SEGGER/SEGGER/SEGGER_SYSVIEW.o
 .text.SEGGER_SYSVIEW_RecordVoid
                0x000000000800608c       0x3c SEGGER/SEGGER/SEGGER_SYSVIEW.o
                0x000000000800608c                SEGGER_SYSVIEW_RecordVoid
 .text.SEGGER_SYSVIEW_RecordU32
                0x00000000080060c8       0x78 SEGGER/SEGGER/SEGGER_SYSVIEW.o
                0x00000000080060c8                SEGGER_SYSVIEW_RecordU32
 .text.SEGGER_SYSVIEW_RecordU32x2
                0x0000000008006140       0xb4 SEGGER/SEGGER/SEGGER_SYSVIEW.o
                0x0000000008006140                SEGGER_SYSVIEW_RecordU32x2
 .text.SEGGER_SYSVIEW_RecordU32x3
                0x00000000080061f4       0xec SEGGER/SEGGER/SEGGER_SYSVIEW.o
                0x00000000080061f4                SEGGER_SYSVIEW_RecordU32x3
 .text.SEGGER_SYSVIEW_RecordU32x4
                0x00000000080062e0      0x124 SEGGER/SEGGER/SEGGER_SYSVIEW.o
                0x00000000080062e0                SEGGER_SYSVIEW_RecordU32x4
 .text.SEGGER_SYSVIEW_Start
                0x0000000008006404      0x178 SEGGER/SEGGER/SEGGER_SYSVIEW.o
                0x0000000008006404                SEGGER_SYSVIEW_Start
 .text.SEGGER_SYSVIEW_Stop
                0x000000000800657c       0x4c SEGGER/SEGGER/SEGGER_SYSVIEW.o
                0x000000000800657c                SEGGER_SYSVIEW_Stop
 .text.SEGGER_SYSVIEW_GetSysDesc
                0x00000000080065c8      0x134 SEGGER/SEGGER/SEGGER_SYSVIEW.o
                0x00000000080065c8                SEGGER_SYSVIEW_GetSysDesc
 .text.SEGGER_SYSVIEW_SendTaskInfo
                0x00000000080066fc      0x1c8 SEGGER/SEGGER/SEGGER_SYSVIEW.o
                0x00000000080066fc                SEGGER_SYSVIEW_SendTaskInfo
 .text.SEGGER_SYSVIEW_SendTaskList
                0x00000000080068c4       0x28 SEGGER/SEGGER/SEGGER_SYSVIEW.o
                0x00000000080068c4                SEGGER_SYSVIEW_SendTaskList
 .text.SEGGER_SYSVIEW_RecordSystime
                0x00000000080068ec       0x64 SEGGER/SEGGER/SEGGER_SYSVIEW.o
                0x00000000080068ec                SEGGER_SYSVIEW_RecordSystime
 .text.SEGGER_SYSVIEW_RecordEnterISR
                0x0000000008006950       0x84 SEGGER/SEGGER/SEGGER_SYSVIEW.o
                0x0000000008006950                SEGGER_SYSVIEW_RecordEnterISR
 .text.SEGGER_SYSVIEW_RecordExitISR
                0x00000000080069d4       0x38 SEGGER/SEGGER/SEGGER_SYSVIEW.o
                0x00000000080069d4                SEGGER_SYSVIEW_RecordExitISR
 .text.SEGGER_SYSVIEW_RecordExitISRToScheduler
                0x0000000008006a0c       0x38 SEGGER/SEGGER/SEGGER_SYSVIEW.o
                0x0000000008006a0c                SEGGER_SYSVIEW_RecordExitISRToScheduler
 .text.SEGGER_SYSVIEW_OnIdle
                0x0000000008006a44       0x38 SEGGER/SEGGER/SEGGER_SYSVIEW.o
                0x0000000008006a44                SEGGER_SYSVIEW_OnIdle
 .text.SEGGER_SYSVIEW_OnTaskCreate
                0x0000000008006a7c       0x84 SEGGER/SEGGER/SEGGER_SYSVIEW.o
                0x0000000008006a7c                SEGGER_SYSVIEW_OnTaskCreate
 .text.SEGGER_SYSVIEW_OnTaskStartExec
                0x0000000008006b00       0x84 SEGGER/SEGGER/SEGGER_SYSVIEW.o
                0x0000000008006b00                SEGGER_SYSVIEW_OnTaskStartExec
 .text.SEGGER_SYSVIEW_OnTaskStartReady
                0x0000000008006b84       0x84 SEGGER/SEGGER/SEGGER_SYSVIEW.o
                0x0000000008006b84                SEGGER_SYSVIEW_OnTaskStartReady
 .text.SEGGER_SYSVIEW_OnTaskStopReady
                0x0000000008006c08       0xc0 SEGGER/SEGGER/SEGGER_SYSVIEW.o
                0x0000000008006c08                SEGGER_SYSVIEW_OnTaskStopReady
 .text.SEGGER_SYSVIEW_ShrinkId
                0x0000000008006cc8       0x20 SEGGER/SEGGER/SEGGER_SYSVIEW.o
                0x0000000008006cc8                SEGGER_SYSVIEW_ShrinkId
 .text.SEGGER_SYSVIEW_SendModule
                0x0000000008006ce8      0x100 SEGGER/SEGGER/SEGGER_SYSVIEW.o
                0x0000000008006ce8                SEGGER_SYSVIEW_SendModule
 .text.SEGGER_SYSVIEW_SendModuleDescription
                0x0000000008006de8       0x3c SEGGER/SEGGER/SEGGER_SYSVIEW.o
                0x0000000008006de8                SEGGER_SYSVIEW_SendModuleDescription
 .text.SEGGER_SYSVIEW_SendNumModules
                0x0000000008006e24       0x7c SEGGER/SEGGER/SEGGER_SYSVIEW.o
                0x0000000008006e24                SEGGER_SYSVIEW_SendNumModules
 .text.SEGGER_SYSVIEW_Warn
                0x0000000008006ea0       0xb8 SEGGER/SEGGER/SEGGER_SYSVIEW.o
                0x0000000008006ea0                SEGGER_SYSVIEW_Warn
 .text._write_r
                0x0000000008006f58       0x22 SEGGER/SEGGER/Syscalls/SEGGER_RTT_Syscalls_GCC.o
                0x0000000008006f58                _write_r
 *fill*         0x0000000008006f7a        0x2 
 .text.USART2_IRQHandler
                0x0000000008006f7c       0x94 SEGGER/segger_uart.o
                0x0000000008006f7c                USART2_IRQHandler
 .text.HIF_UART_EnableTXEInterrupt
                0x0000000008007010       0x20 SEGGER/segger_uart.o
                0x0000000008007010                HIF_UART_EnableTXEInterrupt
 .text.ade_signed_value
                0x0000000008007030       0x5c Src/ade_value_scale.o
                0x0000000008007030                ade_signed_value
 *fill*         0x000000000800708c        0x4 
 .text.ade_scale_vrms
                0x0000000008007090       0x48 Src/ade_value_scale.o
                0x0000000008007090                ade_scale_vrms
 .text.ade_scale_irms
                0x00000000080070d8       0x48 Src/ade_value_scale.o
                0x00000000080070d8                ade_scale_irms
 .text.ade_scale_power
                0x0000000008007120       0x54 Src/ade_value_scale.o
                0x0000000008007120                ade_scale_power
 *fill*         0x0000000008007174        0x4 
 .text.ade_scale_reactive_power
                0x0000000008007178       0x54 Src/ade_value_scale.o
                0x0000000008007178                ade_scale_reactive_power
 .text.ade_get_apparant_power
                0x00000000080071cc       0x4c Src/ade_value_scale.o
                0x00000000080071cc                ade_get_apparant_power
 .text.ade_get_power_factor
                0x0000000008007218       0x44 Src/ade_value_scale.o
                0x0000000008007218                ade_get_power_factor
 *fill*         0x000000000800725c        0x4 
 .text.ade_accumulate_scale_energy
                0x0000000008007260       0x74 Src/ade_value_scale.o
                0x0000000008007260                ade_accumulate_scale_energy
 .text.reset_energy
                0x00000000080072d4       0x1c Src/ade_value_scale.o
                0x00000000080072d4                reset_energy
 .text.rescale_hex_to_user_pkv
                0x00000000080072f0       0x50 Src/ade_value_scale.o
                0x00000000080072f0                rescale_hex_to_user_pkv
 .text.rescale_hex_to_user_pki
                0x0000000008007340       0x50 Src/ade_value_scale.o
                0x0000000008007340                rescale_hex_to_user_pki
 .text.rescale_hex_to_user_sag
                0x0000000008007390       0x50 Src/ade_value_scale.o
                0x0000000008007390                rescale_hex_to_user_sag
 .text.rescale_user_pkv_to_hex
                0x00000000080073e0       0x50 Src/ade_value_scale.o
                0x00000000080073e0                rescale_user_pkv_to_hex
 .text.u8_from_float
                0x0000000008007430       0x46 Src/ade_value_scale.o
                0x0000000008007430                u8_from_float
 .text.u8_from_u32
                0x0000000008007476       0x42 Src/ade_value_scale.o
                0x0000000008007476                u8_from_u32
 .text.fletcher_checksum
                0x00000000080074b8       0xa8 Src/ade_value_scale.o
                0x00000000080074b8                fletcher_checksum
 .text.ade_data_to_frame_uart_send
                0x0000000008007560      0x168 Src/ade_value_scale.o
                0x0000000008007560                ade_data_to_frame_uart_send
 .text.lcd_puts_xy
                0x00000000080076c8       0x36 Src/lcd_control.o
                0x00000000080076c8                lcd_puts_xy
 *fill*         0x00000000080076fe        0x2 
 .text.range_scale
                0x0000000008007700      0x15c Src/lcd_control.o
                0x0000000008007700                range_scale
 .text.lcd_screen_1_refresh
                0x000000000800785c      0x16c Src/lcd_control.o
                0x000000000800785c                lcd_screen_1_refresh
 .text.lcd_screen_2_refresh
                0x00000000080079c8      0x180 Src/lcd_control.o
                0x00000000080079c8                lcd_screen_2_refresh
 .text.lcd_screen_3_refresh
                0x0000000008007b48      0x118 Src/lcd_control.o
                0x0000000008007b48                lcd_screen_3_refresh
 .text.lcd_screen_4_refresh
                0x0000000008007c60      0x5ac Src/lcd_control.o
                0x0000000008007c60                lcd_screen_4_refresh
 .text.lcd_screen_refresh
                0x000000000800820c       0x4c Src/lcd_control.o
                0x000000000800820c                lcd_screen_refresh
 .text.lcd_screen_1_data_update
                0x0000000008008258       0x28 Src/lcd_control.o
                0x0000000008008258                lcd_screen_1_data_update
 .text.lcd_screen_2_data_update
                0x0000000008008280       0x28 Src/lcd_control.o
                0x0000000008008280                lcd_screen_2_data_update
 .text.lcd_screen_3_data_update
                0x00000000080082a8       0x28 Src/lcd_control.o
                0x00000000080082a8                lcd_screen_3_data_update
 .text.lcd_screen_4_data_update
                0x00000000080082d0       0x28 Src/lcd_control.o
                0x00000000080082d0                lcd_screen_4_data_update
 .text.lcd_screen_1_clear
                0x00000000080082f8       0x18 Src/lcd_control.o
                0x00000000080082f8                lcd_screen_1_clear
 .text.lcd_screen_2_clear
                0x0000000008008310       0x18 Src/lcd_control.o
                0x0000000008008310                lcd_screen_2_clear
 .text.lcd_screen_3_clear
                0x0000000008008328       0x20 Src/lcd_control.o
                0x0000000008008328                lcd_screen_3_clear
 .text.lcd_screen_4_clear
                0x0000000008008348       0x3c Src/lcd_control.o
                0x0000000008008348                lcd_screen_4_clear
 .text.lcd_screen_3_switch_mode
                0x0000000008008384       0x20 Src/lcd_control.o
                0x0000000008008384                lcd_screen_3_switch_mode
 .text.lcd_screen_4_rtc_update
                0x00000000080083a4       0x30 Src/lcd_control.o
                0x00000000080083a4                lcd_screen_4_rtc_update
 .text.lcd_screen_4_switch_mode
                0x00000000080083d4       0x90 Src/lcd_control.o
                0x00000000080083d4                lcd_screen_4_switch_mode
 .text.lcd_screen_4_mode
                0x0000000008008464       0x18 Src/lcd_control.o
                0x0000000008008464                lcd_screen_4_mode
 .text.lcd_screen_4_config_option
                0x000000000800847c       0x18 Src/lcd_control.o
                0x000000000800847c                lcd_screen_4_config_option
 .text.lcd_screen_4_config_item
                0x0000000008008494       0x18 Src/lcd_control.o
                0x0000000008008494                lcd_screen_4_config_item
 .text.lcd_screen_4_next_config_option
                0x00000000080084ac       0x20 Src/lcd_control.o
                0x00000000080084ac                lcd_screen_4_next_config_option
 .text.lcd_screen_4_next_config_item
                0x00000000080084cc       0x5c Src/lcd_control.o
                0x00000000080084cc                lcd_screen_4_next_config_item
 .text.lcd_screen_4_config_select
                0x0000000008008528       0xa8 Src/lcd_control.o
                0x0000000008008528                lcd_screen_4_config_select
 .text.lcd_screen_4_next_interval_set
                0x00000000080085d0       0x54 Src/lcd_control.o
                0x00000000080085d0                lcd_screen_4_next_interval_set
 .text.lcd_screen_4_commit_rtc
                0x0000000008008624       0x28 Src/lcd_control.o
                0x0000000008008624                lcd_screen_4_commit_rtc
 .text.lcd_screen_4_commit_parameters
                0x000000000800864c       0x34 Src/lcd_control.o
                0x000000000800864c                lcd_screen_4_commit_parameters
 .text.lcd_enter_datetime_value
                0x0000000008008680      0x128 Src/lcd_control.o
                0x0000000008008680                lcd_enter_datetime_value
 .text.lcd_enter_params_value
                0x00000000080087a8      0x118 Src/lcd_control.o
                0x00000000080087a8                lcd_enter_params_value
 .text.lcd_is_busy
                0x00000000080088c0       0x34 Src/lcd_control.o
                0x00000000080088c0                lcd_is_busy
 .text.main     0x00000000080088f4      0x110 Src/main.o
                0x00000000080088f4                main
 .text.lcd_handler
                0x0000000008008a04      0x3d4 Src/main.o
                0x0000000008008a04                lcd_handler
 .text.ade_handler
                0x0000000008008dd8      0x2f0 Src/main.o
                0x0000000008008dd8                ade_handler
 .text.keypad_handler
                0x00000000080090c8       0xd8 Src/main.o
                0x00000000080090c8                keypad_handler
 .text.rtc_handler
                0x00000000080091a0      0x158 Src/main.o
                0x00000000080091a0                rtc_handler
 .text.usart_handler
                0x00000000080092f8      0x104 Src/main.o
                0x00000000080092f8                usart_handler
 .text.led_handler
                0x00000000080093fc      0x168 Src/main.o
                0x00000000080093fc                led_handler
 .text.EXTI15_10_IRQHandler
                0x0000000008009564       0x8c Src/main.o
                0x0000000008009564                EXTI15_10_IRQHandler
 .text._getpid  0x00000000080095f0       0x10 Src/syscalls.o
                0x00000000080095f0                _getpid
 .text._kill    0x0000000008009600       0x20 Src/syscalls.o
                0x0000000008009600                _kill
 .text._exit    0x0000000008009620       0x14 Src/syscalls.o
                0x0000000008009620                _exit
 .text._read    0x0000000008009634       0x3a Src/syscalls.o
                0x0000000008009634                _read
 .text._close   0x000000000800966e       0x18 Src/syscalls.o
                0x000000000800966e                _close
 .text._fstat   0x0000000008009686       0x20 Src/syscalls.o
                0x0000000008009686                _fstat
 .text._isatty  0x00000000080096a6       0x16 Src/syscalls.o
                0x00000000080096a6                _isatty
 .text._lseek   0x00000000080096bc       0x1a Src/syscalls.o
                0x00000000080096bc                _lseek
 *fill*         0x00000000080096d6        0x2 
 .text._sbrk    0x00000000080096d8       0x6c Src/sysmem.o
                0x00000000080096d8                _sbrk
 .text.Reset_Handler
                0x0000000008009744       0x50 Startup/startup_stm32f407vgtx.o
                0x0000000008009744                Reset_Handler
 .text.Default_Handler
                0x0000000008009794        0x2 Startup/startup_stm32f407vgtx.o
                0x0000000008009794                RTC_Alarm_IRQHandler
                0x0000000008009794                HASH_RNG_IRQHandler
                0x0000000008009794                EXTI2_IRQHandler
                0x0000000008009794                TIM8_CC_IRQHandler
                0x0000000008009794                DebugMon_Handler
                0x0000000008009794                TIM1_CC_IRQHandler
                0x0000000008009794                DMA2_Stream5_IRQHandler
                0x0000000008009794                HardFault_Handler
                0x0000000008009794                DMA1_Stream5_IRQHandler
                0x0000000008009794                PVD_IRQHandler
                0x0000000008009794                SDIO_IRQHandler
                0x0000000008009794                TAMP_STAMP_IRQHandler
                0x0000000008009794                NMI_Handler
                0x0000000008009794                CAN2_RX1_IRQHandler
                0x0000000008009794                EXTI3_IRQHandler
                0x0000000008009794                TIM8_TRG_COM_TIM14_IRQHandler
                0x0000000008009794                TIM1_UP_TIM10_IRQHandler
                0x0000000008009794                TIM8_UP_TIM13_IRQHandler
                0x0000000008009794                I2C3_ER_IRQHandler
                0x0000000008009794                LCD_TFT_IRQHandler
                0x0000000008009794                EXTI0_IRQHandler
                0x0000000008009794                I2C2_EV_IRQHandler
                0x0000000008009794                DMA1_Stream2_IRQHandler
                0x0000000008009794                CAN1_RX0_IRQHandler
                0x0000000008009794                FPU_IRQHandler
                0x0000000008009794                OTG_HS_WKUP_IRQHandler
                0x0000000008009794                UsageFault_Handler
                0x0000000008009794                CAN2_SCE_IRQHandler
                0x0000000008009794                DMA2_Stream2_IRQHandler
                0x0000000008009794                SPI1_IRQHandler
                0x0000000008009794                TIM6_DAC_IRQHandler
                0x0000000008009794                TIM1_BRK_TIM9_IRQHandler
                0x0000000008009794                DCMI_IRQHandler
                0x0000000008009794                CAN2_RX0_IRQHandler
                0x0000000008009794                DMA2_Stream3_IRQHandler
                0x0000000008009794                USART6_IRQHandler
                0x0000000008009794                USART3_IRQHandler
                0x0000000008009794                CRYP_IRQHandler
                0x0000000008009794                CAN1_RX1_IRQHandler
                0x0000000008009794                UART5_IRQHandler
                0x0000000008009794                DMA2_Stream0_IRQHandler
                0x0000000008009794                TIM4_IRQHandler
                0x0000000008009794                I2C1_EV_IRQHandler
                0x0000000008009794                DMA1_Stream6_IRQHandler
                0x0000000008009794                DMA1_Stream1_IRQHandler
                0x0000000008009794                UART4_IRQHandler
                0x0000000008009794                LCD_TFT_1_IRQHandler
                0x0000000008009794                TIM3_IRQHandler
                0x0000000008009794                RCC_IRQHandler
                0x0000000008009794                TIM8_BRK_TIM12_IRQHandler
                0x0000000008009794                Default_Handler
                0x0000000008009794                ADC_IRQHandler
                0x0000000008009794                DMA1_Stream7_IRQHandler
                0x0000000008009794                TIM7_IRQHandler
                0x0000000008009794                CAN2_TX_IRQHandler
                0x0000000008009794                TIM5_IRQHandler
                0x0000000008009794                DMA2_Stream7_IRQHandler
                0x0000000008009794                I2C3_EV_IRQHandler
                0x0000000008009794                EXTI9_5_IRQHandler
                0x0000000008009794                RTC_WKUP_IRQHandler
                0x0000000008009794                ETH_WKUP_IRQHandler
                0x0000000008009794                SPI2_IRQHandler
                0x0000000008009794                OTG_HS_EP1_IN_IRQHandler
                0x0000000008009794                MemManage_Handler
                0x0000000008009794                DMA1_Stream0_IRQHandler
                0x0000000008009794                CAN1_TX_IRQHandler
                0x0000000008009794                EXTI4_IRQHandler
                0x0000000008009794                FSMC_IRQHandler
                0x0000000008009794                ETH_IRQHandler
                0x0000000008009794                OTG_HS_EP1_OUT_IRQHandler
                0x0000000008009794                WWDG_IRQHandler
                0x0000000008009794                TIM2_IRQHandler
                0x0000000008009794                OTG_FS_WKUP_IRQHandler
                0x0000000008009794                TIM1_TRG_COM_TIM11_IRQHandler
                0x0000000008009794                OTG_HS_IRQHandler
                0x0000000008009794                EXTI1_IRQHandler
                0x0000000008009794                I2C2_ER_IRQHandler
                0x0000000008009794                DMA2_Stream1_IRQHandler
                0x0000000008009794                CAN1_SCE_IRQHandler
                0x0000000008009794                DMA2_Stream4_IRQHandler
                0x0000000008009794                BusFault_Handler
                0x0000000008009794                USART1_IRQHandler
                0x0000000008009794                OTG_FS_IRQHandler
                0x0000000008009794                SPI3_IRQHandler
                0x0000000008009794                DMA1_Stream4_IRQHandler
                0x0000000008009794                I2C1_ER_IRQHandler
                0x0000000008009794                DMA2_Stream6_IRQHandler
                0x0000000008009794                DMA1_Stream3_IRQHandler
 *fill*         0x0000000008009796        0x2 
 .text.__errno  0x0000000008009798        0xc /opt/st/stm32cubeide_1.6.1/plugins/com.st.stm32cube.ide.mcu.externaltools.gnu-tools-for-stm32.9-2020-q2-update.linux64_1.5.0.202011040924/tools/bin/../lib/gcc/arm-none-eabi/9.3.1/../../../../arm-none-eabi/lib/thumb/v7e-m+fp/softfp/libc_nano.a(lib_a-errno.o)
                0x0000000008009798                __errno
 .text.__libc_init_array
                0x00000000080097a4       0x48 /opt/st/stm32cubeide_1.6.1/plugins/com.st.stm32cube.ide.mcu.externaltools.gnu-tools-for-stm32.9-2020-q2-update.linux64_1.5.0.202011040924/tools/bin/../lib/gcc/arm-none-eabi/9.3.1/../../../../arm-none-eabi/lib/thumb/v7e-m+fp/softfp/libc_nano.a(lib_a-init.o)
                0x00000000080097a4                __libc_init_array
 .text.malloc   0x00000000080097ec       0x10 /opt/st/stm32cubeide_1.6.1/plugins/com.st.stm32cube.ide.mcu.externaltools.gnu-tools-for-stm32.9-2020-q2-update.linux64_1.5.0.202011040924/tools/bin/../lib/gcc/arm-none-eabi/9.3.1/../../../../arm-none-eabi/lib/thumb/v7e-m+fp/softfp/libc_nano.a(lib_a-malloc.o)
                0x00000000080097ec                malloc
 .text.memcmp   0x00000000080097fc       0x1c /opt/st/stm32cubeide_1.6.1/plugins/com.st.stm32cube.ide.mcu.externaltools.gnu-tools-for-stm32.9-2020-q2-update.linux64_1.5.0.202011040924/tools/bin/../lib/gcc/arm-none-eabi/9.3.1/../../../../arm-none-eabi/lib/thumb/v7e-m+fp/softfp/libc_nano.a(lib_a-memcmp.o)
                0x00000000080097fc                memcmp
 .text.memcpy   0x0000000008009818       0x1c /opt/st/stm32cubeide_1.6.1/plugins/com.st.stm32cube.ide.mcu.externaltools.gnu-tools-for-stm32.9-2020-q2-update.linux64_1.5.0.202011040924/tools/bin/../lib/gcc/arm-none-eabi/9.3.1/../../../../arm-none-eabi/lib/thumb/v7e-m+fp/softfp/libc_nano.a(lib_a-memcpy-stub.o)
                0x0000000008009818                memcpy
 .text.memset   0x0000000008009834       0x10 /opt/st/stm32cubeide_1.6.1/plugins/com.st.stm32cube.ide.mcu.externaltools.gnu-tools-for-stm32.9-2020-q2-update.linux64_1.5.0.202011040924/tools/bin/../lib/gcc/arm-none-eabi/9.3.1/../../../../arm-none-eabi/lib/thumb/v7e-m+fp/softfp/libc_nano.a(lib_a-memset.o)
                0x0000000008009834                memset
 .text._free_r  0x0000000008009844       0xa0 /opt/st/stm32cubeide_1.6.1/plugins/com.st.stm32cube.ide.mcu.externaltools.gnu-tools-for-stm32.9-2020-q2-update.linux64_1.5.0.202011040924/tools/bin/../lib/gcc/arm-none-eabi/9.3.1/../../../../arm-none-eabi/lib/thumb/v7e-m+fp/softfp/libc_nano.a(lib_a-nano-freer.o)
                0x0000000008009844                _free_r
 .text._malloc_r
                0x00000000080098e4       0xb4 /opt/st/stm32cubeide_1.6.1/plugins/com.st.stm32cube.ide.mcu.externaltools.gnu-tools-for-stm32.9-2020-q2-update.linux64_1.5.0.202011040924/tools/bin/../lib/gcc/arm-none-eabi/9.3.1/../../../../arm-none-eabi/lib/thumb/v7e-m+fp/softfp/libc_nano.a(lib_a-nano-mallocr.o)
                0x00000000080098e4                _malloc_r
 .text.__cvt    0x0000000008009998       0xc2 /opt/st/stm32cubeide_1.6.1/plugins/com.st.stm32cube.ide.mcu.externaltools.gnu-tools-for-stm32.9-2020-q2-update.linux64_1.5.0.202011040924/tools/bin/../lib/gcc/arm-none-eabi/9.3.1/../../../../arm-none-eabi/lib/thumb/v7e-m+fp/softfp/libc_nano.a(lib_a-nano-vfprintf_float.o)
                0x0000000008009998                __cvt
 .text.__exponent
                0x0000000008009a5a       0x7c /opt/st/stm32cubeide_1.6.1/plugins/com.st.stm32cube.ide.mcu.externaltools.gnu-tools-for-stm32.9-2020-q2-update.linux64_1.5.0.202011040924/tools/bin/../lib/gcc/arm-none-eabi/9.3.1/../../../../arm-none-eabi/lib/thumb/v7e-m+fp/softfp/libc_nano.a(lib_a-nano-vfprintf_float.o)
                0x0000000008009a5a                __exponent
 *fill*         0x0000000008009ad6        0x2 
 .text._printf_float
                0x0000000008009ad8      0x470 /opt/st/stm32cubeide_1.6.1/plugins/com.st.stm32cube.ide.mcu.externaltools.gnu-tools-for-stm32.9-2020-q2-update.linux64_1.5.0.202011040924/tools/bin/../lib/gcc/arm-none-eabi/9.3.1/../../../../arm-none-eabi/lib/thumb/v7e-m+fp/softfp/libc_nano.a(lib_a-nano-vfprintf_float.o)
                0x0000000008009ad8                _printf_float
 .text._printf_common
                0x0000000008009f48       0xda /opt/st/stm32cubeide_1.6.1/plugins/com.st.stm32cube.ide.mcu.externaltools.gnu-tools-for-stm32.9-2020-q2-update.linux64_1.5.0.202011040924/tools/bin/../lib/gcc/arm-none-eabi/9.3.1/../../../../arm-none-eabi/lib/thumb/v7e-m+fp/softfp/libc_nano.a(lib_a-nano-vfprintf_i.o)
                0x0000000008009f48                _printf_common
 *fill*         0x000000000800a022        0x2 
 .text._printf_i
                0x000000000800a024      0x24c /opt/st/stm32cubeide_1.6.1/plugins/com.st.stm32cube.ide.mcu.externaltools.gnu-tools-for-stm32.9-2020-q2-update.linux64_1.5.0.202011040924/tools/bin/../lib/gcc/arm-none-eabi/9.3.1/../../../../arm-none-eabi/lib/thumb/v7e-m+fp/softfp/libc_nano.a(lib_a-nano-vfprintf_i.o)
                0x000000000800a024                _printf_i
 .text._sbrk_r  0x000000000800a270       0x20 /opt/st/stm32cubeide_1.6.1/plugins/com.st.stm32cube.ide.mcu.externaltools.gnu-tools-for-stm32.9-2020-q2-update.linux64_1.5.0.202011040924/tools/bin/../lib/gcc/arm-none-eabi/9.3.1/../../../../arm-none-eabi/lib/thumb/v7e-m+fp/softfp/libc_nano.a(lib_a-sbrkr.o)
                0x000000000800a270                _sbrk_r
 .text.sprintf  0x000000000800a290       0x40 /opt/st/stm32cubeide_1.6.1/plugins/com.st.stm32cube.ide.mcu.externaltools.gnu-tools-for-stm32.9-2020-q2-update.linux64_1.5.0.202011040924/tools/bin/../lib/gcc/arm-none-eabi/9.3.1/../../../../arm-none-eabi/lib/thumb/v7e-m+fp/softfp/libc_nano.a(lib_a-sprintf.o)
                0x000000000800a290                sprintf
                0x000000000800a290                siprintf
 .text.quorem   0x000000000800a2d0      0x116 /opt/st/stm32cubeide_1.6.1/plugins/com.st.stm32cube.ide.mcu.externaltools.gnu-tools-for-stm32.9-2020-q2-update.linux64_1.5.0.202011040924/tools/bin/../lib/gcc/arm-none-eabi/9.3.1/../../../../arm-none-eabi/lib/thumb/v7e-m+fp/softfp/libc_nano.a(lib_a-dtoa.o)
 *fill*         0x000000000800a3e6        0x2 
 .text._dtoa_r  0x000000000800a3e8      0xbd8 /opt/st/stm32cubeide_1.6.1/plugins/com.st.stm32cube.ide.mcu.externaltools.gnu-tools-for-stm32.9-2020-q2-update.linux64_1.5.0.202011040924/tools/bin/../lib/gcc/arm-none-eabi/9.3.1/../../../../arm-none-eabi/lib/thumb/v7e-m+fp/softfp/libc_nano.a(lib_a-dtoa.o)
                0x000000000800a3e8                _dtoa_r
 .text._localeconv_r
                0x000000000800afc0        0x8 /opt/st/stm32cubeide_1.6.1/plugins/com.st.stm32cube.ide.mcu.externaltools.gnu-tools-for-stm32.9-2020-q2-update.linux64_1.5.0.202011040924/tools/bin/../lib/gcc/arm-none-eabi/9.3.1/../../../../arm-none-eabi/lib/thumb/v7e-m+fp/softfp/libc_nano.a(lib_a-localeconv.o)
                0x000000000800afc0                _localeconv_r
 .text.__malloc_lock
                0x000000000800afc8        0xc /opt/st/stm32cubeide_1.6.1/plugins/com.st.stm32cube.ide.mcu.externaltools.gnu-tools-for-stm32.9-2020-q2-update.linux64_1.5.0.202011040924/tools/bin/../lib/gcc/arm-none-eabi/9.3.1/../../../../arm-none-eabi/lib/thumb/v7e-m+fp/softfp/libc_nano.a(lib_a-mlock.o)
                0x000000000800afc8                __malloc_lock
 .text.__malloc_unlock
                0x000000000800afd4        0xc /opt/st/stm32cubeide_1.6.1/plugins/com.st.stm32cube.ide.mcu.externaltools.gnu-tools-for-stm32.9-2020-q2-update.linux64_1.5.0.202011040924/tools/bin/../lib/gcc/arm-none-eabi/9.3.1/../../../../arm-none-eabi/lib/thumb/v7e-m+fp/softfp/libc_nano.a(lib_a-mlock.o)
                0x000000000800afd4                __malloc_unlock
 .text._Balloc  0x000000000800afe0       0x80 /opt/st/stm32cubeide_1.6.1/plugins/com.st.stm32cube.ide.mcu.externaltools.gnu-tools-for-stm32.9-2020-q2-update.linux64_1.5.0.202011040924/tools/bin/../lib/gcc/arm-none-eabi/9.3.1/../../../../arm-none-eabi/lib/thumb/v7e-m+fp/softfp/libc_nano.a(lib_a-mprec.o)
                0x000000000800afe0                _Balloc
 .text._Bfree   0x000000000800b060       0x44 /opt/st/stm32cubeide_1.6.1/plugins/com.st.stm32cube.ide.mcu.externaltools.gnu-tools-for-stm32.9-2020-q2-update.linux64_1.5.0.202011040924/tools/bin/../lib/gcc/arm-none-eabi/9.3.1/../../../../arm-none-eabi/lib/thumb/v7e-m+fp/softfp/libc_nano.a(lib_a-mprec.o)
                0x000000000800b060                _Bfree
 .text.__multadd
                0x000000000800b0a4       0x94 /opt/st/stm32cubeide_1.6.1/plugins/com.st.stm32cube.ide.mcu.externaltools.gnu-tools-for-stm32.9-2020-q2-update.linux64_1.5.0.202011040924/tools/bin/../lib/gcc/arm-none-eabi/9.3.1/../../../../arm-none-eabi/lib/thumb/v7e-m+fp/softfp/libc_nano.a(lib_a-mprec.o)
                0x000000000800b0a4                __multadd
 .text.__hi0bits
                0x000000000800b138       0x40 /opt/st/stm32cubeide_1.6.1/plugins/com.st.stm32cube.ide.mcu.externaltools.gnu-tools-for-stm32.9-2020-q2-update.linux64_1.5.0.202011040924/tools/bin/../lib/gcc/arm-none-eabi/9.3.1/../../../../arm-none-eabi/lib/thumb/v7e-m+fp/softfp/libc_nano.a(lib_a-mprec.o)
                0x000000000800b138                __hi0bits
 .text.__lo0bits
                0x000000000800b178       0x60 /opt/st/stm32cubeide_1.6.1/plugins/com.st.stm32cube.ide.mcu.externaltools.gnu-tools-for-stm32.9-2020-q2-update.linux64_1.5.0.202011040924/tools/bin/../lib/gcc/arm-none-eabi/9.3.1/../../../../arm-none-eabi/lib/thumb/v7e-m+fp/softfp/libc_nano.a(lib_a-mprec.o)
                0x000000000800b178                __lo0bits
 .text.__i2b    0x000000000800b1d8       0x2c /opt/st/stm32cubeide_1.6.1/plugins/com.st.stm32cube.ide.mcu.externaltools.gnu-tools-for-stm32.9-2020-q2-update.linux64_1.5.0.202011040924/tools/bin/../lib/gcc/arm-none-eabi/9.3.1/../../../../arm-none-eabi/lib/thumb/v7e-m+fp/softfp/libc_nano.a(lib_a-mprec.o)
                0x000000000800b1d8                __i2b
 .text.__multiply
                0x000000000800b204      0x14c /opt/st/stm32cubeide_1.6.1/plugins/com.st.stm32cube.ide.mcu.externaltools.gnu-tools-for-stm32.9-2020-q2-update.linux64_1.5.0.202011040924/tools/bin/../lib/gcc/arm-none-eabi/9.3.1/../../../../arm-none-eabi/lib/thumb/v7e-m+fp/softfp/libc_nano.a(lib_a-mprec.o)
                0x000000000800b204                __multiply
 .text.__pow5mult
                0x000000000800b350       0xb4 /opt/st/stm32cubeide_1.6.1/plugins/com.st.stm32cube.ide.mcu.externaltools.gnu-tools-for-stm32.9-2020-q2-update.linux64_1.5.0.202011040924/tools/bin/../lib/gcc/arm-none-eabi/9.3.1/../../../../arm-none-eabi/lib/thumb/v7e-m+fp/softfp/libc_nano.a(lib_a-mprec.o)
                0x000000000800b350                __pow5mult
 .text.__lshift
                0x000000000800b404       0xd8 /opt/st/stm32cubeide_1.6.1/plugins/com.st.stm32cube.ide.mcu.externaltools.gnu-tools-for-stm32.9-2020-q2-update.linux64_1.5.0.202011040924/tools/bin/../lib/gcc/arm-none-eabi/9.3.1/../../../../arm-none-eabi/lib/thumb/v7e-m+fp/softfp/libc_nano.a(lib_a-mprec.o)
                0x000000000800b404                __lshift
 .text.__mcmp   0x000000000800b4dc       0x38 /opt/st/stm32cubeide_1.6.1/plugins/com.st.stm32cube.ide.mcu.externaltools.gnu-tools-for-stm32.9-2020-q2-update.linux64_1.5.0.202011040924/tools/bin/../lib/gcc/arm-none-eabi/9.3.1/../../../../arm-none-eabi/lib/thumb/v7e-m+fp/softfp/libc_nano.a(lib_a-mprec.o)
                0x000000000800b4dc                __mcmp
 .text.__mdiff  0x000000000800b514      0x110 /opt/st/stm32cubeide_1.6.1/plugins/com.st.stm32cube.ide.mcu.externaltools.gnu-tools-for-stm32.9-2020-q2-update.linux64_1.5.0.202011040924/tools/bin/../lib/gcc/arm-none-eabi/9.3.1/../../../../arm-none-eabi/lib/thumb/v7e-m+fp/softfp/libc_nano.a(lib_a-mprec.o)
                0x000000000800b514                __mdiff
 .text.__d2b    0x000000000800b624       0xb4 /opt/st/stm32cubeide_1.6.1/plugins/com.st.stm32cube.ide.mcu.externaltools.gnu-tools-for-stm32.9-2020-q2-update.linux64_1.5.0.202011040924/tools/bin/../lib/gcc/arm-none-eabi/9.3.1/../../../../arm-none-eabi/lib/thumb/v7e-m+fp/softfp/libc_nano.a(lib_a-mprec.o)
                0x000000000800b624                __d2b
 .text._calloc_r
                0x000000000800b6d8       0x1e /opt/st/stm32cubeide_1.6.1/plugins/com.st.stm32cube.ide.mcu.externaltools.gnu-tools-for-stm32.9-2020-q2-update.linux64_1.5.0.202011040924/tools/bin/../lib/gcc/arm-none-eabi/9.3.1/../../../../arm-none-eabi/lib/thumb/v7e-m+fp/softfp/libc_nano.a(lib_a-nano-callocr.o)
                0x000000000800b6d8                _calloc_r
 .text.__ssputs_r
                0x000000000800b6f6       0xb6 /opt/st/stm32cubeide_1.6.1/plugins/com.st.stm32cube.ide.mcu.externaltools.gnu-tools-for-stm32.9-2020-q2-update.linux64_1.5.0.202011040924/tools/bin/../lib/gcc/arm-none-eabi/9.3.1/../../../../arm-none-eabi/lib/thumb/v7e-m+fp/softfp/libc_nano.a(lib_a-nano-svfprintf.o)
                0x000000000800b6f6                __ssputs_r
 .text._svfprintf_r
                0x000000000800b7ac      0x200 /opt/st/stm32cubeide_1.6.1/plugins/com.st.stm32cube.ide.mcu.externaltools.gnu-tools-for-stm32.9-2020-q2-update.linux64_1.5.0.202011040924/tools/bin/../lib/gcc/arm-none-eabi/9.3.1/../../../../arm-none-eabi/lib/thumb/v7e-m+fp/softfp/libc_nano.a(lib_a-nano-svfprintf.o)
                0x000000000800b7ac                _svfprintf_r
                0x000000000800b7ac                _svfiprintf_r
 .text.__assert_func
                0x000000000800b9ac       0x3c /opt/st/stm32cubeide_1.6.1/plugins/com.st.stm32cube.ide.mcu.externaltools.gnu-tools-for-stm32.9-2020-q2-update.linux64_1.5.0.202011040924/tools/bin/../lib/gcc/arm-none-eabi/9.3.1/../../../../arm-none-eabi/lib/thumb/v7e-m+fp/softfp/libc_nano.a(lib_a-assert.o)
                0x000000000800b9ac                __assert_func
 .text.fprintf  0x000000000800b9e8       0x24 /opt/st/stm32cubeide_1.6.1/plugins/com.st.stm32cube.ide.mcu.externaltools.gnu-tools-for-stm32.9-2020-q2-update.linux64_1.5.0.202011040924/tools/bin/../lib/gcc/arm-none-eabi/9.3.1/../../../../arm-none-eabi/lib/thumb/v7e-m+fp/softfp/libc_nano.a(lib_a-fprintf.o)
                0x000000000800b9e8                fprintf
                0x000000000800b9e8                fiprintf
 .text.__retarget_lock_init_recursive
                0x000000000800ba0c        0x2 /opt/st/stm32cubeide_1.6.1/plugins/com.st.stm32cube.ide.mcu.externaltools.gnu-tools-for-stm32.9-2020-q2-update.linux64_1.5.0.202011040924/tools/bin/../lib/gcc/arm-none-eabi/9.3.1/../../../../arm-none-eabi/lib/thumb/v7e-m+fp/softfp/libc_nano.a(lib_a-lock.o)
                0x000000000800ba0c                __retarget_lock_init_recursive
 .text.__retarget_lock_acquire_recursive
                0x000000000800ba0e        0x2 /opt/st/stm32cubeide_1.6.1/plugins/com.st.stm32cube.ide.mcu.externaltools.gnu-tools-for-stm32.9-2020-q2-update.linux64_1.5.0.202011040924/tools/bin/../lib/gcc/arm-none-eabi/9.3.1/../../../../arm-none-eabi/lib/thumb/v7e-m+fp/softfp/libc_nano.a(lib_a-lock.o)
                0x000000000800ba0e                __retarget_lock_acquire_recursive
 .text.__retarget_lock_release_recursive
                0x000000000800ba10        0x2 /opt/st/stm32cubeide_1.6.1/plugins/com.st.stm32cube.ide.mcu.externaltools.gnu-tools-for-stm32.9-2020-q2-update.linux64_1.5.0.202011040924/tools/bin/../lib/gcc/arm-none-eabi/9.3.1/../../../../arm-none-eabi/lib/thumb/v7e-m+fp/softfp/libc_nano.a(lib_a-lock.o)
                0x000000000800ba10                __retarget_lock_release_recursive
 .text.__ascii_mbtowc
                0x000000000800ba12       0x24 /opt/st/stm32cubeide_1.6.1/plugins/com.st.stm32cube.ide.mcu.externaltools.gnu-tools-for-stm32.9-2020-q2-update.linux64_1.5.0.202011040924/tools/bin/../lib/gcc/arm-none-eabi/9.3.1/../../../../arm-none-eabi/lib/thumb/v7e-m+fp/softfp/libc_nano.a(lib_a-mbtowc_r.o)
                0x000000000800ba12                __ascii_mbtowc
 .text.memmove  0x000000000800ba36       0x34 /opt/st/stm32cubeide_1.6.1/plugins/com.st.stm32cube.ide.mcu.externaltools.gnu-tools-for-stm32.9-2020-q2-update.linux64_1.5.0.202011040924/tools/bin/../lib/gcc/arm-none-eabi/9.3.1/../../../../arm-none-eabi/lib/thumb/v7e-m+fp/softfp/libc_nano.a(lib_a-memmove.o)
                0x000000000800ba36                memmove
 .text._realloc_r
                0x000000000800ba6a       0x4c /opt/st/stm32cubeide_1.6.1/plugins/com.st.stm32cube.ide.mcu.externaltools.gnu-tools-for-stm32.9-2020-q2-update.linux64_1.5.0.202011040924/tools/bin/../lib/gcc/arm-none-eabi/9.3.1/../../../../arm-none-eabi/lib/thumb/v7e-m+fp/softfp/libc_nano.a(lib_a-nano-reallocr.o)
                0x000000000800ba6a                _realloc_r
 .text.__sfputc_r
                0x000000000800bab6       0x2e /opt/st/stm32cubeide_1.6.1/plugins/com.st.stm32cube.ide.mcu.externaltools.gnu-tools-for-stm32.9-2020-q2-update.linux64_1.5.0.202011040924/tools/bin/../lib/gcc/arm-none-eabi/9.3.1/../../../../arm-none-eabi/lib/thumb/v7e-m+fp/softfp/libc_nano.a(lib_a-nano-vfprintf.o)
 .text.__sfputs_r
                0x000000000800bae4       0x24 /opt/st/stm32cubeide_1.6.1/plugins/com.st.stm32cube.ide.mcu.externaltools.gnu-tools-for-stm32.9-2020-q2-update.linux64_1.5.0.202011040924/tools/bin/../lib/gcc/arm-none-eabi/9.3.1/../../../../arm-none-eabi/lib/thumb/v7e-m+fp/softfp/libc_nano.a(lib_a-nano-vfprintf.o)
                0x000000000800bae4                __sfputs_r
 .text._vfprintf_r
                0x000000000800bb08      0x260 /opt/st/stm32cubeide_1.6.1/plugins/com.st.stm32cube.ide.mcu.externaltools.gnu-tools-for-stm32.9-2020-q2-update.linux64_1.5.0.202011040924/tools/bin/../lib/gcc/arm-none-eabi/9.3.1/../../../../arm-none-eabi/lib/thumb/v7e-m+fp/softfp/libc_nano.a(lib_a-nano-vfprintf.o)
                0x000000000800bb08                _vfiprintf_r
                0x000000000800bb08                _vfprintf_r
 .text.__swbuf_r
                0x000000000800bd68       0xa4 /opt/st/stm32cubeide_1.6.1/plugins/com.st.stm32cube.ide.mcu.externaltools.gnu-tools-for-stm32.9-2020-q2-update.linux64_1.5.0.202011040924/tools/bin/../lib/gcc/arm-none-eabi/9.3.1/../../../../arm-none-eabi/lib/thumb/v7e-m+fp/softfp/libc_nano.a(lib_a-wbuf.o)
                0x000000000800bd68                __swbuf_r
 .text.__ascii_wctomb
                0x000000000800be0c       0x1a /opt/st/stm32cubeide_1.6.1/plugins/com.st.stm32cube.ide.mcu.externaltools.gnu-tools-for-stm32.9-2020-q2-update.linux64_1.5.0.202011040924/tools/bin/../lib/gcc/arm-none-eabi/9.3.1/../../../../arm-none-eabi/lib/thumb/v7e-m+fp/softfp/libc_nano.a(lib_a-wctomb_r.o)
                0x000000000800be0c                __ascii_wctomb
 *fill*         0x000000000800be26        0x2 
 .text.__swsetup_r
                0x000000000800be28       0xdc /opt/st/stm32cubeide_1.6.1/plugins/com.st.stm32cube.ide.mcu.externaltools.gnu-tools-for-stm32.9-2020-q2-update.linux64_1.5.0.202011040924/tools/bin/../lib/gcc/arm-none-eabi/9.3.1/../../../../arm-none-eabi/lib/thumb/v7e-m+fp/softfp/libc_nano.a(lib_a-wsetup.o)
                0x000000000800be28                __swsetup_r
 .text.abort    0x000000000800bf04        0xe /opt/st/stm32cubeide_1.6.1/plugins/com.st.stm32cube.ide.mcu.externaltools.gnu-tools-for-stm32.9-2020-q2-update.linux64_1.5.0.202011040924/tools/bin/../lib/gcc/arm-none-eabi/9.3.1/../../../../arm-none-eabi/lib/thumb/v7e-m+fp/softfp/libc_nano.a(lib_a-abort.o)
                0x000000000800bf04                abort
 *fill*         0x000000000800bf12        0x2 
 .text.__sflush_r
                0x000000000800bf14      0x10c /opt/st/stm32cubeide_1.6.1/plugins/com.st.stm32cube.ide.mcu.externaltools.gnu-tools-for-stm32.9-2020-q2-update.linux64_1.5.0.202011040924/tools/bin/../lib/gcc/arm-none-eabi/9.3.1/../../../../arm-none-eabi/lib/thumb/v7e-m+fp/softfp/libc_nano.a(lib_a-fflush.o)
                0x000000000800bf14                __sflush_r
 .text._fflush_r
                0x000000000800c020       0x78 /opt/st/stm32cubeide_1.6.1/plugins/com.st.stm32cube.ide.mcu.externaltools.gnu-tools-for-stm32.9-2020-q2-update.linux64_1.5.0.202011040924/tools/bin/../lib/gcc/arm-none-eabi/9.3.1/../../../../arm-none-eabi/lib/thumb/v7e-m+fp/softfp/libc_nano.a(lib_a-fflush.o)
                0x000000000800c020                _fflush_r
 .text.std      0x000000000800c098       0x48 /opt/st/stm32cubeide_1.6.1/plugins/com.st.stm32cube.ide.mcu.externaltools.gnu-tools-for-stm32.9-2020-q2-update.linux64_1.5.0.202011040924/tools/bin/../lib/gcc/arm-none-eabi/9.3.1/../../../../arm-none-eabi/lib/thumb/v7e-m+fp/softfp/libc_nano.a(lib_a-findfp.o)
 .text._cleanup_r
                0x000000000800c0e0        0xc /opt/st/stm32cubeide_1.6.1/plugins/com.st.stm32cube.ide.mcu.externaltools.gnu-tools-for-stm32.9-2020-q2-update.linux64_1.5.0.202011040924/tools/bin/../lib/gcc/arm-none-eabi/9.3.1/../../../../arm-none-eabi/lib/thumb/v7e-m+fp/softfp/libc_nano.a(lib_a-findfp.o)
                0x000000000800c0e0                _cleanup_r
 .text.__sfmoreglue
                0x000000000800c0ec       0x2c /opt/st/stm32cubeide_1.6.1/plugins/com.st.stm32cube.ide.mcu.externaltools.gnu-tools-for-stm32.9-2020-q2-update.linux64_1.5.0.202011040924/tools/bin/../lib/gcc/arm-none-eabi/9.3.1/../../../../arm-none-eabi/lib/thumb/v7e-m+fp/softfp/libc_nano.a(lib_a-findfp.o)
                0x000000000800c0ec                __sfmoreglue
 .text.__sfp_lock_acquire
                0x000000000800c118        0xc /opt/st/stm32cubeide_1.6.1/plugins/com.st.stm32cube.ide.mcu.externaltools.gnu-tools-for-stm32.9-2020-q2-update.linux64_1.5.0.202011040924/tools/bin/../lib/gcc/arm-none-eabi/9.3.1/../../../../arm-none-eabi/lib/thumb/v7e-m+fp/softfp/libc_nano.a(lib_a-findfp.o)
                0x000000000800c118                __sfp_lock_acquire
 .text.__sfp_lock_release
                0x000000000800c124        0xc /opt/st/stm32cubeide_1.6.1/plugins/com.st.stm32cube.ide.mcu.externaltools.gnu-tools-for-stm32.9-2020-q2-update.linux64_1.5.0.202011040924/tools/bin/../lib/gcc/arm-none-eabi/9.3.1/../../../../arm-none-eabi/lib/thumb/v7e-m+fp/softfp/libc_nano.a(lib_a-findfp.o)
                0x000000000800c124                __sfp_lock_release
 .text.__sinit_lock_acquire
                0x000000000800c130        0xc /opt/st/stm32cubeide_1.6.1/plugins/com.st.stm32cube.ide.mcu.externaltools.gnu-tools-for-stm32.9-2020-q2-update.linux64_1.5.0.202011040924/tools/bin/../lib/gcc/arm-none-eabi/9.3.1/../../../../arm-none-eabi/lib/thumb/v7e-m+fp/softfp/libc_nano.a(lib_a-findfp.o)
                0x000000000800c130                __sinit_lock_acquire
 .text.__sinit_lock_release
                0x000000000800c13c        0xc /opt/st/stm32cubeide_1.6.1/plugins/com.st.stm32cube.ide.mcu.externaltools.gnu-tools-for-stm32.9-2020-q2-update.linux64_1.5.0.202011040924/tools/bin/../lib/gcc/arm-none-eabi/9.3.1/../../../../arm-none-eabi/lib/thumb/v7e-m+fp/softfp/libc_nano.a(lib_a-findfp.o)
                0x000000000800c13c                __sinit_lock_release
 .text.__sinit  0x000000000800c148       0x70 /opt/st/stm32cubeide_1.6.1/plugins/com.st.stm32cube.ide.mcu.externaltools.gnu-tools-for-stm32.9-2020-q2-update.linux64_1.5.0.202011040924/tools/bin/../lib/gcc/arm-none-eabi/9.3.1/../../../../arm-none-eabi/lib/thumb/v7e-m+fp/softfp/libc_nano.a(lib_a-findfp.o)
                0x000000000800c148                __sinit
 .text.__sfp    0x000000000800c1b8       0x8c /opt/st/stm32cubeide_1.6.1/plugins/com.st.stm32cube.ide.mcu.externaltools.gnu-tools-for-stm32.9-2020-q2-update.linux64_1.5.0.202011040924/tools/bin/../lib/gcc/arm-none-eabi/9.3.1/../../../../arm-none-eabi/lib/thumb/v7e-m+fp/softfp/libc_nano.a(lib_a-findfp.o)
                0x000000000800c1b8                __sfp
 .text._fwalk_reent
                0x000000000800c244       0x3e /opt/st/stm32cubeide_1.6.1/plugins/com.st.stm32cube.ide.mcu.externaltools.gnu-tools-for-stm32.9-2020-q2-update.linux64_1.5.0.202011040924/tools/bin/../lib/gcc/arm-none-eabi/9.3.1/../../../../arm-none-eabi/lib/thumb/v7e-m+fp/softfp/libc_nano.a(lib_a-fwalk.o)
                0x000000000800c244                _fwalk_reent
 .text.__swhatbuf_r
                0x000000000800c282       0x48 /opt/st/stm32cubeide_1.6.1/plugins/com.st.stm32cube.ide.mcu.externaltools.gnu-tools-for-stm32.9-2020-q2-update.linux64_1.5.0.202011040924/tools/bin/../lib/gcc/arm-none-eabi/9.3.1/../../../../arm-none-eabi/lib/thumb/v7e-m+fp/softfp/libc_nano.a(lib_a-makebuf.o)
                0x000000000800c282                __swhatbuf_r
 *fill*         0x000000000800c2ca        0x2 
 .text.__smakebuf_r
                0x000000000800c2cc       0x80 /opt/st/stm32cubeide_1.6.1/plugins/com.st.stm32cube.ide.mcu.externaltools.gnu-tools-for-stm32.9-2020-q2-update.linux64_1.5.0.202011040924/tools/bin/../lib/gcc/arm-none-eabi/9.3.1/../../../../arm-none-eabi/lib/thumb/v7e-m+fp/softfp/libc_nano.a(lib_a-makebuf.o)
                0x000000000800c2cc                __smakebuf_r
 .text._malloc_usable_size_r
                0x000000000800c34c       0x10 /opt/st/stm32cubeide_1.6.1/plugins/com.st.stm32cube.ide.mcu.externaltools.gnu-tools-for-stm32.9-2020-q2-update.linux64_1.5.0.202011040924/tools/bin/../lib/gcc/arm-none-eabi/9.3.1/../../../../arm-none-eabi/lib/thumb/v7e-m+fp/softfp/libc_nano.a(lib_a-nano-msizer.o)
                0x000000000800c34c                _malloc_usable_size_r
 .text._raise_r
                0x000000000800c35c       0x50 /opt/st/stm32cubeide_1.6.1/plugins/com.st.stm32cube.ide.mcu.externaltools.gnu-tools-for-stm32.9-2020-q2-update.linux64_1.5.0.202011040924/tools/bin/../lib/gcc/arm-none-eabi/9.3.1/../../../../arm-none-eabi/lib/thumb/v7e-m+fp/softfp/libc_nano.a(lib_a-signal.o)
                0x000000000800c35c                _raise_r
 .text.raise    0x000000000800c3ac       0x10 /opt/st/stm32cubeide_1.6.1/plugins/com.st.stm32cube.ide.mcu.externaltools.gnu-tools-for-stm32.9-2020-q2-update.linux64_1.5.0.202011040924/tools/bin/../lib/gcc/arm-none-eabi/9.3.1/../../../../arm-none-eabi/lib/thumb/v7e-m+fp/softfp/libc_nano.a(lib_a-signal.o)
                0x000000000800c3ac                raise
 .text._kill_r  0x000000000800c3bc       0x24 /opt/st/stm32cubeide_1.6.1/plugins/com.st.stm32cube.ide.mcu.externaltools.gnu-tools-for-stm32.9-2020-q2-update.linux64_1.5.0.202011040924/tools/bin/../lib/gcc/arm-none-eabi/9.3.1/../../../../arm-none-eabi/lib/thumb/v7e-m+fp/softfp/libc_nano.a(lib_a-signalr.o)
                0x000000000800c3bc                _kill_r
 .text._getpid_r
                0x000000000800c3e0        0x4 /opt/st/stm32cubeide_1.6.1/plugins/com.st.stm32cube.ide.mcu.externaltools.gnu-tools-for-stm32.9-2020-q2-update.linux64_1.5.0.202011040924/tools/bin/../lib/gcc/arm-none-eabi/9.3.1/../../../../arm-none-eabi/lib/thumb/v7e-m+fp/softfp/libc_nano.a(lib_a-signalr.o)
                0x000000000800c3e0                _getpid_r
 .text.__sread  0x000000000800c3e4       0x22 /opt/st/stm32cubeide_1.6.1/plugins/com.st.stm32cube.ide.mcu.externaltools.gnu-tools-for-stm32.9-2020-q2-update.linux64_1.5.0.202011040924/tools/bin/../lib/gcc/arm-none-eabi/9.3.1/../../../../arm-none-eabi/lib/thumb/v7e-m+fp/softfp/libc_nano.a(lib_a-stdio.o)
                0x000000000800c3e4                __sread
 .text.__swrite
                0x000000000800c406       0x38 /opt/st/stm32cubeide_1.6.1/plugins/com.st.stm32cube.ide.mcu.externaltools.gnu-tools-for-stm32.9-2020-q2-update.linux64_1.5.0.202011040924/tools/bin/../lib/gcc/arm-none-eabi/9.3.1/../../../../arm-none-eabi/lib/thumb/v7e-m+fp/softfp/libc_nano.a(lib_a-stdio.o)
                0x000000000800c406                __swrite
 .text.__sseek  0x000000000800c43e       0x24 /opt/st/stm32cubeide_1.6.1/plugins/com.st.stm32cube.ide.mcu.externaltools.gnu-tools-for-stm32.9-2020-q2-update.linux64_1.5.0.202011040924/tools/bin/../lib/gcc/arm-none-eabi/9.3.1/../../../../arm-none-eabi/lib/thumb/v7e-m+fp/softfp/libc_nano.a(lib_a-stdio.o)
                0x000000000800c43e                __sseek
 .text.__sclose
                0x000000000800c462        0x8 /opt/st/stm32cubeide_1.6.1/plugins/com.st.stm32cube.ide.mcu.externaltools.gnu-tools-for-stm32.9-2020-q2-update.linux64_1.5.0.202011040924/tools/bin/../lib/gcc/arm-none-eabi/9.3.1/../../../../arm-none-eabi/lib/thumb/v7e-m+fp/softfp/libc_nano.a(lib_a-stdio.o)
                0x000000000800c462                __sclose
 *fill*         0x000000000800c46a        0x2 
 .text._close_r
                0x000000000800c46c       0x20 /opt/st/stm32cubeide_1.6.1/plugins/com.st.stm32cube.ide.mcu.externaltools.gnu-tools-for-stm32.9-2020-q2-update.linux64_1.5.0.202011040924/tools/bin/../lib/gcc/arm-none-eabi/9.3.1/../../../../arm-none-eabi/lib/thumb/v7e-m+fp/softfp/libc_nano.a(lib_a-closer.o)
                0x000000000800c46c                _close_r
 .text._fstat_r
                0x000000000800c48c       0x24 /opt/st/stm32cubeide_1.6.1/plugins/com.st.stm32cube.ide.mcu.externaltools.gnu-tools-for-stm32.9-2020-q2-update.linux64_1.5.0.202011040924/tools/bin/../lib/gcc/arm-none-eabi/9.3.1/../../../../arm-none-eabi/lib/thumb/v7e-m+fp/softfp/libc_nano.a(lib_a-fstatr.o)
                0x000000000800c48c                _fstat_r
 .text._isatty_r
                0x000000000800c4b0       0x20 /opt/st/stm32cubeide_1.6.1/plugins/com.st.stm32cube.ide.mcu.externaltools.gnu-tools-for-stm32.9-2020-q2-update.linux64_1.5.0.202011040924/tools/bin/../lib/gcc/arm-none-eabi/9.3.1/../../../../arm-none-eabi/lib/thumb/v7e-m+fp/softfp/libc_nano.a(lib_a-isattyr.o)
                0x000000000800c4b0                _isatty_r
 .text._lseek_r
                0x000000000800c4d0       0x24 /opt/st/stm32cubeide_1.6.1/plugins/com.st.stm32cube.ide.mcu.externaltools.gnu-tools-for-stm32.9-2020-q2-update.linux64_1.5.0.202011040924/tools/bin/../lib/gcc/arm-none-eabi/9.3.1/../../../../arm-none-eabi/lib/thumb/v7e-m+fp/softfp/libc_nano.a(lib_a-lseekr.o)
                0x000000000800c4d0                _lseek_r
 .text._read_r  0x000000000800c4f4       0x24 /opt/st/stm32cubeide_1.6.1/plugins/com.st.stm32cube.ide.mcu.externaltools.gnu-tools-for-stm32.9-2020-q2-update.linux64_1.5.0.202011040924/tools/bin/../lib/gcc/arm-none-eabi/9.3.1/../../../../arm-none-eabi/lib/thumb/v7e-m+fp/softfp/libc_nano.a(lib_a-readr.o)
                0x000000000800c4f4                _read_r
 .text.sqrtf    0x000000000800c518       0x54 /opt/st/stm32cubeide_1.6.1/plugins/com.st.stm32cube.ide.mcu.externaltools.gnu-tools-for-stm32.9-2020-q2-update.linux64_1.5.0.202011040924/tools/bin/../lib/gcc/arm-none-eabi/9.3.1/../../../../arm-none-eabi/lib/thumb/v7e-m+fp/softfp/libm.a(lib_a-wf_sqrt.o)
                0x000000000800c518                sqrtf
 .text.__ieee754_sqrtf
                0x000000000800c56c        0xe /opt/st/stm32cubeide_1.6.1/plugins/com.st.stm32cube.ide.mcu.externaltools.gnu-tools-for-stm32.9-2020-q2-update.linux64_1.5.0.202011040924/tools/bin/../lib/gcc/arm-none-eabi/9.3.1/../../../../arm-none-eabi/lib/thumb/v7e-m+fp/softfp/libm.a(lib_a-ef_sqrt.o)
                0x000000000800c56c                __ieee754_sqrtf
 *(.glue_7)
 .glue_7        0x000000000800c57a        0x0 linker stubs
 *(.glue_7t)
 .glue_7t       0x000000000800c57a        0x0 linker stubs
 *(.eh_frame)
 *fill*         0x000000000800c57a        0x2 
 .eh_frame      0x000000000800c57c        0x0 /opt/st/stm32cubeide_1.6.1/plugins/com.st.stm32cube.ide.mcu.externaltools.gnu-tools-for-stm32.9-2020-q2-update.linux64_1.5.0.202011040924/tools/bin/../lib/gcc/arm-none-eabi/9.3.1/thumb/v7e-m+fp/softfp/crtbegin.o
 *(.init)
 .init          0x000000000800c57c        0x4 /opt/st/stm32cubeide_1.6.1/plugins/com.st.stm32cube.ide.mcu.externaltools.gnu-tools-for-stm32.9-2020-q2-update.linux64_1.5.0.202011040924/tools/bin/../lib/gcc/arm-none-eabi/9.3.1/thumb/v7e-m+fp/softfp/crti.o
                0x000000000800c57c                _init
 .init          0x000000000800c580        0x8 /opt/st/stm32cubeide_1.6.1/plugins/com.st.stm32cube.ide.mcu.externaltools.gnu-tools-for-stm32.9-2020-q2-update.linux64_1.5.0.202011040924/tools/bin/../lib/gcc/arm-none-eabi/9.3.1/thumb/v7e-m+fp/softfp/crtn.o
 *(.fini)
 .fini          0x000000000800c588        0x4 /opt/st/stm32cubeide_1.6.1/plugins/com.st.stm32cube.ide.mcu.externaltools.gnu-tools-for-stm32.9-2020-q2-update.linux64_1.5.0.202011040924/tools/bin/../lib/gcc/arm-none-eabi/9.3.1/thumb/v7e-m+fp/softfp/crti.o
                0x000000000800c588                _fini
 .fini          0x000000000800c58c        0x8 /opt/st/stm32cubeide_1.6.1/plugins/com.st.stm32cube.ide.mcu.externaltools.gnu-tools-for-stm32.9-2020-q2-update.linux64_1.5.0.202011040924/tools/bin/../lib/gcc/arm-none-eabi/9.3.1/thumb/v7e-m+fp/softfp/crtn.o
                0x000000000800c594                . = ALIGN (0x4)
                0x000000000800c594                _etext = .

.vfp11_veneer   0x000000000800c594        0x0
 .vfp11_veneer  0x000000000800c594        0x0 linker stubs

.v4_bx          0x000000000800c594        0x0
 .v4_bx         0x000000000800c594        0x0 linker stubs

.iplt           0x000000000800c594        0x0
 .iplt          0x000000000800c594        0x0 /opt/st/stm32cubeide_1.6.1/plugins/com.st.stm32cube.ide.mcu.externaltools.gnu-tools-for-stm32.9-2020-q2-update.linux64_1.5.0.202011040924/tools/bin/../lib/gcc/arm-none-eabi/9.3.1/thumb/v7e-m+fp/softfp/crtbegin.o

.rodata         0x000000000800c598      0x984
                0x000000000800c598                . = ALIGN (0x4)
 *(.rodata)
 .rodata        0x000000000800c598        0x5 FreeRTOS/tasks.o
 *fill*         0x000000000800c59d        0x3 
 .rodata        0x000000000800c5a0        0xd FreeRTOS/timers.o
 *fill*         0x000000000800c5ad        0x3 
 .rodata        0x000000000800c5b0       0x58 SEGGER/OS/SEGGER_SYSVIEW_FreeRTOS.o
 .rodata        0x000000000800c608       0x17 SEGGER/SEGGER/SEGGER_RTT.o
 *fill*         0x000000000800c61f        0x1 
 .rodata        0x000000000800c620      0x158 Src/lcd_control.o
 .rodata        0x000000000800c778       0x2c Src/main.o
 *(.rodata*)
 .rodata.LCD5110_Font5x7
                0x000000000800c7a4      0x246 Devices/Src/lcd5110.o
                0x000000000800c7a4                LCD5110_Font5x7
 *fill*         0x000000000800c9ea        0x2 
 .rodata.LCD5110_Font3x5
                0x000000000800c9ec      0x13e Devices/Src/lcd5110.o
                0x000000000800c9ec                LCD5110_Font3x5
 *fill*         0x000000000800cb2a        0x2 
 .rodata._abSync
                0x000000000800cb2c        0xa SEGGER/SEGGER/SEGGER_SYSVIEW.o
 *fill*         0x000000000800cb36        0x2 
 .rodata._global_impure_ptr
                0x000000000800cb38        0x4 /opt/st/stm32cubeide_1.6.1/plugins/com.st.stm32cube.ide.mcu.externaltools.gnu-tools-for-stm32.9-2020-q2-update.linux64_1.5.0.202011040924/tools/bin/../lib/gcc/arm-none-eabi/9.3.1/../../../../arm-none-eabi/lib/thumb/v7e-m+fp/softfp/libc_nano.a(lib_a-impure.o)
                0x000000000800cb38                _global_impure_ptr
 .rodata._printf_float.str1.1
                0x000000000800cb3c       0x12 /opt/st/stm32cubeide_1.6.1/plugins/com.st.stm32cube.ide.mcu.externaltools.gnu-tools-for-stm32.9-2020-q2-update.linux64_1.5.0.202011040924/tools/bin/../lib/gcc/arm-none-eabi/9.3.1/../../../../arm-none-eabi/lib/thumb/v7e-m+fp/softfp/libc_nano.a(lib_a-nano-vfprintf_float.o)
 .rodata._printf_i.str1.1
                0x000000000800cb4e       0x22 /opt/st/stm32cubeide_1.6.1/plugins/com.st.stm32cube.ide.mcu.externaltools.gnu-tools-for-stm32.9-2020-q2-update.linux64_1.5.0.202011040924/tools/bin/../lib/gcc/arm-none-eabi/9.3.1/../../../../arm-none-eabi/lib/thumb/v7e-m+fp/softfp/libc_nano.a(lib_a-nano-vfprintf_i.o)
 .rodata._dtoa_r.str1.1
                0x000000000800cb70       0x94 /opt/st/stm32cubeide_1.6.1/plugins/com.st.stm32cube.ide.mcu.externaltools.gnu-tools-for-stm32.9-2020-q2-update.linux64_1.5.0.202011040924/tools/bin/../lib/gcc/arm-none-eabi/9.3.1/../../../../arm-none-eabi/lib/thumb/v7e-m+fp/softfp/libc_nano.a(lib_a-dtoa.o)
                                         0x96 (size before relaxing)
 .rodata._Balloc.str1.1
                0x000000000800cc04       0x60 /opt/st/stm32cubeide_1.6.1/plugins/com.st.stm32cube.ide.mcu.externaltools.gnu-tools-for-stm32.9-2020-q2-update.linux64_1.5.0.202011040924/tools/bin/../lib/gcc/arm-none-eabi/9.3.1/../../../../arm-none-eabi/lib/thumb/v7e-m+fp/softfp/libc_nano.a(lib_a-mprec.o)
                                         0x77 (size before relaxing)
 .rodata.__multadd.str1.1
                0x000000000800cc64       0x11 /opt/st/stm32cubeide_1.6.1/plugins/com.st.stm32cube.ide.mcu.externaltools.gnu-tools-for-stm32.9-2020-q2-update.linux64_1.5.0.202011040924/tools/bin/../lib/gcc/arm-none-eabi/9.3.1/../../../../arm-none-eabi/lib/thumb/v7e-m+fp/softfp/libc_nano.a(lib_a-mprec.o)
 *fill*         0x000000000800cc64        0x4 
 .rodata.__mprec_bigtens
                0x000000000800cc68       0x28 /opt/st/stm32cubeide_1.6.1/plugins/com.st.stm32cube.ide.mcu.externaltools.gnu-tools-for-stm32.9-2020-q2-update.linux64_1.5.0.202011040924/tools/bin/../lib/gcc/arm-none-eabi/9.3.1/../../../../arm-none-eabi/lib/thumb/v7e-m+fp/softfp/libc_nano.a(lib_a-mprec.o)
                0x000000000800cc68                __mprec_bigtens
 .rodata.__mprec_tens
                0x000000000800cc90       0xc8 /opt/st/stm32cubeide_1.6.1/plugins/com.st.stm32cube.ide.mcu.externaltools.gnu-tools-for-stm32.9-2020-q2-update.linux64_1.5.0.202011040924/tools/bin/../lib/gcc/arm-none-eabi/9.3.1/../../../../arm-none-eabi/lib/thumb/v7e-m+fp/softfp/libc_nano.a(lib_a-mprec.o)
                0x000000000800cc90                __mprec_tens
 .rodata.p05.7513
                0x000000000800cd58        0xc /opt/st/stm32cubeide_1.6.1/plugins/com.st.stm32cube.ide.mcu.externaltools.gnu-tools-for-stm32.9-2020-q2-update.linux64_1.5.0.202011040924/tools/bin/../lib/gcc/arm-none-eabi/9.3.1/../../../../arm-none-eabi/lib/thumb/v7e-m+fp/softfp/libc_nano.a(lib_a-mprec.o)
 .rodata._svfprintf_r.str1.1
                0x000000000800cd64       0x11 /opt/st/stm32cubeide_1.6.1/plugins/com.st.stm32cube.ide.mcu.externaltools.gnu-tools-for-stm32.9-2020-q2-update.linux64_1.5.0.202011040924/tools/bin/../lib/gcc/arm-none-eabi/9.3.1/../../../../arm-none-eabi/lib/thumb/v7e-m+fp/softfp/libc_nano.a(lib_a-nano-svfprintf.o)
 .rodata.__assert_func.str1.1