Archive member included to satisfy reference by file (symbol)

/opt/st/stm32cubeide_1.6.1/plugins/com.st.stm32cube.ide.mcu.externaltools.gnu-tools-for-stm32.9-2020-q2-update.linux64_1.5.0.202011040924/tools/bin/../lib/gcc/arm-none-eabi/9.3.1/../../../../arm-none-eabi/lib/thumb/v7e-m+fp/softfp/libc_nano.a(lib_a-errno.o)
                              Src/syscalls.o (__errno)
/opt/st/stm32cubeide_1.6.1/plugins/com.st.stm32cube.ide.mcu.externaltools.gnu-tools-for-stm32.9-2020-q2-update.linux64_1.5.0.202011040924/tools/bin/../lib/gcc/arm-none-eabi/9.3.1/../../../../arm-none-eabi/lib/thumb/v7e-m+fp/softfp/libc_nano.a(lib_a-exit.o)
                              /opt/st/stm32cubeide_1.6.1/plugins/com.st.stm32cube.ide.mcu.externaltools.gnu-tools-for-stm32.9-2020-q2-update.linux64_1.5.0.202011040924/tools/bin/../lib/gcc/arm-none-eabi/9.3.1/../../../../arm-none-eabi/lib/thumb/v7e-m+fp/softfp/crt0.o (exit)
/opt/st/stm32cubeide_1.6.1/plugins/com.st.stm32cube.ide.mcu.externaltools.gnu-tools-for-stm32.9-2020-q2-update.linux64_1.5.0.202011040924/tools/bin/../lib/gcc/arm-none-eabi/9.3.1/../../../../arm-none-eabi/lib/thumb/v7e-m+fp/softfp/libc_nano.a(lib_a-impure.o)
                              /opt/st/stm32cubeide_1.6.1/plugins/com.st.stm32cube.ide.mcu.externaltools.gnu-tools-for-stm32.9-2020-q2-update.linux64_1.5.0.202011040924/tools/bin/../lib/gcc/arm-none-eabi/9.3.1/../../../../arm-none-eabi/lib/thumb/v7e-m+fp/softfp/libc_nano.a(lib_a-exit.o) (_global_impure_ptr)
/opt/st/stm32cubeide_1.6.1/plugins/com.st.stm32cube.ide.mcu.externaltools.gnu-tools-for-stm32.9-2020-q2-update.linux64_1.5.0.202011040924/tools/bin/../lib/gcc/arm-none-eabi/9.3.1/../../../../arm-none-eabi/lib/thumb/v7e-m+fp/softfp/libc_nano.a(lib_a-init.o)
                              /opt/st/stm32cubeide_1.6.1/plugins/com.st.stm32cube.ide.mcu.externaltools.gnu-tools-for-stm32.9-2020-q2-update.linux64_1.5.0.202011040924/tools/bin/../lib/gcc/arm-none-eabi/9.3.1/../../../../arm-none-eabi/lib/thumb/v7e-m+fp/softfp/crt0.o (__libc_init_array)
/opt/st/stm32cubeide_1.6.1/plugins/com.st.stm32cube.ide.mcu.externaltools.gnu-tools-for-stm32.9-2020-q2-update.linux64_1.5.0.202011040924/tools/bin/../lib/gcc/arm-none-eabi/9.3.1/../../../../arm-none-eabi/lib/thumb/v7e-m+fp/softfp/libc_nano.a(lib_a-memcpy-stub.o)
                              FreeRTOS/queue.o (memcpy)
/opt/st/stm32cubeide_1.6.1/plugins/com.st.stm32cube.ide.mcu.externaltools.gnu-tools-for-stm32.9-2020-q2-update.linux64_1.5.0.202011040924/tools/bin/../lib/gcc/arm-none-eabi/9.3.1/../../../../arm-none-eabi/lib/thumb/v7e-m+fp/softfp/libc_nano.a(lib_a-memset.o)
                              /opt/st/stm32cubeide_1.6.1/plugins/com.st.stm32cube.ide.mcu.externaltools.gnu-tools-for-stm32.9-2020-q2-update.linux64_1.5.0.202011040924/tools/bin/../lib/gcc/arm-none-eabi/9.3.1/../../../../arm-none-eabi/lib/thumb/v7e-m+fp/softfp/crt0.o (memset)
/opt/st/stm32cubeide_1.6.1/plugins/com.st.stm32cube.ide.mcu.externaltools.gnu-tools-for-stm32.9-2020-q2-update.linux64_1.5.0.202011040924/tools/bin/../lib/gcc/arm-none-eabi/9.3.1/../../../../arm-none-eabi/lib/thumb/v7e-m+fp/softfp/libc_nano.a(lib_a-nano-vfprintf_float.o)
                              (_printf_float)
/opt/st/stm32cubeide_1.6.1/plugins/com.st.stm32cube.ide.mcu.externaltools.gnu-tools-for-stm32.9-2020-q2-update.linux64_1.5.0.202011040924/tools/bin/../lib/gcc/arm-none-eabi/9.3.1/../../../../arm-none-eabi/lib/thumb/v7e-m+fp/softfp/libc_nano.a(lib_a-nano-vfprintf_i.o)
                              /opt/st/stm32cubeide_1.6.1/plugins/com.st.stm32cube.ide.mcu.externaltools.gnu-tools-for-stm32.9-2020-q2-update.linux64_1.5.0.202011040924/tools/bin/../lib/gcc/arm-none-eabi/9.3.1/../../../../arm-none-eabi/lib/thumb/v7e-m+fp/softfp/libc_nano.a(lib_a-nano-vfprintf_float.o) (_printf_common)
/opt/st/stm32cubeide_1.6.1/plugins/com.st.stm32cube.ide.mcu.externaltools.gnu-tools-for-stm32.9-2020-q2-update.linux64_1.5.0.202011040924/tools/bin/../lib/gcc/arm-none-eabi/9.3.1/../../../../arm-none-eabi/lib/thumb/v7e-m+fp/softfp/libc_nano.a(lib_a-sprintf.o)
                              Src/lcd_control.o (sprintf)
/opt/st/stm32cubeide_1.6.1/plugins/com.st.stm32cube.ide.mcu.externaltools.gnu-tools-for-stm32.9-2020-q2-update.linux64_1.5.0.202011040924/tools/bin/../lib/gcc/arm-none-eabi/9.3.1/../../../../arm-none-eabi/lib/thumb/v7e-m+fp/softfp/libc_nano.a(lib_a-strlen.o)
                              /opt/st/stm32cubeide_1.6.1/plugins/com.st.stm32cube.ide.mcu.externaltools.gnu-tools-for-stm32.9-2020-q2-update.linux64_1.5.0.202011040924/tools/bin/../lib/gcc/arm-none-eabi/9.3.1/../../../../arm-none-eabi/lib/thumb/v7e-m+fp/softfp/libc_nano.a(lib_a-nano-vfprintf_float.o) (strlen)
/opt/st/stm32cubeide_1.6.1/plugins/com.st.stm32cube.ide.mcu.externaltools.gnu-tools-for-stm32.9-2020-q2-update.linux64_1.5.0.202011040924/tools/bin/../lib/gcc/arm-none-eabi/9.3.1/../../../../arm-none-eabi/lib/thumb/v7e-m+fp/softfp/libc_nano.a(lib_a-dtoa.o)
[...]
Memory Configuration

Name             Origin             Length             Attributes
RAM              0x0000000020000000 0x0000000000020000 xrw
FLASH            0x0000000008000000 0x0000000000100000 xr
*default*        0x0000000000000000 0xffffffffffffffff

Linker script and memory map

LOAD /opt/st/stm32cubeide_1.6.1/plugins/com.st.stm32cube.ide.mcu.externaltools.gnu-tools-for-stm32.9-2020-q2-update.linux64_1.5.0.202011040924/tools/bin/../lib/gcc/arm-none-eabi/9.3.1/thumb/v7e-m+fp/softfp/crti.o
LOAD /opt/st/stm32cubeide_1.6.1/plugins/com.st.stm32cube.ide.mcu.externaltools.gnu-tools-for-stm32.9-2020-q2-update.linux64_1.5.0.202011040924/tools/bin/../lib/gcc/arm-none-eabi/9.3.1/thumb/v7e-m+fp/softfp/crtbegin.o
LOAD /opt/st/stm32cubeide_1.6.1/plugins/com.st.stm32cube.ide.mcu.externaltools.gnu-tools-for-stm32.9-2020-q2-update.linux64_1.5.0.202011040924/tools/bin/../lib/gcc/arm-none-eabi/9.3.1/../../../../arm-none-eabi/lib/thumb/v7e-m+fp/softfp/crt0.o
LOAD Devices/Src/ade7753.o
LOAD Devices/Src/ds1307.o
LOAD Devices/Src/keypad.o
LOAD Devices/Src/lcd5110.o
LOAD FreeRTOS/croutine.o
LOAD FreeRTOS/event_groups.o
LOAD FreeRTOS/list.o
LOAD FreeRTOS/queue.o
LOAD FreeRTOS/stream_buffer.o
LOAD FreeRTOS/tasks.o
LOAD FreeRTOS/timers.o
LOAD FreeRTOS/portable/GCC/ARM_CM4F/port.o
LOAD FreeRTOS/portable/MemMang/heap_4.o
LOAD Libraries/Src/stm32f407xx_gpio.o
LOAD Libraries/Src/stm32f407xx_i2c.o
LOAD Libraries/Src/stm32f407xx_rcc.o
LOAD Libraries/Src/stm32f407xx_spi.o
LOAD Libraries/Src/stm32f407xx_usart.o
LOAD Src/lcd_control.o
LOAD Src/main.o
LOAD Src/syscalls.o
LOAD Src/sysmem.o
LOAD Startup/startup_stm32f407vgtx.o
START GROUP
LOAD /opt/st/stm32cubeide_1.6.1/plugins/com.st.stm32cube.ide.mcu.externaltools.gnu-tools-for-stm32.9-2020-q2-update.linux64_1.5.0.202011040924/tools/bin/../lib/gcc/arm-none-eabi/9.3.1/../../../../arm-none-eabi/lib/thumb/v7e-m+fp/softfp/libc_nano.a
LOAD /opt/st/stm32cubeide_1.6.1/plugins/com.st.stm32cube.ide.mcu.externaltools.gnu-tools-for-stm32.9-2020-q2-update.linux64_1.5.0.202011040924/tools/bin/../lib/gcc/arm-none-eabi/9.3.1/../../../../arm-none-eabi/lib/thumb/v7e-m+fp/softfp/libm.a
END GROUP
START GROUP
LOAD /opt/st/stm32cubeide_1.6.1/plugins/com.st.stm32cube.ide.mcu.externaltools.gnu-tools-for-stm32.9-2020-q2-update.linux64_1.5.0.202011040924/tools/bin/../lib/gcc/arm-none-eabi/9.3.1/thumb/v7e-m+fp/softfp/libgcc.a
LOAD /opt/st/stm32cubeide_1.6.1/plugins/com.st.stm32cube.ide.mcu.externaltools.gnu-tools-for-stm32.9-2020-q2-update.linux64_1.5.0.202011040924/tools/bin/../lib/gcc/arm-none-eabi/9.3.1/../../../../arm-none-eabi/lib/thumb/v7e-m+fp/softfp/libc_nano.a
END GROUP
START GROUP
LOAD /opt/st/stm32cubeide_1.6.1/plugins/com.st.stm32cube.ide.mcu.externaltools.gnu-tools-for-stm32.9-2020-q2-update.linux64_1.5.0.202011040924/tools/bin/../lib/gcc/arm-none-eabi/9.3.1/thumb/v7e-m+fp/softfp/libgcc.a
LOAD /opt/st/stm32cubeide_1.6.1/plugins/com.st.stm32cube.ide.mcu.externaltools.gnu-tools-for-stm32.9-2020-q2-update.linux64_1.5.0.202011040924/tools/bin/../lib/gcc/arm-none-eabi/9.3.1/../../../../arm-none-eabi/lib/thumb/v7e-m+fp/softfp/libc_nano.a
LOAD /opt/st/stm32cubeide_1.6.1/plugins/com.st.stm32cube.ide.mcu.externaltools.gnu-tools-for-stm32.9-2020-q2-update.linux64_1.5.0.202011040924/tools/bin/../lib/gcc/arm-none-eabi/9.3.1/../../../../arm-none-eabi/lib/thumb/v7e-m+fp/softfp/libnosys.a
END GROUP
START GROUP
LOAD /opt/st/stm32cubeide_1.6.1/plugins/com.st.stm32cube.ide.mcu.externaltools.gnu-tools-for-stm32.9-2020-q2-update.linux64_1.5.0.202011040924/tools/bin/../lib/gcc/arm-none-eabi/9.3.1/thumb/v7e-m+fp/softfp/libgcc.a
LOAD /opt/st/stm32cubeide_1.6.1/plugins/com.st.stm32cube.ide.mcu.externaltools.gnu-tools-for-stm32.9-2020-q2-update.linux64_1.5.0.202011040924/tools/bin/../lib/gcc/arm-none-eabi/9.3.1/../../../../arm-none-eabi/lib/thumb/v7e-m+fp/softfp/libc_nano.a
LOAD /opt/st/stm32cubeide_1.6.1/plugins/com.st.stm32cube.ide.mcu.externaltools.gnu-tools-for-stm32.9-2020-q2-update.linux64_1.5.0.202011040924/tools/bin/../lib/gcc/arm-none-eabi/9.3.1/../../../../arm-none-eabi/lib/thumb/v7e-m+fp/softfp/libnosys.a
END GROUP
LOAD /opt/st/stm32cubeide_1.6.1/plugins/com.st.stm32cube.ide.mcu.externaltools.gnu-tools-for-stm32.9-2020-q2-update.linux64_1.5.0.202011040924/tools/bin/../lib/gcc/arm-none-eabi/9.3.1/thumb/v7e-m+fp/softfp/crtend.o
LOAD /opt/st/stm32cubeide_1.6.1/plugins/com.st.stm32cube.ide.mcu.externaltools.gnu-tools-for-stm32.9-2020-q2-update.linux64_1.5.0.202011040924/tools/bin/../lib/gcc/arm-none-eabi/9.3.1/thumb/v7e-m+fp/softfp/crtn.o
                0x0000000020020000                _estack = (ORIGIN (RAM) + LENGTH (RAM))
                0x0000000000000200                _Min_Heap_Size = 0x200
                0x0000000000000400                _Min_Stack_Size = 0x400

.isr_vector     0x0000000008000000      0x1a8
                0x0000000008000000                . = ALIGN (0x4)
 *(.isr_vector)
 .isr_vector    0x0000000008000000      0x1a8 Startup/startup_stm32f407vgtx.o
                0x0000000008000000                g_pfnVectors
                0x00000000080001a8                . = ALIGN (0x4)

.text           0x00000000080001b0     0x8754
                0x00000000080001b0                . = ALIGN (0x4)
 *(.text)
 .text          0x00000000080001b0       0x40 /opt/st/stm32cubeide_1.6.1/plugins/com.st.stm32cube.ide.mcu.externaltools.gnu-tools-for-stm32.9-2020-q2-update.linux64_1.5.0.202011040924/tools/bin/../lib/gcc/arm-none-eabi/9.3.1/thumb/v7e-m+fp/softfp/crtbegin.o
 .text          0x00000000080001f0       0x10 /opt/st/stm32cubeide_1.6.1/plugins/com.st.stm32cube.ide.mcu.externaltools.gnu-tools-for-stm32.9-2020-q2-update.linux64_1.5.0.202011040924/tools/bin/../lib/gcc/arm-none-eabi/9.3.1/../../../../arm-none-eabi/lib/thumb/v7e-m+fp/softfp/libc_nano.a(lib_a-strlen.o)
                0x00000000080001f0                strlen
 .text          0x0000000008000200       0xa0 /opt/st/stm32cubeide_1.6.1/plugins/com.st.stm32cube.ide.mcu.externaltools.gnu-tools-for-stm32.9-2020-q2-update.linux64_1.5.0.202011040924/tools/bin/../lib/gcc/arm-none-eabi/9.3.1/../../../../arm-none-eabi/lib/thumb/v7e-m+fp/softfp/libc_nano.a(lib_a-memchr.o)
                0x0000000008000200                memchr
 .text          0x00000000080002a0      0x378 /opt/st/stm32cubeide_1.6.1/plugins/com.st.stm32cube.ide.mcu.externaltools.gnu-tools-for-stm32.9-2020-q2-update.linux64_1.5.0.202011040924/tools/bin/../lib/gcc/arm-none-eabi/9.3.1/thumb/v7e-m+fp/softfp/libgcc.a(_arm_addsubdf3.o)
                0x00000000080002a0                __aeabi_drsub
                0x00000000080002a8                __aeabi_dsub
                0x00000000080002a8                __subdf3
                0x00000000080002ac                __adddf3
                0x00000000080002ac                __aeabi_dadd
                0x0000000008000524                __aeabi_ui2d
                0x0000000008000524                __floatunsidf
                0x0000000008000544                __floatsidf
                0x0000000008000544                __aeabi_i2d
                0x0000000008000568                __extendsfdf2
                0x0000000008000568                __aeabi_f2d
                0x00000000080005ac                __aeabi_ul2d
                0x00000000080005ac                __floatundidf
                0x00000000080005bc                __floatdidf
                0x00000000080005bc                __aeabi_l2d
 .text          0x0000000008000618      0x424 /opt/st/stm32cubeide_1.6.1/plugins/com.st.stm32cube.ide.mcu.externaltools.gnu-tools-for-stm32.9-2020-q2-update.linux64_1.5.0.202011040924/tools/bin/../lib/gcc/arm-none-eabi/9.3.1/thumb/v7e-m+fp/softfp/libgcc.a(_arm_muldivdf3.o)
                0x0000000008000618                __aeabi_dmul
                0x0000000008000618                __muldf3
                0x000000000800086c                __aeabi_ddiv
                0x000000000800086c                __divdf3
 .text          0x0000000008000a3c      0x110 /opt/st/stm32cubeide_1.6.1/plugins/com.st.stm32cube.ide.mcu.externaltools.gnu-tools-for-stm32.9-2020-q2-update.linux64_1.5.0.202011040924/tools/bin/../lib/gcc/arm-none-eabi/9.3.1/thumb/v7e-m+fp/softfp/libgcc.a(_arm_cmpdf2.o)
                0x0000000008000a3c                __gtdf2
                0x0000000008000a3c                __gedf2
                0x0000000008000a44                __ltdf2
                0x0000000008000a44                __ledf2
                0x0000000008000a4c                __cmpdf2
                0x0000000008000a4c                __eqdf2
                0x0000000008000a4c                __nedf2
                0x0000000008000ac8                __aeabi_cdrcmple
                0x0000000008000ad8                __aeabi_cdcmple
                0x0000000008000ad8                __aeabi_cdcmpeq
                0x0000000008000ae8                __aeabi_dcmpeq
                0x0000000008000afc                __aeabi_dcmplt
                0x0000000008000b10                __aeabi_dcmple
                0x0000000008000b24                __aeabi_dcmpge
                0x0000000008000b38                __aeabi_dcmpgt
 .text          0x0000000008000b4c       0x2c /opt/st/stm32cubeide_1.6.1/plugins/com.st.stm32cube.ide.mcu.externaltools.gnu-tools-for-stm32.9-2020-q2-update.linux64_1.5.0.202011040924/tools/bin/../lib/gcc/arm-none-eabi/9.3.1/thumb/v7e-m+fp/softfp/libgcc.a(_arm_unorddf2.o)
                0x0000000008000b4c                __aeabi_dcmpun
                0x0000000008000b4c                __unorddf2
 .text          0x0000000008000b78       0x50 /opt/st/stm32cubeide_1.6.1/plugins/com.st.stm32cube.ide.mcu.externaltools.gnu-tools-for-stm32.9-2020-q2-update.linux64_1.5.0.202011040924/tools/bin/../lib/gcc/arm-none-eabi/9.3.1/thumb/v7e-m+fp/softfp/libgcc.a(_arm_fixdfsi.o)
                0x0000000008000b78                __fixdfsi
                0x0000000008000b78                __aeabi_d2iz
 *(.text*)
 .text.ADE_Init
                0x0000000008000bc8       0x58 Devices/Src/ade7753.o
                0x0000000008000bc8                ADE_Init
 .text.ADE_ReadData
                0x0000000008000c20       0x68 Devices/Src/ade7753.o
                0x0000000008000c20                ADE_ReadData
 .text.ADE_SPI_Init
                0x0000000008000c88       0xe4 Devices/Src/ade7753.o
                0x0000000008000c88                ADE_SPI_Init
 .text.ds1307_init
                0x0000000008000d6c       0x1c Devices/Src/ds1307.o
                0x0000000008000d6c                ds1307_init
 .text.ds1307_get_current_time
                0x0000000008000d88       0xe8 Devices/Src/ds1307.o
                0x0000000008000d88                ds1307_get_current_time
 .text.ds1307_get_current_date
                0x0000000008000e70       0x68 Devices/Src/ds1307.o
                0x0000000008000e70                ds1307_get_current_date
 .text.ds1307_i2c_pin_config
                0x0000000008000ed8       0x7c Devices/Src/ds1307.o
                0x0000000008000ed8                ds1307_i2c_pin_config
 .text.ds1307_i2c_config
                0x0000000008000f54       0x2c Devices/Src/ds1307.o
                0x0000000008000f54                ds1307_i2c_config
 .text.ds1307_read
                0x0000000008000f80       0x3c Devices/Src/ds1307.o
                0x0000000008000f80                ds1307_read
 .text.bcd_to_binary
                0x0000000008000fbc       0x36 Devices/Src/ds1307.o
                0x0000000008000fbc                bcd_to_binary
 *fill*         0x0000000008000ff2        0x2 
 .text.KEYPAD_Init
                0x0000000008000ff4       0xe4 Devices/Src/keypad.o
                0x0000000008000ff4                KEYPAD_Init
 .text.KEYPAD_Read
                0x00000000080010d8       0x18 Devices/Src/keypad.o
                0x00000000080010d8                KEYPAD_Read
 .text.KEYPAD_INT_SetRow
                0x00000000080010f0       0x90 Devices/Src/keypad.o
                0x00000000080010f0                KEYPAD_INT_SetRow
 .text.KEYPAD_INT_CheckColumn
                0x0000000008001180       0x9c Devices/Src/keypad.o
                0x0000000008001180                KEYPAD_INT_CheckColumn
 .text.KEYPAD_INT_Read
                0x000000000800121c       0x84 Devices/Src/keypad.o
                0x000000000800121c                KEYPAD_INT_Read
 .text.KEYPAD_Hold
                0x00000000080012a0       0x1e Devices/Src/keypad.o
                0x00000000080012a0                KEYPAD_Hold
 *fill*         0x00000000080012be        0x2 
 .text.KEYPAD_Update
                0x00000000080012c0       0x18 Devices/Src/keypad.o
                0x00000000080012c0                KEYPAD_Update
 .text.LCD5110_send
                0x00000000080012d8       0x48 Devices/Src/lcd5110.o
                0x00000000080012d8                LCD5110_send
 .text.LCD5110_Pin
                0x0000000008001320       0x68 Devices/Src/lcd5110.o
                0x0000000008001320                LCD5110_Pin
 .text.LCD5110_Delay
                0x0000000008001388       0x2a Devices/Src/lcd5110.o
                0x0000000008001388                LCD5110_Delay
 *fill*         0x00000000080013b2        0x2 
 .text.LCD5110_Init
                0x00000000080013b4      0x14c Devices/Src/lcd5110.o
                0x00000000080013b4                LCD5110_Init
 .text.LCD5110_Write
                0x0000000008001500       0x40 Devices/Src/lcd5110.o
                0x0000000008001500                LCD5110_Write
 .text.LCD5110_DrawPixel
                0x0000000008001540       0xbc Devices/Src/lcd5110.o
                0x0000000008001540                LCD5110_DrawPixel
 .text.LCD5110_Clear
                0x00000000080015fc       0x4c Devices/Src/lcd5110.o
                0x00000000080015fc                LCD5110_Clear
 .text.LCD5110_Home
                0x0000000008001648       0x18 Devices/Src/lcd5110.o
                0x0000000008001648                LCD5110_Home
 .text.LCD5110_Refresh
                0x0000000008001660       0xc4 Devices/Src/lcd5110.o
                0x0000000008001660                LCD5110_Refresh
 .text.LCD5110_UpdateArea
                0x0000000008001724       0x78 Devices/Src/lcd5110.o
                0x0000000008001724                LCD5110_UpdateArea
 .text.LCD5110_GotoXY
                0x000000000800179c       0x30 Devices/Src/lcd5110.o
                0x000000000800179c                LCD5110_GotoXY
 .text.LCD5110_Putc
                0x00000000080017cc      0x154 Devices/Src/lcd5110.o
                0x00000000080017cc                LCD5110_Putc
 .text.LCD5110_Puts
                0x0000000008001920       0x36 Devices/Src/lcd5110.o
                0x0000000008001920                LCD5110_Puts
 .text.vListInitialise
                0x0000000008001956       0x40 FreeRTOS/list.o
                0x0000000008001956                vListInitialise
 .text.vListInitialiseItem
                0x0000000008001996       0x1a FreeRTOS/list.o
                0x0000000008001996                vListInitialiseItem
 .text.vListInsertEnd
                0x00000000080019b0       0x48 FreeRTOS/list.o
                0x00000000080019b0                vListInsertEnd
 .text.vListInsert
                0x00000000080019f8       0x72 FreeRTOS/list.o
                0x00000000080019f8                vListInsert
 .text.uxListRemove
                0x0000000008001a6a       0x54 FreeRTOS/list.o
                0x0000000008001a6a                uxListRemove
 *fill*         0x0000000008001abe        0x2 
 .text.xQueueGenericReset
                0x0000000008001ac0       0xd0 FreeRTOS/queue.o
                0x0000000008001ac0                xQueueGenericReset
 .text.xQueueGenericCreate
                0x0000000008001b90       0xbe FreeRTOS/queue.o
                0x0000000008001b90                xQueueGenericCreate
 .text.prvInitialiseNewQueue
                0x0000000008001c4e       0x46 FreeRTOS/queue.o
 .text.xQueueGenericSend
                0x0000000008001c94      0x1fc FreeRTOS/queue.o
                0x0000000008001c94                xQueueGenericSend
 .text.xQueueGenericSendFromISR
                0x0000000008001e90      0x154 FreeRTOS/queue.o
                0x0000000008001e90                xQueueGenericSendFromISR
 .text.xQueueReceive
                0x0000000008001fe4      0x1c0 FreeRTOS/queue.o
                0x0000000008001fe4                xQueueReceive
 .text.prvCopyDataToQueue
                0x00000000080021a4       0xd4 FreeRTOS/queue.o
 .text.prvCopyDataFromQueue
                0x0000000008002278       0x4c FreeRTOS/queue.o
 .text.prvUnlockQueue
                0x00000000080022c4       0xa4 FreeRTOS/queue.o
 .text.prvIsQueueEmpty
                0x0000000008002368       0x2c FreeRTOS/queue.o
 .text.prvIsQueueFull
                0x0000000008002394       0x30 FreeRTOS/queue.o
 .text.vQueueAddToRegistry
                0x00000000080023c4       0x54 FreeRTOS/queue.o
                0x00000000080023c4                vQueueAddToRegistry
 .text.vQueueWaitForMessageRestricted
                0x0000000008002418       0x68 FreeRTOS/queue.o
                0x0000000008002418                vQueueWaitForMessageRestricted
 .text.xTaskCreate
                0x0000000008002480       0x82 FreeRTOS/tasks.o
                0x0000000008002480                xTaskCreate
 .text.prvInitialiseNewTask
                0x0000000008002502      0x12c FreeRTOS/tasks.o
 *fill*         0x000000000800262e        0x2 
 .text.prvAddNewTaskToReadyList
                0x0000000008002630       0xdc FreeRTOS/tasks.o
 .text.vTaskDelay
                0x000000000800270c       0x68 FreeRTOS/tasks.o
                0x000000000800270c                vTaskDelay
 .text.vTaskStartScheduler
                0x0000000008002774       0xa4 FreeRTOS/tasks.o
                0x0000000008002774                vTaskStartScheduler
 .text.vTaskSuspendAll
                0x0000000008002818       0x1c FreeRTOS/tasks.o
                0x0000000008002818                vTaskSuspendAll
 .text.xTaskResumeAll
                0x0000000008002834      0x138 FreeRTOS/tasks.o
                0x0000000008002834                xTaskResumeAll
 .text.xTaskGetTickCount
                0x000000000800296c       0x20 FreeRTOS/tasks.o
                0x000000000800296c                xTaskGetTickCount
 .text.xTaskIncrementTick
                0x000000000800298c      0x170 FreeRTOS/tasks.o
                0x000000000800298c                xTaskIncrementTick
 .text.vTaskSwitchContext
                0x0000000008002afc       0xb8 FreeRTOS/tasks.o
                0x0000000008002afc                vTaskSwitchContext
 .text.vTaskPlaceOnEventList
                0x0000000008002bb4       0x48 FreeRTOS/tasks.o
                0x0000000008002bb4                vTaskPlaceOnEventList
 .text.vTaskPlaceOnEventListRestricted
                0x0000000008002bfc       0x58 FreeRTOS/tasks.o
                0x0000000008002bfc                vTaskPlaceOnEventListRestricted
 .text.xTaskRemoveFromEventList
                0x0000000008002c54       0xc4 FreeRTOS/tasks.o
                0x0000000008002c54                xTaskRemoveFromEventList
 .text.vTaskInternalSetTimeOutState
                0x0000000008002d18       0x2c FreeRTOS/tasks.o
                0x0000000008002d18                vTaskInternalSetTimeOutState
 .text.xTaskCheckForTimeOut
                0x0000000008002d44       0xcc FreeRTOS/tasks.o
                0x0000000008002d44                xTaskCheckForTimeOut
 .text.vTaskMissedYield
                0x0000000008002e10       0x18 FreeRTOS/tasks.o
                0x0000000008002e10                vTaskMissedYield
 .text.prvIdleTask
                0x0000000008002e28       0x30 FreeRTOS/tasks.o
 .text.prvInitialiseTaskLists
                0x0000000008002e58       0x80 FreeRTOS/tasks.o
 .text.prvCheckTasksWaitingTermination
                0x0000000008002ed8       0x5c FreeRTOS/tasks.o
 .text.prvDeleteTCB
                0x0000000008002f34       0x20 FreeRTOS/tasks.o
 .text.prvResetNextTaskUnblockTime
                0x0000000008002f54       0x38 FreeRTOS/tasks.o
 .text.xTaskGetSchedulerState
                0x0000000008002f8c       0x3c FreeRTOS/tasks.o
                0x0000000008002f8c                xTaskGetSchedulerState
 .text.xTaskPriorityDisinherit
                0x0000000008002fc8       0xf4 FreeRTOS/tasks.o
                0x0000000008002fc8                xTaskPriorityDisinherit
 .text.prvAddCurrentTaskToDelayedList
                0x00000000080030bc       0xcc FreeRTOS/tasks.o
 .text.xTimerCreateTimerTask
                0x0000000008003188       0x64 FreeRTOS/timers.o
                0x0000000008003188                xTimerCreateTimerTask
 .text.xTimerGenericCommand
                0x00000000080031ec       0x9c FreeRTOS/timers.o
                0x00000000080031ec                xTimerGenericCommand
 .text.prvProcessExpiredTimer
                0x0000000008003288       0x98 FreeRTOS/timers.o
 .text.prvTimerTask
                0x0000000008003320       0x24 FreeRTOS/timers.o
 .text.prvProcessTimerOrBlockTask
                0x0000000008003344       0x9c FreeRTOS/timers.o
 .text.prvGetNextExpireTime
                0x00000000080033e0       0x48 FreeRTOS/timers.o
 .text.prvSampleTimeNow
                0x0000000008003428       0x40 FreeRTOS/timers.o
 .text.prvInsertTimerInActiveList
                0x0000000008003468       0x84 FreeRTOS/timers.o
 .text.prvProcessReceivedCommands
                0x00000000080034ec      0x18c FreeRTOS/timers.o
 .text.prvSwitchTimerLists
                0x0000000008003678       0xc8 FreeRTOS/timers.o
 .text.prvCheckForValidListAndQueue
                0x0000000008003740       0x6c FreeRTOS/timers.o
 .text.pxPortInitialiseStack
                0x00000000080037ac       0x68 FreeRTOS/portable/GCC/ARM_CM4F/port.o
                0x00000000080037ac                pxPortInitialiseStack
 .text.prvTaskExitError
                0x0000000008003814       0x58 FreeRTOS/portable/GCC/ARM_CM4F/port.o
 *fill*         0x000000000800386c        0x4 
 .text.SVC_Handler
                0x0000000008003870       0x28 FreeRTOS/portable/GCC/ARM_CM4F/port.o
                0x0000000008003870                SVC_Handler
 .text.prvPortStartFirstTask
                0x0000000008003898       0x2c FreeRTOS/portable/GCC/ARM_CM4F/port.o
 .text.xPortStartScheduler
                0x00000000080038c4      0x144 FreeRTOS/portable/GCC/ARM_CM4F/port.o
                0x00000000080038c4                xPortStartScheduler
 .text.vPortEnterCritical
                0x0000000008003a08       0x60 FreeRTOS/portable/GCC/ARM_CM4F/port.o
                0x0000000008003a08                vPortEnterCritical
 .text.vPortExitCritical
                0x0000000008003a68       0x54 FreeRTOS/portable/GCC/ARM_CM4F/port.o
                0x0000000008003a68                vPortExitCritical
 *fill*         0x0000000008003abc        0x4 
 .text.PendSV_Handler
                0x0000000008003ac0       0x68 FreeRTOS/portable/GCC/ARM_CM4F/port.o
                0x0000000008003ac0                PendSV_Handler
 .text.SysTick_Handler
                0x0000000008003b28       0x44 FreeRTOS/portable/GCC/ARM_CM4F/port.o
                0x0000000008003b28                SysTick_Handler
 .text.vPortSetupTimerInterrupt
                0x0000000008003b6c       0x48 FreeRTOS/portable/GCC/ARM_CM4F/port.o
                0x0000000008003b6c                vPortSetupTimerInterrupt
 .text.vPortEnableVFP
                0x0000000008003bb4       0x18 FreeRTOS/portable/GCC/ARM_CM4F/port.o
 .text.vPortValidateInterruptPriority
                0x0000000008003bcc       0x80 FreeRTOS/portable/GCC/ARM_CM4F/port.o
                0x0000000008003bcc                vPortValidateInterruptPriority
 .text.pvPortMalloc
                0x0000000008003c4c      0x1c0 FreeRTOS/portable/MemMang/heap_4.o
                0x0000000008003c4c                pvPortMalloc
 .text.vPortFree
                0x0000000008003e0c       0xc4 FreeRTOS/portable/MemMang/heap_4.o
                0x0000000008003e0c                vPortFree
 .text.prvHeapInit
                0x0000000008003ed0       0xc4 FreeRTOS/portable/MemMang/heap_4.o
 .text.prvInsertBlockIntoFreeList
                0x0000000008003f94       0xb4 FreeRTOS/portable/MemMang/heap_4.o
 .text.GPIO_PeriClockControl
                0x0000000008004048      0x10c Libraries/Src/stm32f407xx_gpio.o
                0x0000000008004048                GPIO_PeriClockControl
 .text.GPIO_Init
                0x0000000008004154      0x338 Libraries/Src/stm32f407xx_gpio.o
                0x0000000008004154                GPIO_Init
 .text.GPIO_ReadFromInputPin
                0x000000000800448c       0x2c Libraries/Src/stm32f407xx_gpio.o
                0x000000000800448c                GPIO_ReadFromInputPin
 .text.GPIO_WriteToOutputPin
                0x00000000080044b8       0x4a Libraries/Src/stm32f407xx_gpio.o
                0x00000000080044b8                GPIO_WriteToOutputPin
 .text.I2C_GenerateStartCondition
                0x0000000008004502       0x20 Libraries/Src/stm32f407xx_i2c.o
 .text.I2C_ExecuteAddressPhaseWrite
                0x0000000008004522       0x2c Libraries/Src/stm32f407xx_i2c.o
 .text.I2C_ExecuteAddressPhaseRead
                0x000000000800454e       0x2c Libraries/Src/stm32f407xx_i2c.o
 .text.I2C_ClearADDRFlag
                0x000000000800457a       0x6e Libraries/Src/stm32f407xx_i2c.o
 .text.I2C_GenerateStopCondition
                0x00000000080045e8       0x20 Libraries/Src/stm32f407xx_i2c.o
                0x00000000080045e8                I2C_GenerateStopCondition
 .text.I2C_PeripheralControl
                0x0000000008004608       0x38 Libraries/Src/stm32f407xx_i2c.o
                0x0000000008004608                I2C_PeripheralControl
 .text.I2C_PeriClockControl
                0x0000000008004640       0x70 Libraries/Src/stm32f407xx_i2c.o
                0x0000000008004640                I2C_PeriClockControl
 .text.I2C_Init
                0x00000000080046b0      0x164 Libraries/Src/stm32f407xx_i2c.o
                0x00000000080046b0                I2C_Init
 .text.I2C_GetFlagStatus
                0x0000000008004814       0x28 Libraries/Src/stm32f407xx_i2c.o
                0x0000000008004814                I2C_GetFlagStatus
 .text.I2C_MasterSendData
                0x000000000800483c      0x136 Libraries/Src/stm32f407xx_i2c.o
                0x000000000800483c                I2C_MasterSendData
 .text.I2C_MasterReceiveData
                0x0000000008004972      0x176 Libraries/Src/stm32f407xx_i2c.o
                0x0000000008004972                I2C_MasterReceiveData
 .text.I2C_ManageAcking
                0x0000000008004ae8       0x38 Libraries/Src/stm32f407xx_i2c.o
                0x0000000008004ae8                I2C_ManageAcking
 .text.RCC_GetPCLK1Value
                0x0000000008004b20       0xb0 Libraries/Src/stm32f407xx_rcc.o
                0x0000000008004b20                RCC_GetPCLK1Value
 .text.RCC_GetPLLOutputClock
                0x0000000008004bd0       0x10 Libraries/Src/stm32f407xx_rcc.o
                0x0000000008004bd0                RCC_GetPLLOutputClock
 .text.SPI_PeriClockControl
                0x0000000008004be0       0x70 Libraries/Src/stm32f407xx_spi.o
                0x0000000008004be0                SPI_PeriClockControl
 .text.SPI_Init
                0x0000000008004c50       0xb6 Libraries/Src/stm32f407xx_spi.o
                0x0000000008004c50                SPI_Init
 .text.SPI_Transfer
                0x0000000008004d06       0x56 Libraries/Src/stm32f407xx_spi.o
                0x0000000008004d06                SPI_Transfer
 .text.SPI_PeripheralControl
                0x0000000008004d5c       0x38 Libraries/Src/stm32f407xx_spi.o
                0x0000000008004d5c                SPI_PeripheralControl
 .text.SPI_SSOEConfig
                0x0000000008004d94       0x38 Libraries/Src/stm32f407xx_spi.o
                0x0000000008004d94                SPI_SSOEConfig
 .text.lcd_puts_xy
                0x0000000008004dcc       0x42 Src/lcd_control.o
                0x0000000008004dcc                lcd_puts_xy
 *fill*         0x0000000008004e0e        0x2 
 .text.range_scale
                0x0000000008004e10      0x12c Src/lcd_control.o
                0x0000000008004e10                range_scale
 .text.lcd_screen_1_refresh
                0x0000000008004f3c      0x12c Src/lcd_control.o
                0x0000000008004f3c                lcd_screen_1_refresh
 .text.lcd_screen_2_refresh
                0x0000000008005068      0x124 Src/lcd_control.o
                0x0000000008005068                lcd_screen_2_refresh
 .text.lcd_screen_3_refresh
                0x000000000800518c      0x118 Src/lcd_control.o
                0x000000000800518c                lcd_screen_3_refresh
 .text.lcd_screen_4_refresh
                0x00000000080052a4       0xc0 Src/lcd_control.o
                0x00000000080052a4                lcd_screen_4_refresh
 .text.lcd_screen_refresh
                0x0000000008005364       0x4c Src/lcd_control.o
                0x0000000008005364                lcd_screen_refresh
 .text.lcd_screen_1_reset
                0x00000000080053b0       0x18 Src/lcd_control.o
                0x00000000080053b0                lcd_screen_1_reset
 .text.lcd_screen_2_reset
                0x00000000080053c8       0x18 Src/lcd_control.o
                0x00000000080053c8                lcd_screen_2_reset
 .text.lcd_screen_3_reset
                0x00000000080053e0       0x24 Src/lcd_control.o
                0x00000000080053e0                lcd_screen_3_reset
 .text.lcd_screen_4_reset
                0x0000000008005404       0x30 Src/lcd_control.o
                0x0000000008005404                lcd_screen_4_reset
 .text.lcd_screen_3_timer_count_up
                0x0000000008005434       0x7c Src/lcd_control.o
                0x0000000008005434                lcd_screen_3_timer_count_up
 .text.lcd_screen_4_rtc_update
                0x00000000080054b0       0x28 Src/lcd_control.o
                0x00000000080054b0                lcd_screen_4_rtc_update
 .text.lcd_screen_4_switch_mode
                0x00000000080054d8       0x20 Src/lcd_control.o
                0x00000000080054d8                lcd_screen_4_switch_mode
 .text.main     0x00000000080054f8       0xbc Src/main.o
                0x00000000080054f8                main
 .text.keypad_handler
                0x00000000080055b4       0xa4 Src/main.o
                0x00000000080055b4                keypad_handler
 .text.lcd_handler
                0x0000000008005658       0xf4 Src/main.o
                0x0000000008005658                lcd_handler
 .text.ade_handler
                0x000000000800574c       0x28 Src/main.o
                0x000000000800574c                ade_handler
 .text.rtc_handler
                0x0000000008005774       0xc8 Src/main.o
                0x0000000008005774                rtc_handler
 .text.usart_handler
                0x000000000800583c       0x24 Src/main.o
                0x000000000800583c                usart_handler
 .text.LED_Init
                0x0000000008005860       0x68 Src/main.o
                0x0000000008005860                LED_Init
 .text.EXTI15_10_IRQHandler
                0x00000000080058c8       0x64 Src/main.o
                0x00000000080058c8                EXTI15_10_IRQHandler
 .text.ITM_SendChar
                0x000000000800592c       0x50 Src/syscalls.o
                0x000000000800592c                ITM_SendChar
 .text._getpid  0x000000000800597c       0x10 Src/syscalls.o
                0x000000000800597c                _getpid
 .text._kill    0x000000000800598c       0x20 Src/syscalls.o
                0x000000000800598c                _kill
 .text._exit    0x00000000080059ac       0x14 Src/syscalls.o
                0x00000000080059ac                _exit
 .text._read    0x00000000080059c0       0x3a Src/syscalls.o
                0x00000000080059c0                _read
 .text._write   0x00000000080059fa       0x38 Src/syscalls.o
                0x00000000080059fa                _write
 .text._close   0x0000000008005a32       0x18 Src/syscalls.o
                0x0000000008005a32                _close
 .text._fstat   0x0000000008005a4a       0x20 Src/syscalls.o
                0x0000000008005a4a                _fstat
 .text._isatty  0x0000000008005a6a       0x16 Src/syscalls.o
                0x0000000008005a6a                _isatty
 .text._lseek   0x0000000008005a80       0x1a Src/syscalls.o
                0x0000000008005a80                _lseek
 *fill*         0x0000000008005a9a        0x2 
 .text._sbrk    0x0000000008005a9c       0x6c Src/sysmem.o
                0x0000000008005a9c                _sbrk
 .text.Reset_Handler
                0x0000000008005b08       0x50 Startup/startup_stm32f407vgtx.o
                0x0000000008005b08                Reset_Handler
 .text.Default_Handler
                0x0000000008005b58        0x2 Startup/startup_stm32f407vgtx.o
                0x0000000008005b58                RTC_Alarm_IRQHandler
                0x0000000008005b58                HASH_RNG_IRQHandler
                0x0000000008005b58                EXTI2_IRQHandler
                0x0000000008005b58                TIM8_CC_IRQHandler
                0x0000000008005b58                DebugMon_Handler
                0x0000000008005b58                TIM1_CC_IRQHandler
                0x0000000008005b58                DMA2_Stream5_IRQHandler
                0x0000000008005b58                HardFault_Handler
                0x0000000008005b58                DMA1_Stream5_IRQHandler
                0x0000000008005b58                PVD_IRQHandler
                0x0000000008005b58                SDIO_IRQHandler
                0x0000000008005b58                TAMP_STAMP_IRQHandler
                0x0000000008005b58                NMI_Handler
                0x0000000008005b58                CAN2_RX1_IRQHandler
                0x0000000008005b58                EXTI3_IRQHandler
                0x0000000008005b58                TIM8_TRG_COM_TIM14_IRQHandler
                0x0000000008005b58                TIM1_UP_TIM10_IRQHandler
                0x0000000008005b58                TIM8_UP_TIM13_IRQHandler
                0x0000000008005b58                I2C3_ER_IRQHandler
                0x0000000008005b58                LCD_TFT_IRQHandler
                0x0000000008005b58                EXTI0_IRQHandler
                0x0000000008005b58                I2C2_EV_IRQHandler
                0x0000000008005b58                DMA1_Stream2_IRQHandler
                0x0000000008005b58                CAN1_RX0_IRQHandler
                0x0000000008005b58                FPU_IRQHandler
                0x0000000008005b58                OTG_HS_WKUP_IRQHandler
                0x0000000008005b58                UsageFault_Handler
                0x0000000008005b58                CAN2_SCE_IRQHandler
                0x0000000008005b58                DMA2_Stream2_IRQHandler
                0x0000000008005b58                SPI1_IRQHandler
                0x0000000008005b58                TIM6_DAC_IRQHandler
                0x0000000008005b58                TIM1_BRK_TIM9_IRQHandler
                0x0000000008005b58                DCMI_IRQHandler
                0x0000000008005b58                CAN2_RX0_IRQHandler
                0x0000000008005b58                DMA2_Stream3_IRQHandler
                0x0000000008005b58                USART6_IRQHandler
                0x0000000008005b58                USART3_IRQHandler
                0x0000000008005b58                CRYP_IRQHandler
                0x0000000008005b58                CAN1_RX1_IRQHandler
                0x0000000008005b58                UART5_IRQHandler
                0x0000000008005b58                DMA2_Stream0_IRQHandler
                0x0000000008005b58                TIM4_IRQHandler
                0x0000000008005b58                I2C1_EV_IRQHandler
                0x0000000008005b58                DMA1_Stream6_IRQHandler
                0x0000000008005b58                DMA1_Stream1_IRQHandler
                0x0000000008005b58                UART4_IRQHandler
                0x0000000008005b58                LCD_TFT_1_IRQHandler
                0x0000000008005b58                TIM3_IRQHandler
                0x0000000008005b58                RCC_IRQHandler
                0x0000000008005b58                TIM8_BRK_TIM12_IRQHandler
                0x0000000008005b58                Default_Handler
                0x0000000008005b58                ADC_IRQHandler
                0x0000000008005b58                DMA1_Stream7_IRQHandler
                0x0000000008005b58                TIM7_IRQHandler
                0x0000000008005b58                CAN2_TX_IRQHandler
                0x0000000008005b58                TIM5_IRQHandler
                0x0000000008005b58                DMA2_Stream7_IRQHandler
                0x0000000008005b58                I2C3_EV_IRQHandler
                0x0000000008005b58                EXTI9_5_IRQHandler
                0x0000000008005b58                RTC_WKUP_IRQHandler
                0x0000000008005b58                ETH_WKUP_IRQHandler
                0x0000000008005b58                SPI2_IRQHandler
                0x0000000008005b58                OTG_HS_EP1_IN_IRQHandler
                0x0000000008005b58                MemManage_Handler
                0x0000000008005b58                DMA1_Stream0_IRQHandler
                0x0000000008005b58                CAN1_TX_IRQHandler
                0x0000000008005b58                EXTI4_IRQHandler
                0x0000000008005b58                FSMC_IRQHandler
                0x0000000008005b58                ETH_IRQHandler
                0x0000000008005b58                OTG_HS_EP1_OUT_IRQHandler
                0x0000000008005b58                WWDG_IRQHandler
                0x0000000008005b58                TIM2_IRQHandler
                0x0000000008005b58                OTG_FS_WKUP_IRQHandler
                0x0000000008005b58                TIM1_TRG_COM_TIM11_IRQHandler
                0x0000000008005b58                OTG_HS_IRQHandler
                0x0000000008005b58                EXTI1_IRQHandler
                0x0000000008005b58                USART2_IRQHandler
                0x0000000008005b58                I2C2_ER_IRQHandler
                0x0000000008005b58                DMA2_Stream1_IRQHandler
                0x0000000008005b58                CAN1_SCE_IRQHandler
                0x0000000008005b58                DMA2_Stream4_IRQHandler
                0x0000000008005b58                BusFault_Handler
                0x0000000008005b58                USART1_IRQHandler
                0x0000000008005b58                OTG_FS_IRQHandler
                0x0000000008005b58                SPI3_IRQHandler
                0x0000000008005b58                DMA1_Stream4_IRQHandler
                0x0000000008005b58                I2C1_ER_IRQHandler
                0x0000000008005b58                DMA2_Stream6_IRQHandler
                0x0000000008005b58                DMA1_Stream3_IRQHandler
 *fill*         0x0000000008005b5a        0x2 
 .text.__errno  0x0000000008005b5c        0xc /opt/st/stm32cubeide_1.6.1/plugins/com.st.stm32cube.ide.mcu.externaltools.gnu-tools-for-stm32.9-2020-q2-update.linux64_1.5.0.202011040924/tools/bin/../lib/gcc/arm-none-eabi/9.3.1/../../../../arm-none-eabi/lib/thumb/v7e-m+fp/softfp/libc_nano.a(lib_a-errno.o)
                0x0000000008005b5c                __errno
 .text.__libc_init_array
                0x0000000008005b68       0x48 /opt/st/stm32cubeide_1.6.1/plugins/com.st.stm32cube.ide.mcu.externaltools.gnu-tools-for-stm32.9-2020-q2-update.linux64_1.5.0.202011040924/tools/bin/../lib/gcc/arm-none-eabi/9.3.1/../../../../arm-none-eabi/lib/thumb/v7e-m+fp/softfp/libc_nano.a(lib_a-init.o)
                0x0000000008005b68                __libc_init_array
 .text.memcpy   0x0000000008005bb0       0x1c /opt/st/stm32cubeide_1.6.1/plugins/com.st.stm32cube.ide.mcu.externaltools.gnu-tools-for-stm32.9-2020-q2-update.linux64_1.5.0.202011040924/tools/bin/../lib/gcc/arm-none-eabi/9.3.1/../../../../arm-none-eabi/lib/thumb/v7e-m+fp/softfp/libc_nano.a(lib_a-memcpy-stub.o)
                0x0000000008005bb0                memcpy
 .text.memset   0x0000000008005bcc       0x10 /opt/st/stm32cubeide_1.6.1/plugins/com.st.stm32cube.ide.mcu.externaltools.gnu-tools-for-stm32.9-2020-q2-update.linux64_1.5.0.202011040924/tools/bin/../lib/gcc/arm-none-eabi/9.3.1/../../../../arm-none-eabi/lib/thumb/v7e-m+fp/softfp/libc_nano.a(lib_a-memset.o)
                0x0000000008005bcc                memset
 .text.__cvt    0x0000000008005bdc       0xc2 /opt/st/stm32cubeide_1.6.1/plugins/com.st.stm32cube.ide.mcu.externaltools.gnu-tools-for-stm32.9-2020-q2-update.linux64_1.5.0.202011040924/tools/bin/../lib/gcc/arm-none-eabi/9.3.1/../../../../arm-none-eabi/lib/thumb/v7e-m+fp/softfp/libc_nano.a(lib_a-nano-vfprintf_float.o)
                0x0000000008005bdc                __cvt
 .text.__exponent
                0x0000000008005c9e       0x7c /opt/st/stm32cubeide_1.6.1/plugins/com.st.stm32cube.ide.mcu.externaltools.gnu-tools-for-stm32.9-2020-q2-update.linux64_1.5.0.202011040924/tools/bin/../lib/gcc/arm-none-eabi/9.3.1/../../../../arm-none-eabi/lib/thumb/v7e-m+fp/softfp/libc_nano.a(lib_a-nano-vfprintf_float.o)
                0x0000000008005c9e                __exponent
 *fill*         0x0000000008005d1a        0x2 
 .text._printf_float
                0x0000000008005d1c      0x470 /opt/st/stm32cubeide_1.6.1/plugins/com.st.stm32cube.ide.mcu.externaltools.gnu-tools-for-stm32.9-2020-q2-update.linux64_1.5.0.202011040924/tools/bin/../lib/gcc/arm-none-eabi/9.3.1/../../../../arm-none-eabi/lib/thumb/v7e-m+fp/softfp/libc_nano.a(lib_a-nano-vfprintf_float.o)
                0x0000000008005d1c                _printf_float
 .text._printf_common
                0x000000000800618c       0xda /opt/st/stm32cubeide_1.6.1/plugins/com.st.stm32cube.ide.mcu.externaltools.gnu-tools-for-stm32.9-2020-q2-update.linux64_1.5.0.202011040924/tools/bin/../lib/gcc/arm-none-eabi/9.3.1/../../../../arm-none-eabi/lib/thumb/v7e-m+fp/softfp/libc_nano.a(lib_a-nano-vfprintf_i.o)
                0x000000000800618c                _printf_common
 *fill*         0x0000000008006266        0x2 
 .text._printf_i
                0x0000000008006268      0x24c /opt/st/stm32cubeide_1.6.1/plugins/com.st.stm32cube.ide.mcu.externaltools.gnu-tools-for-stm32.9-2020-q2-update.linux64_1.5.0.202011040924/tools/bin/../lib/gcc/arm-none-eabi/9.3.1/../../../../arm-none-eabi/lib/thumb/v7e-m+fp/softfp/libc_nano.a(lib_a-nano-vfprintf_i.o)
                0x0000000008006268                _printf_i
 .text.sprintf  0x00000000080064b4       0x40 /opt/st/stm32cubeide_1.6.1/plugins/com.st.stm32cube.ide.mcu.externaltools.gnu-tools-for-stm32.9-2020-q2-update.linux64_1.5.0.202011040924/tools/bin/../lib/gcc/arm-none-eabi/9.3.1/../../../../arm-none-eabi/lib/thumb/v7e-m+fp/softfp/libc_nano.a(lib_a-sprintf.o)
                0x00000000080064b4                sprintf
                0x00000000080064b4                siprintf
 .text.quorem   0x00000000080064f4      0x116 /opt/st/stm32cubeide_1.6.1/plugins/com.st.stm32cube.ide.mcu.externaltools.gnu-tools-for-stm32.9-2020-q2-update.linux64_1.5.0.202011040924/tools/bin/../lib/gcc/arm-none-eabi/9.3.1/../../../../arm-none-eabi/lib/thumb/v7e-m+fp/softfp/libc_nano.a(lib_a-dtoa.o)
 *fill*         0x000000000800660a        0x6 
 .text._dtoa_r  0x0000000008006610      0xbd8 /opt/st/stm32cubeide_1.6.1/plugins/com.st.stm32cube.ide.mcu.externaltools.gnu-tools-for-stm32.9-2020-q2-update.linux64_1.5.0.202011040924/tools/bin/../lib/gcc/arm-none-eabi/9.3.1/../../../../arm-none-eabi/lib/thumb/v7e-m+fp/softfp/libc_nano.a(lib_a-dtoa.o)
                0x0000000008006610                _dtoa_r
 .text._localeconv_r
                0x00000000080071e8        0x8 /opt/st/stm32cubeide_1.6.1/plugins/com.st.stm32cube.ide.mcu.externaltools.gnu-tools-for-stm32.9-2020-q2-update.linux64_1.5.0.202011040924/tools/bin/../lib/gcc/arm-none-eabi/9.3.1/../../../../arm-none-eabi/lib/thumb/v7e-m+fp/softfp/libc_nano.a(lib_a-localeconv.o)
                0x00000000080071e8                _localeconv_r
 .text.malloc   0x00000000080071f0       0x10 /opt/st/stm32cubeide_1.6.1/plugins/com.st.stm32cube.ide.mcu.externaltools.gnu-tools-for-stm32.9-2020-q2-update.linux64_1.5.0.202011040924/tools/bin/../lib/gcc/arm-none-eabi/9.3.1/../../../../arm-none-eabi/lib/thumb/v7e-m+fp/softfp/libc_nano.a(lib_a-malloc.o)
                0x00000000080071f0                malloc
 .text._Balloc  0x0000000008007200       0x80 /opt/st/stm32cubeide_1.6.1/plugins/com.st.stm32cube.ide.mcu.externaltools.gnu-tools-for-stm32.9-2020-q2-update.linux64_1.5.0.202011040924/tools/bin/../lib/gcc/arm-none-eabi/9.3.1/../../../../arm-none-eabi/lib/thumb/v7e-m+fp/softfp/libc_nano.a(lib_a-mprec.o)
                0x0000000008007200                _Balloc
 .text._Bfree   0x0000000008007280       0x44 /opt/st/stm32cubeide_1.6.1/plugins/com.st.stm32cube.ide.mcu.externaltools.gnu-tools-for-stm32.9-2020-q2-update.linux64_1.5.0.202011040924/tools/bin/../lib/gcc/arm-none-eabi/9.3.1/../../../../arm-none-eabi/lib/thumb/v7e-m+fp/softfp/libc_nano.a(lib_a-mprec.o)
                0x0000000008007280                _Bfree
 .text.__multadd
                0x00000000080072c4       0x94 /opt/st/stm32cubeide_1.6.1/plugins/com.st.stm32cube.ide.mcu.externaltools.gnu-tools-for-stm32.9-2020-q2-update.linux64_1.5.0.202011040924/tools/bin/../lib/gcc/arm-none-eabi/9.3.1/../../../../arm-none-eabi/lib/thumb/v7e-m+fp/softfp/libc_nano.a(lib_a-mprec.o)
                0x00000000080072c4                __multadd
 .text.__hi0bits
                0x0000000008007358       0x40 /opt/st/stm32cubeide_1.6.1/plugins/com.st.stm32cube.ide.mcu.externaltools.gnu-tools-for-stm32.9-2020-q2-update.linux64_1.5.0.202011040924/tools/bin/../lib/gcc/arm-none-eabi/9.3.1/../../../../arm-none-eabi/lib/thumb/v7e-m+fp/softfp/libc_nano.a(lib_a-mprec.o)
                0x0000000008007358                __hi0bits
 .text.__lo0bits
                0x0000000008007398       0x60 /opt/st/stm32cubeide_1.6.1/plugins/com.st.stm32cube.ide.mcu.externaltools.gnu-tools-for-stm32.9-2020-q2-update.linux64_1.5.0.202011040924/tools/bin/../lib/gcc/arm-none-eabi/9.3.1/../../../../arm-none-eabi/lib/thumb/v7e-m+fp/softfp/libc_nano.a(lib_a-mprec.o)
                0x0000000008007398                __lo0bits
 .text.__i2b    0x00000000080073f8       0x2c /opt/st/stm32cubeide_1.6.1/plugins/com.st.stm32cube.ide.mcu.externaltools.gnu-tools-for-stm32.9-2020-q2-update.linux64_1.5.0.202011040924/tools/bin/../lib/gcc/arm-none-eabi/9.3.1/../../../../arm-none-eabi/lib/thumb/v7e-m+fp/softfp/libc_nano.a(lib_a-mprec.o)
                0x00000000080073f8                __i2b
 .text.__multiply
                0x0000000008007424      0x14c /opt/st/stm32cubeide_1.6.1/plugins/com.st.stm32cube.ide.mcu.externaltools.gnu-tools-for-stm32.9-2020-q2-update.linux64_1.5.0.202011040924/tools/bin/../lib/gcc/arm-none-eabi/9.3.1/../../../../arm-none-eabi/lib/thumb/v7e-m+fp/softfp/libc_nano.a(lib_a-mprec.o)
                0x0000000008007424                __multiply
 .text.__pow5mult
                0x0000000008007570       0xb4 /opt/st/stm32cubeide_1.6.1/plugins/com.st.stm32cube.ide.mcu.externaltools.gnu-tools-for-stm32.9-2020-q2-update.linux64_1.5.0.202011040924/tools/bin/../lib/gcc/arm-none-eabi/9.3.1/../../../../arm-none-eabi/lib/thumb/v7e-m+fp/softfp/libc_nano.a(lib_a-mprec.o)
                0x0000000008007570                __pow5mult
 .text.__lshift
                0x0000000008007624       0xd8 /opt/st/stm32cubeide_1.6.1/plugins/com.st.stm32cube.ide.mcu.externaltools.gnu-tools-for-stm32.9-2020-q2-update.linux64_1.5.0.202011040924/tools/bin/../lib/gcc/arm-none-eabi/9.3.1/../../../../arm-none-eabi/lib/thumb/v7e-m+fp/softfp/libc_nano.a(lib_a-mprec.o)
                0x0000000008007624                __lshift
 .text.__mcmp   0x00000000080076fc       0x38 /opt/st/stm32cubeide_1.6.1/plugins/com.st.stm32cube.ide.mcu.externaltools.gnu-tools-for-stm32.9-2020-q2-update.linux64_1.5.0.202011040924/tools/bin/../lib/gcc/arm-none-eabi/9.3.1/../../../../arm-none-eabi/lib/thumb/v7e-m+fp/softfp/libc_nano.a(lib_a-mprec.o)
                0x00000000080076fc                __mcmp
 .text.__mdiff  0x0000000008007734      0x110 /opt/st/stm32cubeide_1.6.1/plugins/com.st.stm32cube.ide.mcu.externaltools.gnu-tools-for-stm32.9-2020-q2-update.linux64_1.5.0.202011040924/tools/bin/../lib/gcc/arm-none-eabi/9.3.1/../../../../arm-none-eabi/lib/thumb/v7e-m+fp/softfp/libc_nano.a(lib_a-mprec.o)
                0x0000000008007734                __mdiff
 .text.__d2b    0x0000000008007844       0xb4 /opt/st/stm32cubeide_1.6.1/plugins/com.st.stm32cube.ide.mcu.externaltools.gnu-tools-for-stm32.9-2020-q2-update.linux64_1.5.0.202011040924/tools/bin/../lib/gcc/arm-none-eabi/9.3.1/../../../../arm-none-eabi/lib/thumb/v7e-m+fp/softfp/libc_nano.a(lib_a-mprec.o)
                0x0000000008007844                __d2b
 .text._calloc_r
                0x00000000080078f8       0x1e /opt/st/stm32cubeide_1.6.1/plugins/com.st.stm32cube.ide.mcu.externaltools.gnu-tools-for-stm32.9-2020-q2-update.linux64_1.5.0.202011040924/tools/bin/../lib/gcc/arm-none-eabi/9.3.1/../../../../arm-none-eabi/lib/thumb/v7e-m+fp/softfp/libc_nano.a(lib_a-nano-callocr.o)
                0x00000000080078f8                _calloc_r
 *fill*         0x0000000008007916        0x2 
 .text._free_r  0x0000000008007918       0xa0 /opt/st/stm32cubeide_1.6.1/plugins/com.st.stm32cube.ide.mcu.externaltools.gnu-tools-for-stm32.9-2020-q2-update.linux64_1.5.0.202011040924/tools/bin/../lib/gcc/arm-none-eabi/9.3.1/../../../../arm-none-eabi/lib/thumb/v7e-m+fp/softfp/libc_nano.a(lib_a-nano-freer.o)
                0x0000000008007918                _free_r
 .text._malloc_r
                0x00000000080079b8       0xb4 /opt/st/stm32cubeide_1.6.1/plugins/com.st.stm32cube.ide.mcu.externaltools.gnu-tools-for-stm32.9-2020-q2-update.linux64_1.5.0.202011040924/tools/bin/../lib/gcc/arm-none-eabi/9.3.1/../../../../arm-none-eabi/lib/thumb/v7e-m+fp/softfp/libc_nano.a(lib_a-nano-mallocr.o)
                0x00000000080079b8                _malloc_r
 .text.__ssputs_r
                0x0000000008007a6c       0xb6 /opt/st/stm32cubeide_1.6.1/plugins/com.st.stm32cube.ide.mcu.externaltools.gnu-tools-for-stm32.9-2020-q2-update.linux64_1.5.0.202011040924/tools/bin/../lib/gcc/arm-none-eabi/9.3.1/../../../../arm-none-eabi/lib/thumb/v7e-m+fp/softfp/libc_nano.a(lib_a-nano-svfprintf.o)
                0x0000000008007a6c                __ssputs_r
 *fill*         0x0000000008007b22        0x2 
 .text._svfprintf_r
                0x0000000008007b24      0x200 /opt/st/stm32cubeide_1.6.1/plugins/com.st.stm32cube.ide.mcu.externaltools.gnu-tools-for-stm32.9-2020-q2-update.linux64_1.5.0.202011040924/tools/bin/../lib/gcc/arm-none-eabi/9.3.1/../../../../arm-none-eabi/lib/thumb/v7e-m+fp/softfp/libc_nano.a(lib_a-nano-svfprintf.o)
                0x0000000008007b24                _svfprintf_r
                0x0000000008007b24                _svfiprintf_r
 .text._sbrk_r  0x0000000008007d24       0x20 /opt/st/stm32cubeide_1.6.1/plugins/com.st.stm32cube.ide.mcu.externaltools.gnu-tools-for-stm32.9-2020-q2-update.linux64_1.5.0.202011040924/tools/bin/../lib/gcc/arm-none-eabi/9.3.1/../../../../arm-none-eabi/lib/thumb/v7e-m+fp/softfp/libc_nano.a(lib_a-sbrkr.o)
                0x0000000008007d24                _sbrk_r
 .text.__assert_func
                0x0000000008007d44       0x3c /opt/st/stm32cubeide_1.6.1/plugins/com.st.stm32cube.ide.mcu.externaltools.gnu-tools-for-stm32.9-2020-q2-update.linux64_1.5.0.202011040924/tools/bin/../lib/gcc/arm-none-eabi/9.3.1/../../../../arm-none-eabi/lib/thumb/v7e-m+fp/softfp/libc_nano.a(lib_a-assert.o)
                0x0000000008007d44                __assert_func
 .text.fprintf  0x0000000008007d80       0x24 /opt/st/stm32cubeide_1.6.1/plugins/com.st.stm32cube.ide.mcu.externaltools.gnu-tools-for-stm32.9-2020-q2-update.linux64_1.5.0.202011040924/tools/bin/../lib/gcc/arm-none-eabi/9.3.1/../../../../arm-none-eabi/lib/thumb/v7e-m+fp/softfp/libc_nano.a(lib_a-fprintf.o)
                0x0000000008007d80                fprintf
                0x0000000008007d80                fiprintf
 .text.__ascii_mbtowc
                0x0000000008007da4       0x24 /opt/st/stm32cubeide_1.6.1/plugins/com.st.stm32cube.ide.mcu.externaltools.gnu-tools-for-stm32.9-2020-q2-update.linux64_1.5.0.202011040924/tools/bin/../lib/gcc/arm-none-eabi/9.3.1/../../../../arm-none-eabi/lib/thumb/v7e-m+fp/softfp/libc_nano.a(lib_a-mbtowc_r.o)
                0x0000000008007da4                __ascii_mbtowc
 .text.memmove  0x0000000008007dc8       0x34 /opt/st/stm32cubeide_1.6.1/plugins/com.st.stm32cube.ide.mcu.externaltools.gnu-tools-for-stm32.9-2020-q2-update.linux64_1.5.0.202011040924/tools/bin/../lib/gcc/arm-none-eabi/9.3.1/../../../../arm-none-eabi/lib/thumb/v7e-m+fp/softfp/libc_nano.a(lib_a-memmove.o)
                0x0000000008007dc8                memmove
 .text.__malloc_lock
                0x0000000008007dfc        0xc /opt/st/stm32cubeide_1.6.1/plugins/com.st.stm32cube.ide.mcu.externaltools.gnu-tools-for-stm32.9-2020-q2-update.linux64_1.5.0.202011040924/tools/bin/../lib/gcc/arm-none-eabi/9.3.1/../../../../arm-none-eabi/lib/thumb/v7e-m+fp/softfp/libc_nano.a(lib_a-mlock.o)
                0x0000000008007dfc                __malloc_lock
 .text.__malloc_unlock
                0x0000000008007e08        0xc /opt/st/stm32cubeide_1.6.1/plugins/com.st.stm32cube.ide.mcu.externaltools.gnu-tools-for-stm32.9-2020-q2-update.linux64_1.5.0.202011040924/tools/bin/../lib/gcc/arm-none-eabi/9.3.1/../../../../arm-none-eabi/lib/thumb/v7e-m+fp/softfp/libc_nano.a(lib_a-mlock.o)
                0x0000000008007e08                __malloc_unlock
 .text._realloc_r
                0x0000000008007e14       0x4c /opt/st/stm32cubeide_1.6.1/plugins/com.st.stm32cube.ide.mcu.externaltools.gnu-tools-for-stm32.9-2020-q2-update.linux64_1.5.0.202011040924/tools/bin/../lib/gcc/arm-none-eabi/9.3.1/../../../../arm-none-eabi/lib/thumb/v7e-m+fp/softfp/libc_nano.a(lib_a-nano-reallocr.o)
                0x0000000008007e14                _realloc_r
 .text.__sfputc_r
                0x0000000008007e60       0x2e /opt/st/stm32cubeide_1.6.1/plugins/com.st.stm32cube.ide.mcu.externaltools.gnu-tools-for-stm32.9-2020-q2-update.linux64_1.5.0.202011040924/tools/bin/../lib/gcc/arm-none-eabi/9.3.1/../../../../arm-none-eabi/lib/thumb/v7e-m+fp/softfp/libc_nano.a(lib_a-nano-vfprintf.o)
 .text.__sfputs_r
                0x0000000008007e8e       0x24 /opt/st/stm32cubeide_1.6.1/plugins/com.st.stm32cube.ide.mcu.externaltools.gnu-tools-for-stm32.9-2020-q2-update.linux64_1.5.0.202011040924/tools/bin/../lib/gcc/arm-none-eabi/9.3.1/../../../../arm-none-eabi/lib/thumb/v7e-m+fp/softfp/libc_nano.a(lib_a-nano-vfprintf.o)
                0x0000000008007e8e                __sfputs_r
 *fill*         0x0000000008007eb2        0x2 
 .text._vfprintf_r
                0x0000000008007eb4      0x260 /opt/st/stm32cubeide_1.6.1/plugins/com.st.stm32cube.ide.mcu.externaltools.gnu-tools-for-stm32.9-2020-q2-update.linux64_1.5.0.202011040924/tools/bin/../lib/gcc/arm-none-eabi/9.3.1/../../../../arm-none-eabi/lib/thumb/v7e-m+fp/softfp/libc_nano.a(lib_a-nano-vfprintf.o)
                0x0000000008007eb4                _vfiprintf_r
                0x0000000008007eb4                _vfprintf_r
 .text.__swbuf_r
                0x0000000008008114       0xa4 /opt/st/stm32cubeide_1.6.1/plugins/com.st.stm32cube.ide.mcu.externaltools.gnu-tools-for-stm32.9-2020-q2-update.linux64_1.5.0.202011040924/tools/bin/../lib/gcc/arm-none-eabi/9.3.1/../../../../arm-none-eabi/lib/thumb/v7e-m+fp/softfp/libc_nano.a(lib_a-wbuf.o)
                0x0000000008008114                __swbuf_r
 .text.__ascii_wctomb
                0x00000000080081b8       0x1a /opt/st/stm32cubeide_1.6.1/plugins/com.st.stm32cube.ide.mcu.externaltools.gnu-tools-for-stm32.9-2020-q2-update.linux64_1.5.0.202011040924/tools/bin/../lib/gcc/arm-none-eabi/9.3.1/../../../../arm-none-eabi/lib/thumb/v7e-m+fp/softfp/libc_nano.a(lib_a-wctomb_r.o)
                0x00000000080081b8                __ascii_wctomb
 *fill*         0x00000000080081d2        0x2 
 .text.__swsetup_r
                0x00000000080081d4       0xdc /opt/st/stm32cubeide_1.6.1/plugins/com.st.stm32cube.ide.mcu.externaltools.gnu-tools-for-stm32.9-2020-q2-update.linux64_1.5.0.202011040924/tools/bin/../lib/gcc/arm-none-eabi/9.3.1/../../../../arm-none-eabi/lib/thumb/v7e-m+fp/softfp/libc_nano.a(lib_a-wsetup.o)
                0x00000000080081d4                __swsetup_r
 .text.abort    0x00000000080082b0        0xe /opt/st/stm32cubeide_1.6.1/plugins/com.st.stm32cube.ide.mcu.externaltools.gnu-tools-for-stm32.9-2020-q2-update.linux64_1.5.0.202011040924/tools/bin/../lib/gcc/arm-none-eabi/9.3.1/../../../../arm-none-eabi/lib/thumb/v7e-m+fp/softfp/libc_nano.a(lib_a-abort.o)
                0x00000000080082b0                abort
 *fill*         0x00000000080082be        0x2 
 .text.__sflush_r
                0x00000000080082c0      0x10c /opt/st/stm32cubeide_1.6.1/plugins/com.st.stm32cube.ide.mcu.externaltools.gnu-tools-for-stm32.9-2020-q2-update.linux64_1.5.0.202011040924/tools/bin/../lib/gcc/arm-none-eabi/9.3.1/../../../../arm-none-eabi/lib/thumb/v7e-m+fp/softfp/libc_nano.a(lib_a-fflush.o)
                0x00000000080082c0                __sflush_r
 .text._fflush_r
                0x00000000080083cc       0x78 /opt/st/stm32cubeide_1.6.1/plugins/com.st.stm32cube.ide.mcu.externaltools.gnu-tools-for-stm32.9-2020-q2-update.linux64_1.5.0.202011040924/tools/bin/../lib/gcc/arm-none-eabi/9.3.1/../../../../arm-none-eabi/lib/thumb/v7e-m+fp/softfp/libc_nano.a(lib_a-fflush.o)
                0x00000000080083cc                _fflush_r
 .text.std      0x0000000008008444       0x48 /opt/st/stm32cubeide_1.6.1/plugins/com.st.stm32cube.ide.mcu.externaltools.gnu-tools-for-stm32.9-2020-q2-update.linux64_1.5.0.202011040924/tools/bin/../lib/gcc/arm-none-eabi/9.3.1/../../../../arm-none-eabi/lib/thumb/v7e-m+fp/softfp/libc_nano.a(lib_a-findfp.o)
 .text._cleanup_r
                0x000000000800848c        0xc /opt/st/stm32cubeide_1.6.1/plugins/com.st.stm32cube.ide.mcu.externaltools.gnu-tools-for-stm32.9-2020-q2-update.linux64_1.5.0.202011040924/tools/bin/../lib/gcc/arm-none-eabi/9.3.1/../../../../arm-none-eabi/lib/thumb/v7e-m+fp/softfp/libc_nano.a(lib_a-findfp.o)
                0x000000000800848c                _cleanup_r
 .text.__sfmoreglue
                0x0000000008008498       0x2c /opt/st/stm32cubeide_1.6.1/plugins/com.st.stm32cube.ide.mcu.externaltools.gnu-tools-for-stm32.9-2020-q2-update.linux64_1.5.0.202011040924/tools/bin/../lib/gcc/arm-none-eabi/9.3.1/../../../../arm-none-eabi/lib/thumb/v7e-m+fp/softfp/libc_nano.a(lib_a-findfp.o)
                0x0000000008008498                __sfmoreglue
 .text.__sfp_lock_acquire
                0x00000000080084c4        0xc /opt/st/stm32cubeide_1.6.1/plugins/com.st.stm32cube.ide.mcu.externaltools.gnu-tools-for-stm32.9-2020-q2-update.linux64_1.5.0.202011040924/tools/bin/../lib/gcc/arm-none-eabi/9.3.1/../../../../arm-none-eabi/lib/thumb/v7e-m+fp/softfp/libc_nano.a(lib_a-findfp.o)
                0x00000000080084c4                __sfp_lock_acquire
 .text.__sfp_lock_release
                0x00000000080084d0        0xc /opt/st/stm32cubeide_1.6.1/plugins/com.st.stm32cube.ide.mcu.externaltools.gnu-tools-for-stm32.9-2020-q2-update.linux64_1.5.0.202011040924/tools/bin/../lib/gcc/arm-none-eabi/9.3.1/../../../../arm-none-eabi/lib/thumb/v7e-m+fp/softfp/libc_nano.a(lib_a-findfp.o)
                0x00000000080084d0                __sfp_lock_release
 .text.__sinit_lock_acquire
                0x00000000080084dc        0xc /opt/st/stm32cubeide_1.6.1/plugins/com.st.stm32cube.ide.mcu.externaltools.gnu-tools-for-stm32.9-2020-q2-update.linux64_1.5.0.202011040924/tools/bin/../lib/gcc/arm-none-eabi/9.3.1/../../../../arm-none-eabi/lib/thumb/v7e-m+fp/softfp/libc_nano.a(lib_a-findfp.o)
                0x00000000080084dc                __sinit_lock_acquire
 .text.__sinit_lock_release
                0x00000000080084e8        0xc /opt/st/stm32cubeide_1.6.1/plugins/com.st.stm32cube.ide.mcu.externaltools.gnu-tools-for-stm32.9-2020-q2-update.linux64_1.5.0.202011040924/tools/bin/../lib/gcc/arm-none-eabi/9.3.1/../../../../arm-none-eabi/lib/thumb/v7e-m+fp/softfp/libc_nano.a(lib_a-findfp.o)
                0x00000000080084e8                __sinit_lock_release
 .text.__sinit  0x00000000080084f4       0x70 /opt/st/stm32cubeide_1.6.1/plugins/com.st.stm32cube.ide.mcu.externaltools.gnu-tools-for-stm32.9-2020-q2-update.linux64_1.5.0.202011040924/tools/bin/../lib/gcc/arm-none-eabi/9.3.1/../../../../arm-none-eabi/lib/thumb/v7e-m+fp/softfp/libc_nano.a(lib_a-findfp.o)
                0x00000000080084f4                __sinit
 .text.__sfp    0x0000000008008564       0x8c /opt/st/stm32cubeide_1.6.1/plugins/com.st.stm32cube.ide.mcu.externaltools.gnu-tools-for-stm32.9-2020-q2-update.linux64_1.5.0.202011040924/tools/bin/../lib/gcc/arm-none-eabi/9.3.1/../../../../arm-none-eabi/lib/thumb/v7e-m+fp/softfp/libc_nano.a(lib_a-findfp.o)
                0x0000000008008564                __sfp
 .text._fwalk_reent
                0x00000000080085f0       0x3e /opt/st/stm32cubeide_1.6.1/plugins/com.st.stm32cube.ide.mcu.externaltools.gnu-tools-for-stm32.9-2020-q2-update.linux64_1.5.0.202011040924/tools/bin/../lib/gcc/arm-none-eabi/9.3.1/../../../../arm-none-eabi/lib/thumb/v7e-m+fp/softfp/libc_nano.a(lib_a-fwalk.o)
                0x00000000080085f0                _fwalk_reent
 .text.__retarget_lock_init_recursive
                0x000000000800862e        0x2 /opt/st/stm32cubeide_1.6.1/plugins/com.st.stm32cube.ide.mcu.externaltools.gnu-tools-for-stm32.9-2020-q2-update.linux64_1.5.0.202011040924/tools/bin/../lib/gcc/arm-none-eabi/9.3.1/../../../../arm-none-eabi/lib/thumb/v7e-m+fp/softfp/libc_nano.a(lib_a-lock.o)
                0x000000000800862e                __retarget_lock_init_recursive
 .text.__retarget_lock_acquire_recursive
                0x0000000008008630        0x2 /opt/st/stm32cubeide_1.6.1/plugins/com.st.stm32cube.ide.mcu.externaltools.gnu-tools-for-stm32.9-2020-q2-update.linux64_1.5.0.202011040924/tools/bin/../lib/gcc/arm-none-eabi/9.3.1/../../../../arm-none-eabi/lib/thumb/v7e-m+fp/softfp/libc_nano.a(lib_a-lock.o)
                0x0000000008008630                __retarget_lock_acquire_recursive
 .text.__retarget_lock_release_recursive
                0x0000000008008632        0x2 /opt/st/stm32cubeide_1.6.1/plugins/com.st.stm32cube.ide.mcu.externaltools.gnu-tools-for-stm32.9-2020-q2-update.linux64_1.5.0.202011040924/tools/bin/../lib/gcc/arm-none-eabi/9.3.1/../../../../arm-none-eabi/lib/thumb/v7e-m+fp/softfp/libc_nano.a(lib_a-lock.o)
                0x0000000008008632                __retarget_lock_release_recursive
 .text.__swhatbuf_r
                0x0000000008008634       0x48 /opt/st/stm32cubeide_1.6.1/plugins/com.st.stm32cube.ide.mcu.externaltools.gnu-tools-for-stm32.9-2020-q2-update.linux64_1.5.0.202011040924/tools/bin/../lib/gcc/arm-none-eabi/9.3.1/../../../../arm-none-eabi/lib/thumb/v7e-m+fp/softfp/libc_nano.a(lib_a-makebuf.o)
                0x0000000008008634                __swhatbuf_r
 .text.__smakebuf_r
                0x000000000800867c       0x80 /opt/st/stm32cubeide_1.6.1/plugins/com.st.stm32cube.ide.mcu.externaltools.gnu-tools-for-stm32.9-2020-q2-update.linux64_1.5.0.202011040924/tools/bin/../lib/gcc/arm-none-eabi/9.3.1/../../../../arm-none-eabi/lib/thumb/v7e-m+fp/softfp/libc_nano.a(lib_a-makebuf.o)
                0x000000000800867c                __smakebuf_r
 .text._malloc_usable_size_r
                0x00000000080086fc       0x10 /opt/st/stm32cubeide_1.6.1/plugins/com.st.stm32cube.ide.mcu.externaltools.gnu-tools-for-stm32.9-2020-q2-update.linux64_1.5.0.202011040924/tools/bin/../lib/gcc/arm-none-eabi/9.3.1/../../../../arm-none-eabi/lib/thumb/v7e-m+fp/softfp/libc_nano.a(lib_a-nano-msizer.o)
                0x00000000080086fc                _malloc_usable_size_r
 .text._raise_r
                0x000000000800870c       0x50 /opt/st/stm32cubeide_1.6.1/plugins/com.st.stm32cube.ide.mcu.externaltools.gnu-tools-for-stm32.9-2020-q2-update.linux64_1.5.0.202011040924/tools/bin/../lib/gcc/arm-none-eabi/9.3.1/../../../../arm-none-eabi/lib/thumb/v7e-m+fp/softfp/libc_nano.a(lib_a-signal.o)
                0x000000000800870c                _raise_r
 .text.raise    0x000000000800875c       0x10 /opt/st/stm32cubeide_1.6.1/plugins/com.st.stm32cube.ide.mcu.externaltools.gnu-tools-for-stm32.9-2020-q2-update.linux64_1.5.0.202011040924/tools/bin/../lib/gcc/arm-none-eabi/9.3.1/../../../../arm-none-eabi/lib/thumb/v7e-m+fp/softfp/libc_nano.a(lib_a-signal.o)
                0x000000000800875c                raise
 .text._kill_r  0x000000000800876c       0x24 /opt/st/stm32cubeide_1.6.1/plugins/com.st.stm32cube.ide.mcu.externaltools.gnu-tools-for-stm32.9-2020-q2-update.linux64_1.5.0.202011040924/tools/bin/../lib/gcc/arm-none-eabi/9.3.1/../../../../arm-none-eabi/lib/thumb/v7e-m+fp/softfp/libc_nano.a(lib_a-signalr.o)
                0x000000000800876c                _kill_r
 .text._getpid_r
                0x0000000008008790        0x4 /opt/st/stm32cubeide_1.6.1/plugins/com.st.stm32cube.ide.mcu.externaltools.gnu-tools-for-stm32.9-2020-q2-update.linux64_1.5.0.202011040924/tools/bin/../lib/gcc/arm-none-eabi/9.3.1/../../../../arm-none-eabi/lib/thumb/v7e-m+fp/softfp/libc_nano.a(lib_a-signalr.o)
                0x0000000008008790                _getpid_r
 .text.__sread  0x0000000008008794       0x22 /opt/st/stm32cubeide_1.6.1/plugins/com.st.stm32cube.ide.mcu.externaltools.gnu-tools-for-stm32.9-2020-q2-update.linux64_1.5.0.202011040924/tools/bin/../lib/gcc/arm-none-eabi/9.3.1/../../../../arm-none-eabi/lib/thumb/v7e-m+fp/softfp/libc_nano.a(lib_a-stdio.o)
                0x0000000008008794                __sread
 .text.__swrite
                0x00000000080087b6       0x38 /opt/st/stm32cubeide_1.6.1/plugins/com.st.stm32cube.ide.mcu.externaltools.gnu-tools-for-stm32.9-2020-q2-update.linux64_1.5.0.202011040924/tools/bin/../lib/gcc/arm-none-eabi/9.3.1/../../../../arm-none-eabi/lib/thumb/v7e-m+fp/softfp/libc_nano.a(lib_a-stdio.o)
                0x00000000080087b6                __swrite
 .text.__sseek  0x00000000080087ee       0x24 /opt/st/stm32cubeide_1.6.1/plugins/com.st.stm32cube.ide.mcu.externaltools.gnu-tools-for-stm32.9-2020-q2-update.linux64_1.5.0.202011040924/tools/bin/../lib/gcc/arm-none-eabi/9.3.1/../../../../arm-none-eabi/lib/thumb/v7e-m+fp/softfp/libc_nano.a(lib_a-stdio.o)
                0x00000000080087ee                __sseek
 .text.__sclose
                0x0000000008008812        0x8 /opt/st/stm32cubeide_1.6.1/plugins/com.st.stm32cube.ide.mcu.externaltools.gnu-tools-for-stm32.9-2020-q2-update.linux64_1.5.0.202011040924/tools/bin/../lib/gcc/arm-none-eabi/9.3.1/../../../../arm-none-eabi/lib/thumb/v7e-m+fp/softfp/libc_nano.a(lib_a-stdio.o)
                0x0000000008008812                __sclose
 *fill*         0x000000000800881a        0x2 
 .text._write_r
                0x000000000800881c       0x24 /opt/st/stm32cubeide_1.6.1/plugins/com.st.stm32cube.ide.mcu.externaltools.gnu-tools-for-stm32.9-2020-q2-update.linux64_1.5.0.202011040924/tools/bin/../lib/gcc/arm-none-eabi/9.3.1/../../../../arm-none-eabi/lib/thumb/v7e-m+fp/softfp/libc_nano.a(lib_a-writer.o)
                0x000000000800881c                _write_r
 .text._close_r
                0x0000000008008840       0x20 /opt/st/stm32cubeide_1.6.1/plugins/com.st.stm32cube.ide.mcu.externaltools.gnu-tools-for-stm32.9-2020-q2-update.linux64_1.5.0.202011040924/tools/bin/../lib/gcc/arm-none-eabi/9.3.1/../../../../arm-none-eabi/lib/thumb/v7e-m+fp/softfp/libc_nano.a(lib_a-closer.o)
                0x0000000008008840                _close_r
 .text._fstat_r
                0x0000000008008860       0x24 /opt/st/stm32cubeide_1.6.1/plugins/com.st.stm32cube.ide.mcu.externaltools.gnu-tools-for-stm32.9-2020-q2-update.linux64_1.5.0.202011040924/tools/bin/../lib/gcc/arm-none-eabi/9.3.1/../../../../arm-none-eabi/lib/thumb/v7e-m+fp/softfp/libc_nano.a(lib_a-fstatr.o)
                0x0000000008008860                _fstat_r
 .text._isatty_r
                0x0000000008008884       0x20 /opt/st/stm32cubeide_1.6.1/plugins/com.st.stm32cube.ide.mcu.externaltools.gnu-tools-for-stm32.9-2020-q2-update.linux64_1.5.0.202011040924/tools/bin/../lib/gcc/arm-none-eabi/9.3.1/../../../../arm-none-eabi/lib/thumb/v7e-m+fp/softfp/libc_nano.a(lib_a-isattyr.o)
                0x0000000008008884                _isatty_r
 .text._lseek_r
                0x00000000080088a4       0x24 /opt/st/stm32cubeide_1.6.1/plugins/com.st.stm32cube.ide.mcu.externaltools.gnu-tools-for-stm32.9-2020-q2-update.linux64_1.5.0.202011040924/tools/bin/../lib/gcc/arm-none-eabi/9.3.1/../../../../arm-none-eabi/lib/thumb/v7e-m+fp/softfp/libc_nano.a(lib_a-lseekr.o)
                0x00000000080088a4                _lseek_r
 .text._read_r  0x00000000080088c8       0x24 /opt/st/stm32cubeide_1.6.1/plugins/com.st.stm32cube.ide.mcu.externaltools.gnu-tools-for-stm32.9-2020-q2-update.linux64_1.5.0.202011040924/tools/bin/../lib/gcc/arm-none-eabi/9.3.1/../../../../arm-none-eabi/lib/thumb/v7e-m+fp/softfp/libc_nano.a(lib_a-readr.o)
                0x00000000080088c8                _read_r
 *(.glue_7)
 .glue_7        0x00000000080088ec        0x0 linker stubs
 *(.glue_7t)
 .glue_7t       0x00000000080088ec        0x0 linker stubs
 *(.eh_frame)
 .eh_frame      0x00000000080088ec        0x0 /opt/st/stm32cubeide_1.6.1/plugins/com.st.stm32cube.ide.mcu.externaltools.gnu-tools-for-stm32.9-2020-q2-update.linux64_1.5.0.202011040924/tools/bin/../lib/gcc/arm-none-eabi/9.3.1/thumb/v7e-m+fp/softfp/crtbegin.o
 *(.init)
 .init          0x00000000080088ec        0x4 /opt/st/stm32cubeide_1.6.1/plugins/com.st.stm32cube.ide.mcu.externaltools.gnu-tools-for-stm32.9-2020-q2-update.linux64_1.5.0.202011040924/tools/bin/../lib/gcc/arm-none-eabi/9.3.1/thumb/v7e-m+fp/softfp/crti.o
                0x00000000080088ec                _init
 .init          0x00000000080088f0        0x8 /opt/st/stm32cubeide_1.6.1/plugins/com.st.stm32cube.ide.mcu.externaltools.gnu-tools-for-stm32.9-2020-q2-update.linux64_1.5.0.202011040924/tools/bin/../lib/gcc/arm-none-eabi/9.3.1/thumb/v7e-m+fp/softfp/crtn.o
 *(.fini)
 .fini          0x00000000080088f8        0x4 /opt/st/stm32cubeide_1.6.1/plugins/com.st.stm32cube.ide.mcu.externaltools.gnu-tools-for-stm32.9-2020-q2-update.linux64_1.5.0.202011040924/tools/bin/../lib/gcc/arm-none-eabi/9.3.1/thumb/v7e-m+fp/softfp/crti.o
                0x00000000080088f8                _fini
 .fini          0x00000000080088fc        0x8 /opt/st/stm32cubeide_1.6.1/plugins/com.st.stm32cube.ide.mcu.externaltools.gnu-tools-for-stm32.9-2020-q2-update.linux64_1.5.0.202011040924/tools/bin/../lib/gcc/arm-none-eabi/9.3.1/thumb/v7e-m+fp/softfp/crtn.o
                0x0000000008008904                . = ALIGN (0x4)
                0x0000000008008904                _etext = .

.vfp11_veneer   0x0000000008008904        0x0
 .vfp11_veneer  0x0000000008008904        0x0 linker stubs

.v4_bx          0x0000000008008904        0x0
 .v4_bx         0x0000000008008904        0x0 linker stubs

.iplt           0x0000000008008904        0x0
 .iplt          0x0000000008008904        0x0 /opt/st/stm32cubeide_1.6.1/plugins/com.st.stm32cube.ide.mcu.externaltools.gnu-tools-for-stm32.9-2020-q2-update.linux64_1.5.0.202011040924/tools/bin/../lib/gcc/arm-none-eabi/9.3.1/thumb/v7e-m+fp/softfp/crtbegin.o

.rodata         0x0000000008008908      0x864
                0x0000000008008908                . = ALIGN (0x4)
 *(.rodata)
 .rodata        0x0000000008008908        0x5 FreeRTOS/tasks.o
 *fill*         0x000000000800890d        0x3 
 .rodata        0x0000000008008910        0xd FreeRTOS/timers.o
 *fill*         0x000000000800891d        0x3 
 .rodata        0x0000000008008920       0xb7 Src/lcd_control.o
 *fill*         0x00000000080089d7        0x1 
 .rodata        0x00000000080089d8       0x26 Src/main.o
 *(.rodata*)
 *fill*         0x00000000080089fe        0x2 
 .rodata.LCD5110_Font5x7
                0x0000000008008a00      0x246 Devices/Src/lcd5110.o
                0x0000000008008a00                LCD5110_Font5x7
 *fill*         0x0000000008008c46        0x2 
 .rodata.LCD5110_Font3x5
                0x0000000008008c48      0x13e Devices/Src/lcd5110.o
                0x0000000008008c48                LCD5110_Font3x5
 *fill*         0x0000000008008d86        0x2 
 .rodata._global_impure_ptr
                0x0000000008008d88        0x4 /opt/st/stm32cubeide_1.6.1/plugins/com.st.stm32cube.ide.mcu.externaltools.gnu-tools-for-stm32.9-2020-q2-update.linux64_1.5.0.202011040924/tools/bin/../lib/gcc/arm-none-eabi/9.3.1/../../../../arm-none-eabi/lib/thumb/v7e-m+fp/softfp/libc_nano.a(lib_a-impure.o)
                0x0000000008008d88                _global_impure_ptr
 .rodata._printf_float.str1.1
                0x0000000008008d8c       0x12 /opt/st/stm32cubeide_1.6.1/plugins/com.st.stm32cube.ide.mcu.externaltools.gnu-tools-for-stm32.9-2020-q2-update.linux64_1.5.0.202011040924/tools/bin/../lib/gcc/arm-none-eabi/9.3.1/../../../../arm-none-eabi/lib/thumb/v7e-m+fp/softfp/libc_nano.a(lib_a-nano-vfprintf_float.o)
 .rodata._printf_i.str1.1
                0x0000000008008d9e       0x22 /opt/st/stm32cubeide_1.6.1/plugins/com.st.stm32cube.ide.mcu.externaltools.gnu-tools-for-stm32.9-2020-q2-update.linux64_1.5.0.202011040924/tools/bin/../lib/gcc/arm-none-eabi/9.3.1/../../../../arm-none-eabi/lib/thumb/v7e-m+fp/softfp/libc_nano.a(lib_a-nano-vfprintf_i.o)
 .rodata._dtoa_r.str1.1
                0x0000000008008dc0       0x94 /opt/st/stm32cubeide_1.6.1/plugins/com.st.stm32cube.ide.mcu.externaltools.gnu-tools-for-stm32.9-2020-q2-update.linux64_1.5.0.202011040924/tools/bin/../lib/gcc/arm-none-eabi/9.3.1/../../../../arm-none-eabi/lib/thumb/v7e-m+fp/softfp/libc_nano.a(lib_a-dtoa.o)
                                         0x96 (size before relaxing)
 .rodata._Balloc.str1.1
                0x0000000008008e54       0x60 /opt/st/stm32cubeide_1.6.1/plugins/com.st.stm32cube.ide.mcu.externaltools.gnu-tools-for-stm32.9-2020-q2-update.linux64_1.5.0.202011040924/tools/bin/../lib/gcc/arm-none-eabi/9.3.1/../../../../arm-none-eabi/lib/thumb/v7e-m+fp/softfp/libc_nano.a(lib_a-mprec.o)
                                         0x77 (size before relaxing)
 .rodata.__multadd.str1.1
                0x0000000008008eb4       0x11 /opt/st/stm32cubeide_1.6.1/plugins/com.st.stm32cube.ide.mcu.externaltools.gnu-tools-for-stm32.9-2020-q2-update.linux64_1.5.0.202011040924/tools/bin/../lib/gcc/arm-none-eabi/9.3.1/../../../../arm-none-eabi/lib/thumb/v7e-m+fp/softfp/libc_nano.a(lib_a-mprec.o)
 *fill*         0x0000000008008eb4        0x4 
 .rodata.__mprec_bigtens
                0x0000000008008eb8       0x28 /opt/st/stm32cubeide_1.6.1/plugins/com.st.stm32cube.ide.mcu.externaltools.gnu-tools-for-stm32.9-2020-q2-update.linux64_1.5.0.202011040924/tools/bin/../lib/gcc/arm-none-eabi/9.3.1/../../../../arm-none-eabi/lib/thumb/v7e-m+fp/softfp/libc_nano.a(lib_a-mprec.o)
                0x0000000008008eb8                __mprec_bigtens
 .rodata.__mprec_tens
                0x0000000008008ee0       0xc8 /opt/st/stm32cubeide_1.6.1/plugins/com.st.stm32cube.ide.mcu.externaltools.gnu-tools-for-stm32.9-2020-q2-update.linux64_1.5.0.202011040924/tools/bin/../lib/gcc/arm-none-eabi/9.3.1/../../../../arm-none-eabi/lib/thumb/v7e-m+fp/softfp/libc_nano.a(lib_a-mprec.o)
                0x0000000008008ee0                __mprec_tens
 .rodata.p05.7513
                0x0000000008008fa8        0xc /opt/st/stm32cubeide_1.6.1/plugins/com.st.stm32cube.ide.mcu.externaltools.gnu-tools-for-stm32.9-2020-q2-update.linux64_1.5.0.202011040924/tools/bin/../lib/gcc/arm-none-eabi/9.3.1/../../../../arm-none-eabi/lib/thumb/v7e-m+fp/softfp/libc_nano.a(lib_a-mprec.o)
 .rodata._svfprintf_r.str1.1
                0x0000000008008fb4       0x11 /opt/st/stm32cubeide_1.6.1/plugins/com.st.stm32cube.ide.mcu.externaltools.gnu-tools-for-stm32.9-2020-q2-update.linux64_1.5.0.202011040924/tools/bin/../lib/gcc/arm-none-eabi/9.3.1/../../../../arm-none-eabi/lib/thumb/v7e-m+fp/softfp/libc_nano.a(lib_a-nano-svfprintf.o)
 .rodata.__assert_func.str1.1
                0x0000000008008fc5       0x3c /opt/st/stm32cubeide_1.6.1/plugins/com.st.stm32cube.ide.mcu.externaltools.gnu-tools-for-stm32.9-2020-q2-update.linux64_1.5.0.202011040924/tools/bin/../lib/gcc/arm-none-eabi/9.3.1/../../../../arm-none-eabi/lib/thumb/v7e-m+fp/softfp/libc_nano.a(lib_a-assert.o)
                                         0x3d (size before relaxing)
 .rodata._setlocale_r.str1.1
                0x0000000008009001        0x8 /opt/st/stm32cubeide_1.6.1/plugins/com.st.stm32cube.ide.mcu.externaltools.gnu-tools-for-stm32.9-2020-q2-update.linux64_1.5.0.202011040924/tools/bin/../lib/gcc/arm-none-eabi/9.3.1/../../../../arm-none-eabi/lib/thumb/v7e-m+fp/softfp/libc_nano.a(lib_a-locale.o)
                                          0x9 (size before relaxing)
 .rodata.str1.1
                0x0000000008009009        0x2 /opt/st/stm32cubeide_1.6.1/plugins/com.st.stm32cube.ide.mcu.externaltools.gnu-tools-for-stm32.9-2020-q2-update.linux64_1.5.0.202011040924/tools/bin/../lib/gcc/arm-none-eabi/9.3.1/../../../../arm-none-eabi/lib/thumb/v7e-m+fp/softfp/libc_nano.a(lib_a-locale.o)
 .rodata._vfprintf_r.str1.1
                0x000000000800900b       0x11 /opt/st/stm32cubeide_1.6.1/plugins/com.st.stm32cube.ide.mcu.externaltools.gnu-tools-for-stm32.9-2020-q2-update.linux64_1.5.0.202011040924/tools/bin/../lib/gcc/arm-none-eabi/9.3.1/../../../../arm-none-eabi/lib/thumb/v7e-m+fp/softfp/libc_nano.a(lib_a-nano-vfprintf.o)
 .rodata._ctype_
                0x000000000800900b      0x101 /opt/st/stm32cubeide_1.6.1/plugins/com.st.stm32cube.ide.mcu.externaltools.gnu-tools-for-stm32.9-2020-q2-update.linux64_1.5.0.202011040924/tools/bin/../lib/gcc/arm-none-eabi/9.3.1/../../../../arm-none-eabi/lib/thumb/v7e-m+fp/softfp/libc_nano.a(lib_a-ctype_.o)
                0x000000000800900b                _ctype_
 .rodata.__sf_fake_stderr
                0x000000000800910c       0x20 /opt/st/stm32cubeide_1.6.1/plugins/com.st.stm32cube.ide.mcu.externaltools.gnu-tools-for-stm32.9-2020-q2-update.linux64_1.5.0.202011040924/tools/bin/../lib/gcc/arm-none-eabi/9.3.1/../../../../arm-none-eabi/lib/thumb/v7e-m+fp/softfp/libc_nano.a(lib_a-findfp.o)
                0x000000000800910c                __sf_fake_stderr
 .rodata.__sf_fake_stdin
                0x000000000800912c       0x20 /opt/st/stm32cubeide_1.6.1/plugins/com.st.stm32cube.ide.mcu.externaltools.gnu-tools-for-stm32.9-2020-q2-update.linux64_1.5.0.202011040924/tools/bin/../lib/gcc/arm-none-eabi/9.3.1/../../../../arm-none-eabi/lib/thumb/v7e-m+fp/softfp/libc_nano.a(lib_a-findfp.o)
                0x000000000800912c                __sf_fake_stdin
 .rodata.__sf_fake_stdout
                0x000000000800914c       0x20 /opt/st/stm32cubeide_1.6.1/plugins/com.st.stm32cube.ide.mcu.externaltools.gnu-tools-for-stm32.9-2020-q2-update.linux64_1.5.0.202011040924/tools/bin/../lib/gcc/arm-none-eabi/9.3.1/../../../../arm-none-eabi/lib/thumb/v7e-m+fp/softfp/libc_nano.a(lib_a-findfp.o)
                0x000000000800914c                __sf_fake_stdout
                0x000000000800916c                . = ALIGN (0x4)

.rel.dyn        0x000000000800916c        0x0
 .rel.iplt      0x000000000800916c        0x0 /opt/st/stm32cubeide_1.6.1/plugins/com.st.stm32cube.ide.mcu.externaltools.gnu-tools-for-stm32.9-2020-q2-update.linux64_1.5.0.202011040924/tools/bin/../lib/gcc/arm-none-eabi/9.3.1/thumb/v7e-m+fp/softfp/crtbegin.o

.ARM.extab      0x000000000800916c        0x0
                0x000000000800916c                . = ALIGN (0x4)
 *(.ARM.extab* .gnu.linkonce.armextab.*)
                0x000000000800916c                . = ALIGN (0x4)

.ARM            0x000000000800916c        0x0
                0x000000000800916c                . = ALIGN (0x4)
                0x000000000800916c                __exidx_start = .
 *(.ARM.exidx*)
                0x000000000800916c                __exidx_end = .
                0x000000000800916c                . = ALIGN (0x4)

.preinit_array  0x000000000800916c        0x0
                0x000000000800916c                . = ALIGN (0x4)
                0x000000000800916c                PROVIDE (__preinit_array_start = .)
 *(.preinit_array*)
                0x000000000800916c                PROVIDE (__preinit_array_end = .)
                0x000000000800916c                . = ALIGN (0x4)

.init_array     0x000000000800916c        0x4
                0x000000000800916c                . = ALIGN (0x4)
                0x000000000800916c                PROVIDE (__init_array_start = .)
 *(SORT_BY_NAME(.init_array.*))
 *(.init_array*)
 .init_array    0x000000000800916c        0x4 /opt/st/stm32cubeide_1.6.1/plugins/com.st.stm32cube.ide.mcu.externaltools.gnu-tools-for-stm32.9-2020-q2-update.linux64_1.5.0.202011040924/tools/bin/../lib/gcc/arm-none-eabi/9.3.1/thumb/v7e-m+fp/softfp/crtbegin.o
                0x0000000008009170                PROVIDE (__init_array_end = .)
                0x0000000008009170                . = ALIGN (0x4)

.fini_array     0x0000000008009170        0x4
                0x0000000008009170                . = ALIGN (0x4)
                [!provide]                        PROVIDE (__fini_array_start = .)
 *(SORT_BY_NAME(.fini_array.*))
 *(.fini_array*)
 .fini_array    0x0000000008009170        0x4 /opt/st/stm32cubeide_1.6.1/plugins/com.st.stm32cube.ide.mcu.externaltools.gnu-tools-for-stm32.9-2020-q2-update.linux64_1.5.0.202011040924/tools/bin/../lib/gcc/arm-none-eabi/9.3.1/thumb/v7e-m+fp/softfp/crtbegin.o
                [!provide]                        PROVIDE (__fini_array_end = .)
                0x0000000008009174                . = ALIGN (0x4)
                0x0000000008009174                _sidata = LOADADDR (.data)

.data           0x0000000020000000      0x204 load address 0x0000000008009174
                0x0000000020000000                . = ALIGN (0x4)
                0x0000000020000000                _sdata = .
 *(.data)
 *(.data*)
 .data.KEYPAD_INT_Buttons
                0x0000000020000000       0x10 Devices/Src/keypad.o
                0x0000000020000000                KEYPAD_INT_Buttons
 .data.KeypadStatus
                0x0000000020000010        0x1 Devices/Src/keypad.o
 *fill*         0x0000000020000011        0x3 
 .data.uxTopUsedPriority
                0x0000000020000014        0x4 FreeRTOS/tasks.o
                0x0000000020000014                uxTopUsedPriority
 .data.uxCriticalNesting
                0x0000000020000018        0x4 FreeRTOS/portable/GCC/ARM_CM4F/port.o
 .data.AHB_PreScaler
                0x000000002000001c       0x10 Libraries/Src/stm32f407xx_rcc.o
                0x000000002000001c                AHB_PreScaler
 .data.APB1_PreScaler
                0x000000002000002c        0x4 Libraries/Src/stm32f407xx_rcc.o
                0x000000002000002c                APB1_PreScaler
 .data.SystemCoreClock
                0x0000000020000030        0x4 Src/main.o
                0x0000000020000030                SystemCoreClock
 .data._impure_ptr
                0x0000000020000034        0x4 /opt/st/stm32cubeide_1.6.1/plugins/com.st.stm32cube.ide.mcu.externaltools.gnu-tools-for-stm32.9-2020-q2-update.linux64_1.5.0.202011040924/tools/bin/../lib/gcc/arm-none-eabi/9.3.1/../../../../arm-none-eabi/lib/thumb/v7e-m+fp/softfp/libc_nano.a(lib_a-impure.o)
                0x0000000020000034                _impure_ptr
 .data.impure_data
                0x0000000020000038       0x60 /opt/st/stm32cubeide_1.6.1/plugins/com.st.stm32cube.ide.mcu.externaltools.gnu-tools-for-stm32.9-2020-q2-update.linux64_1.5.0.202011040924/tools/bin/../lib/gcc/arm-none-eabi/9.3.1/../../../../arm-none-eabi/lib/thumb/v7e-m+fp/softfp/libc_nano.a(lib_a-impure.o)
 .data.__global_locale
                0x0000000020000098      0x16c /opt/st/stm32cubeide_1.6.1/plugins/com.st.stm32cube.ide.mcu.externaltools.gnu-tools-for-stm32.9-2020-q2-update.linux64_1.5.0.202011040924/tools/bin/../lib/gcc/arm-none-eabi/9.3.1/../../../../arm-none-eabi/lib/thumb/v7e-m+fp/softfp/libc_nano.a(lib_a-locale.o)
                0x0000000020000098                __global_locale
 *(.RamFunc)
 *(.RamFunc*)
                0x0000000020000204                . = ALIGN (0x4)
                0x0000000020000204                _edata = .

.igot.plt       0x0000000020000204        0x0 load address 0x0000000008009378
 .igot.plt      0x0000000020000204        0x0 /opt/st/stm32cubeide_1.6.1/plugins/com.st.stm32cube.ide.mcu.externaltools.gnu-tools-for-stm32.9-2020-q2-update.linux64_1.5.0.202011040924/tools/bin/../lib/gcc/arm-none-eabi/9.3.1/thumb/v7e-m+fp/softfp/crtbegin.o
                0x0000000020000204                . = ALIGN (0x4)

.bss            0x0000000020000204    0x1308c load address 0x0000000008009378
                0x0000000020000204                _sbss = .
                0x0000000020000204                __bss_start__ = _sbss
 *(.bss)
 .bss           0x0000000020000204       0x1c /opt/st/stm32cubeide_1.6.1/plugins/com.st.stm32cube.ide.mcu.externaltools.gnu-tools-for-stm32.9-2020-q2-update.linux64_1.5.0.202011040924/tools/bin/../lib/gcc/arm-none-eabi/9.3.1/thumb/v7e-m+fp/softfp/crtbegin.o
 *(.bss*)
 .bss.LCD5110_UpdateXmin
                0x0000000020000220        0x1 Devices/Src/lcd5110.o
                0x0000000020000220                LCD5110_UpdateXmin
 .bss.LCD5110_UpdateXmax
                0x0000000020000221        0x1 Devices/Src/lcd5110.o
                0x0000000020000221                LCD5110_UpdateXmax
 .bss.LCD5110_UpdateYmin
                0x0000000020000222        0x1 Devices/Src/lcd5110.o
                0x0000000020000222                LCD5110_UpdateYmin
 .bss.LCD5110_UpdateYmax
                0x0000000020000223        0x1 Devices/Src/lcd5110.o
                0x0000000020000223                LCD5110_UpdateYmax
 .bss.pxCurrentTCB
                0x0000000020000224        0x4 FreeRTOS/tasks.o
                0x0000000020000224                pxCurrentTCB
 .bss.pxReadyTasksLists
                0x0000000020000228       0x64 FreeRTOS/tasks.o
 .bss.xDelayedTaskList1
                0x000000002000028c       0x14 FreeRTOS/tasks.o
 .bss.xDelayedTaskList2
                0x00000000200002a0       0x14 FreeRTOS/tasks.o
 .bss.pxDelayedTaskList
                0x00000000200002b4        0x4 FreeRTOS/tasks.o
 .bss.pxOverflowDelayedTaskList
                0x00000000200002b8        0x4 FreeRTOS/tasks.o
 .bss.xPendingReadyList
                0x00000000200002bc       0x14 FreeRTOS/tasks.o
 .bss.xTasksWaitingTermination
                0x00000000200002d0       0x14 FreeRTOS/tasks.o
 .bss.uxDeletedTasksWaitingCleanUp
                0x00000000200002e4        0x4 FreeRTOS/tasks.o
 .bss.xSuspendedTaskList
                0x00000000200002e8       0x14 FreeRTOS/tasks.o
 .bss.uxCurrentNumberOfTasks
                0x00000000200002fc        0x4 FreeRTOS/tasks.o
 .bss.xTickCount
                0x0000000020000300        0x4 FreeRTOS/tasks.o
 .bss.uxTopReadyPriority
                0x0000000020000304        0x4 FreeRTOS/tasks.o
 .bss.xSchedulerRunning
                0x0000000020000308        0x4 FreeRTOS/tasks.o
 .bss.xPendedTicks
                0x000000002000030c        0x4 FreeRTOS/tasks.o
 .bss.xYieldPending
                0x0000000020000310        0x4 FreeRTOS/tasks.o
 .bss.xNumOfOverflows
                0x0000000020000314        0x4 FreeRTOS/tasks.o
 .bss.uxTaskNumber
                0x0000000020000318        0x4 FreeRTOS/tasks.o
 .bss.xNextTaskUnblockTime
                0x000000002000031c        0x4 FreeRTOS/tasks.o
 .bss.xIdleTaskHandle
                0x0000000020000320        0x4 FreeRTOS/tasks.o
 .bss.uxSchedulerSuspended
                0x0000000020000324        0x4 FreeRTOS/tasks.o
 .bss.xActiveTimerList1
                0x0000000020000328       0x14 FreeRTOS/timers.o
 .bss.xActiveTimerList2
                0x000000002000033c       0x14 FreeRTOS/timers.o
 .bss.pxCurrentTimerList
                0x0000000020000350        0x4 FreeRTOS/timers.o
 .bss.pxOverflowTimerList
                0x0000000020000354        0x4 FreeRTOS/timers.o
 .bss.xTimerQueue
                0x0000000020000358        0x4 FreeRTOS/timers.o
 .bss.xTimerTaskHandle
                0x000000002000035c        0x4 FreeRTOS/timers.o
 .bss.xLastTime.6892
                0x0000000020000360        0x4 FreeRTOS/timers.o
 .bss.ucMaxSysCallPriority
                0x0000000020000364        0x1 FreeRTOS/portable/GCC/ARM_CM4F/port.o
 *fill*         0x0000000020000365        0x3 
 .bss.ulMaxPRIGROUPValue
                0x0000000020000368        0x4 FreeRTOS/portable/GCC/ARM_CM4F/port.o
 .bss.ucHeap    0x000000002000036c    0x12c00 FreeRTOS/portable/MemMang/heap_4.o
 .bss.xStart    0x0000000020012f6c        0x8 FreeRTOS/portable/MemMang/heap_4.o
 .bss.pxEnd     0x0000000020012f74        0x4 FreeRTOS/portable/MemMang/heap_4.o
 .bss.xFreeBytesRemaining
                0x0000000020012f78        0x4 FreeRTOS/portable/MemMang/heap_4.o
 .bss.xMinimumEverFreeBytesRemaining
                0x0000000020012f7c        0x4 FreeRTOS/portable/MemMang/heap_4.o
 .bss.xNumberOfSuccessfulAllocations
                0x0000000020012f80        0x4 FreeRTOS/portable/MemMang/heap_4.o
 .bss.xNumberOfSuccessfulFrees
                0x0000000020012f84        0x4 FreeRTOS/portable/MemMang/heap_4.o
 .bss.xBlockAllocatedBit
                0x0000000020012f88        0x4 FreeRTOS/portable/MemMang/heap_4.o
 .bss.Screen3_Timer
                0x0000000020012f8c        0x8 Src/lcd_control.o
 .bss.Screen4_RTC
                0x0000000020012f94        0x9 Src/lcd_control.o
 .bss.screen4_mode
                0x0000000020012f9d        0x1 Src/lcd_control.o
 *fill*         0x0000000020012f9e        0x2 
 .bss.screen1_data
                0x0000000020012fa0       0x10 Src/lcd_control.o
 .bss.screen2_data
                0x0000000020012fb0       0x10 Src/lcd_control.o
 .bss.screen3_data
                0x0000000020012fc0        0x8 Src/lcd_control.o
 .bss.screen4_data
                0x0000000020012fc8        0xc Src/lcd_control.o
 .bss.__sbrk_heap_end
                0x0000000020012fd4        0x4 Src/sysmem.o
 .bss.__malloc_free_list
                0x0000000020012fd8        0x4 /opt/st/stm32cubeide_1.6.1/plugins/com.st.stm32cube.ide.mcu.externaltools.gnu-tools-for-stm32.9-2020-q2-update.linux64_1.5.0.202011040924/tools/bin/../lib/gcc/arm-none-eabi/9.3.1/../../../../arm-none-eabi/lib/thumb/v7e-m+fp/softfp/libc_nano.a(lib_a-nano-mallocr.o)
                0x0000000020012fd8                __malloc_free_list
 .bss.__malloc_sbrk_start
                0x0000000020012fdc        0x4 /opt/st/stm32cubeide_1.6.1/plugins/com.st.stm32cube.ide.mcu.externaltools.gnu-tools-for-stm32.9-2020-q2-update.linux64_1.5.0.202011040924/tools/bin/../lib/gcc/arm-none-eabi/9.3.1/../../../../arm-none-eabi/lib/thumb/v7e-m+fp/softfp/libc_nano.a(lib_a-nano-mallocr.o)
                0x0000000020012fdc                __malloc_sbrk_start
 *(COMMON)
 COMMON         0x0000000020012fe0       0x28 Devices/Src/ds1307.o
                0x0000000020012fe0                g_ds1307I2cHandle
 COMMON         0x0000000020013008        0x1 Devices/Src/keypad.o
                0x0000000020013008                KEYPAD_INT_KeypadType
 *fill*         0x0000000020013009        0x3 
 COMMON         0x000000002001300c      0x1fc Devices/Src/lcd5110.o
                0x000000002001300c                LCD5110_x
                0x000000002001300d                LCD5110_y
                0x0000000020013010                LCD5110_Buffer
 COMMON         0x0000000020013208       0x40 FreeRTOS/queue.o
                0x0000000020013208                xQueueRegistry
 COMMON         0x0000000020013248       0x38 Src/main.o
                0x0000000020013248                keypad_queue_handle
                0x000000002001324c                screen4_ade_data
                0x0000000020013258                screen3_ade_data
                0x0000000020013260                screen2_ade_data
                0x0000000020013270                screen1_ade_data
 COMMON         0x0000000020013280        0x4 /opt/st/stm32cubeide_1.6.1/plugins/com.st.stm32cube.ide.mcu.externaltools.gnu-tools-for-stm32.9-2020-q2-update.linux64_1.5.0.202011040924/tools/bin/../lib/gcc/arm-none-eabi/9.3.1/../../../../arm-none-eabi/lib/thumb/v7e-m+fp/softfp/libc_nano.a(lib_a-reent.o)
                0x0000000020013280                errno
 COMMON         0x0000000020013284        0x9 /opt/st/stm32cubeide_1.6.1/plugins/com.st.stm32cube.ide.mcu.externaltools.gnu-tools-for-stm32.9-2020-q2-update.linux64_1.5.0.202011040924/tools/bin/../lib/gcc/arm-none-eabi/9.3.1/../../../../arm-none-eabi/lib/thumb/v7e-m+fp/softfp/libc_nano.a(lib_a-lock.o)
                0x0000000020013284                __lock___atexit_recursive_mutex
                0x0000000020013285                __lock___arc4random_mutex
                0x0000000020013286                __lock___env_recursive_mutex
                0x0000000020013287                __lock___sinit_recursive_mutex
                0x0000000020013288                __lock___malloc_recursive_mutex
                0x0000000020013289                __lock___at_quick_exit_mutex
                0x000000002001328a                __lock___dd_hash_mutex
                0x000000002001328b                __lock___tz_mutex
                0x000000002001328c                __lock___sfp_recursive_mutex
                0x0000000020013290                . = ALIGN (0x4)
 *fill*         0x000000002001328d        0x3 
                0x0000000020013290                _ebss = .
                0x0000000020013290                __bss_end__ = _ebss

._user_heap_stack
                0x0000000020013290      0x600 load address 0x0000000008009378
                0x0000000020013290                . = ALIGN (0x8)
                [!provide]                        PROVIDE (end = .)
                0x0000000020013290                PROVIDE (_end = .)
                0x0000000020013490                . = (. + _Min_Heap_Size)
 *fill*         0x0000000020013290      0x200 
                0x0000000020013890                . = (. + _Min_Stack_Size)
 *fill*         0x0000000020013490      0x400 
                0x0000000020013890                . = ALIGN (0x8)

/DISCARD/
 libc.a(*)
 libm.a(*)
 libgcc.a(*)

.ARM.attributes
                0x0000000000000000       0x2e
 *(.ARM.attributes)
 .ARM.attributes