ds1307.c:15:17:DS1307_Init	64	static
ds1307.c:44:9:DS1307_GetSeconds	8	static
ds1307.c:48:9:DS1307_GetMinutes	8	static
ds1307.c:52:9:DS1307_GetHours	8	static
ds1307.c:56:9:DS1307_GetDay	8	static
ds1307.c:60:9:DS1307_GetDate	8	static
ds1307.c:64:9:DS1307_GetMonth	8	static
ds1307.c:68:9:DS1307_GetYear	8	static
ds1307.c:72:6:DS1307_SetSeconds	16	static
ds1307.c:76:6:DS1307_SetMinutes	16	static
ds1307.c:80:6:DS1307_SetHours	16	static
ds1307.c:84:6:DS1307_SetDay	16	static
ds1307.c:88:6:DS1307_SetDate	16	static
ds1307.c:92:6:DS1307_SetMonth	16	static
ds1307.c:96:6:DS1307_SetYear	16	static
ds1307.c:100:6:DS1307_GetDateTime	16	static
ds1307.c:110:6:DS1307_SetDateTime	16	static
ds1307.c:120:6:DS1307_EnableOutputPin	24	static
ds1307.c:148:6:DS1307_DisableOutputPin	8	static
ds1307.c:152:9:DS1307_Bcd2Bin	16	static
ds1307.c:156:9:DS1307_Bin2Bcd	16	static
ds1307.c:160:9:DS1307_CheckMinMax	16	static
