lcd5110.c:216:6:LCD5110_send	16	static
lcd5110.c:225:6:LCD5110_Pin	16	static
lcd5110.c:245:6:LCD5110_Delay	24	static
lcd5110.c:250:6:LCD5110_Init	64	static
lcd5110.c:331:6:LCD5110_Write	16	static
lcd5110.c:349:6:LCD5110_SetContrast	16	static
lcd5110.c:363:6:LCD5110_DrawPixel	16	static
lcd5110.c:379:6:LCD5110_Invert	16	static
lcd5110.c:387:6:LCD5110_Clear	16	static
lcd5110.c:399:6:LCD5110_Home	8	static
lcd5110.c:404:6:LCD5110_Refresh	16	static
lcd5110.c:430:6:LCD5110_UpdateArea	16	static
lcd5110.c:445:6:LCD5110_GotoXY	16	static
lcd5110.c:450:6:LCD5110_Putc	24	static
lcd5110.c:487:6:LCD5110_Puts	16	static
