ade_value_scale.c:13:5:ade_signed_value	24	static
ade_value_scale.c:24:7:ade_scale_vrms	16	static
ade_value_scale.c:28:7:ade_scale_vpeak	16	static
ade_value_scale.c:32:7:ade_scale_irms	16	static
ade_value_scale.c:36:7:ade_scale_ipeak	16	static
ade_value_scale.c:40:7:ade_scale_power	16	static
ade_value_scale.c:44:7:ade_scale_reactive_power	16	static
ade_value_scale.c:48:7:ade_get_apparant_power	8	static
ade_value_scale.c:52:7:ade_get_power_factor	4	static
ade_value_scale.c:57:7:ade_scale_energy	16	static
ade_value_scale.c:61:7:ade_scale_apparant_energy	16	static
