lcd_control.c:57:6:lcd_puts_xy	16	static
lcd_control.c:62:6:range_scale	24	static
lcd_control.c:81:6:lcd_screen_1_refresh	32	static
lcd_control.c:113:6:lcd_screen_2_refresh	32	static
lcd_control.c:143:6:lcd_screen_3_refresh	56	static
lcd_control.c:178:6:lcd_screen_4_refresh	64	static
lcd_control.c:306:6:lcd_screen_refresh	16	static
lcd_control.c:325:6:lcd_screen_1_data_update	24	static
lcd_control.c:329:6:lcd_screen_2_data_update	24	static
lcd_control.c:333:6:lcd_screen_3_data_update	16	static
lcd_control.c:337:6:lcd_screen_4_data_update	12	static
lcd_control.c:341:6:lcd_screen_1_clear	8	static
lcd_control.c:345:6:lcd_screen_2_clear	8	static
lcd_control.c:349:6:lcd_screen_3_clear	8	static
lcd_control.c:355:6:lcd_screen_4_clear	8	static
lcd_control.c:361:6:lcd_screen_3_timer_count_up	4	static
lcd_control.c:377:6:lcd_screen_3_switch_mode	4	static
lcd_control.c:381:18:lcd_screen_3_mode	4	static
lcd_control.c:385:6:lcd_screen_4_rtc_update	24	static
lcd_control.c:389:6:lcd_screen_4_switch_mode	12	static
lcd_control.c:395:18:lcd_screen_4_mode	4	static
lcd_control.c:399:6:lcd_screen_4_next_config_target	4	static
lcd_control.c:407:6:lcd_screen_4_config_target	16	static
lcd_control.c:415:6:lcd_screen_4_next_interval_set	4	static
lcd_control.c:433:20:lcd_screen_4_commit_config	24	static
lcd_control.c:439:6:lcd_is_busy	4	static
