lcd_control.c:35:6:lcd_puts_xy	16	static
lcd_control.c:40:6:range_scale	24	static
lcd_control.c:62:6:lcd_screen_1_refresh	32	static
lcd_control.c:94:6:lcd_screen_2_refresh	32	static
lcd_control.c:126:6:lcd_screen_3_refresh	56	static
lcd_control.c:158:6:lcd_screen_4_refresh	64	static
lcd_control.c:320:6:lcd_screen_refresh	16	static
lcd_control.c:339:6:lcd_screen_1_data_update	24	static
lcd_control.c:343:6:lcd_screen_2_data_update	24	static
lcd_control.c:347:6:lcd_screen_3_data_update	24	static
lcd_control.c:351:6:lcd_screen_4_data_update	24	static
lcd_control.c:355:6:lcd_screen_1_clear	8	static
lcd_control.c:359:6:lcd_screen_2_clear	8	static
lcd_control.c:363:6:lcd_screen_3_clear	8	static
lcd_control.c:368:6:lcd_screen_4_clear	8	static
lcd_control.c:376:6:lcd_screen_3_switch_mode	16	static
lcd_control.c:380:18:lcd_screen_3_mode	4	static
lcd_control.c:384:6:lcd_screen_4_rtc_update	16	static
lcd_control.c:388:6:lcd_screen_4_switch_mode	16	static
lcd_control.c:411:18:lcd_screen_4_mode	4	static
lcd_control.c:415:17:lcd_screen_4_config_option	4	static
lcd_control.c:419:16:lcd_screen_4_config_item	4	static
lcd_control.c:423:6:lcd_screen_4_next_config_option	4	static
lcd_control.c:427:6:lcd_screen_4_next_config_item	4	static
lcd_control.c:441:6:lcd_screen_4_config_select	16	static
lcd_control.c:461:6:lcd_screen_4_next_interval_set	4	static
lcd_control.c:480:19:lcd_screen_4_commit_rtc	16	static
lcd_control.c:484:20:lcd_screen_4_commit_parameters	16	static
lcd_control.c:488:6:lcd_enter_datetime_value	16	static
lcd_control.c:527:6:lcd_enter_params_value	24	static
lcd_control.c:575:6:lcd_is_busy	4	static
