lcd_control.c:67:6:lcd_puts_xy	16	static
lcd_control.c:72:6:range_scale	24	static
lcd_control.c:91:6:lcd_screen_1_refresh	32	static
lcd_control.c:123:6:lcd_screen_2_refresh	32	static
lcd_control.c:153:6:lcd_screen_3_refresh	56	static
lcd_control.c:188:6:lcd_screen_4_refresh	64	static
lcd_control.c:304:6:lcd_screen_refresh	16	static
lcd_control.c:323:6:lcd_screen_1_data_update	24	static
lcd_control.c:327:6:lcd_screen_2_data_update	24	static
lcd_control.c:331:6:lcd_screen_3_data_update	16	static
lcd_control.c:335:6:lcd_screen_4_data_update	24	static
lcd_control.c:339:6:lcd_screen_1_clear	8	static
lcd_control.c:343:6:lcd_screen_2_clear	8	static
lcd_control.c:347:6:lcd_screen_3_clear	8	static
lcd_control.c:353:6:lcd_screen_4_clear	8	static
lcd_control.c:360:6:lcd_screen_3_timer_count_up	4	static
lcd_control.c:376:6:lcd_screen_3_switch_mode	4	static
lcd_control.c:380:18:lcd_screen_3_mode	4	static
lcd_control.c:384:6:lcd_screen_4_rtc_update	24	static
lcd_control.c:389:6:lcd_screen_4_switch_mode	4	static
lcd_control.c:394:18:lcd_screen_4_mode	4	static
lcd_control.c:398:6:lcd_screen_4_next_config_target	4	static
lcd_control.c:406:6:lcd_screen_4_config_target	16	static
lcd_control.c:414:6:lcd_screen_4_next_interval_set	4	static
lcd_control.c:432:19:lcd_screen_4_commit_config	16	static
lcd_control.c:443:6:lcd_is_busy	4	static
