lcd_control.c:38:6:lcd_puts_xy	24	static
lcd_control.c:44:6:range_scale	24	static
lcd_control.c:64:6:lcd_screen_1_refresh	24	static
lcd_control.c:96:6:lcd_screen_2_refresh	24	static
lcd_control.c:126:6:lcd_screen_3_refresh	56	static
lcd_control.c:155:6:lcd_screen_4_refresh	56	static
lcd_control.c:173:6:lcd_screen_1_data_update	24	static
lcd_control.c:177:6:lcd_screen_2_data_update	24	static
lcd_control.c:181:6:lcd_screen_3_data_update	16	static
lcd_control.c:185:6:lcd_screen_4_data_update	24	static
lcd_control.c:189:6:lcd_screen_1_reset	8	static
lcd_control.c:193:6:lcd_screen_2_reset	8	static
lcd_control.c:197:6:lcd_screen_3_reset	8	static
lcd_control.c:202:6:lcd_screen_4_reset	8	static
lcd_control.c:208:6:lcd_screen_3_timer_count_up	4	static
lcd_control.c:224:6:lcd_screen_4_rtc_update	24	static
lcd_control.c:228:18:lcd_screen_4_mode	4	static
lcd_control.c:232:6:lcd_screen_4_switch_mode	4	static
