lcd_control.c:43:6:lcd_puts_xy	16	static
lcd_control.c:48:6:range_scale	24	static
lcd_control.c:70:6:lcd_screen_1_refresh	32	static
lcd_control.c:102:6:lcd_screen_2_refresh	32	static
lcd_control.c:134:6:lcd_screen_3_refresh	56	static
lcd_control.c:169:6:lcd_screen_4_refresh	64	static
lcd_control.c:331:6:lcd_screen_refresh	16	static
lcd_control.c:350:6:lcd_screen_1_data_update	24	static
lcd_control.c:354:6:lcd_screen_2_data_update	24	static
lcd_control.c:358:6:lcd_screen_3_data_update	16	static
lcd_control.c:362:6:lcd_screen_4_data_update	24	static
lcd_control.c:366:6:lcd_screen_1_clear	8	static
lcd_control.c:370:6:lcd_screen_2_clear	8	static
lcd_control.c:374:6:lcd_screen_3_clear	8	static
lcd_control.c:380:6:lcd_screen_4_clear	8	static
lcd_control.c:388:6:lcd_screen_3_timer_count_up	4	static
lcd_control.c:404:6:lcd_screen_3_switch_mode	16	static
lcd_control.c:408:18:lcd_screen_3_mode	4	static
lcd_control.c:412:6:lcd_screen_4_rtc_update	16	static
lcd_control.c:416:6:lcd_screen_4_switch_mode	16	static
lcd_control.c:439:18:lcd_screen_4_mode	4	static
lcd_control.c:443:17:lcd_screen_4_config_option	4	static
lcd_control.c:447:16:lcd_screen_4_config_item	4	static
lcd_control.c:451:6:lcd_screen_4_next_config_option	4	static
lcd_control.c:455:6:lcd_screen_4_next_config_item	4	static
lcd_control.c:469:6:lcd_screen_4_config_select	16	static
lcd_control.c:489:6:lcd_screen_4_next_interval_set	4	static
lcd_control.c:508:19:lcd_screen_4_commit_rtc	16	static
lcd_control.c:512:20:lcd_screen_4_commit_parameters	16	static
lcd_control.c:516:6:lcd_enter_datetime_value	16	static
lcd_control.c:555:6:lcd_enter_params_value	24	static
lcd_control.c:603:6:lcd_is_busy	4	static
