lcd_control.c:60:6:lcd_puts_xy	16	static
lcd_control.c:65:6:range_scale	24	static
lcd_control.c:84:6:lcd_screen_1_refresh	32	static
lcd_control.c:116:6:lcd_screen_2_refresh	32	static
lcd_control.c:146:6:lcd_screen_3_refresh	56	static
lcd_control.c:181:6:lcd_screen_4_refresh	72	static
lcd_control.c:268:6:lcd_screen_refresh	16	static
lcd_control.c:287:6:lcd_screen_1_data_update	24	static
lcd_control.c:291:6:lcd_screen_2_data_update	24	static
lcd_control.c:295:6:lcd_screen_3_data_update	16	static
lcd_control.c:299:6:lcd_screen_4_data_update	24	static
lcd_control.c:303:6:lcd_screen_1_clear	8	static
lcd_control.c:307:6:lcd_screen_2_clear	8	static
lcd_control.c:311:6:lcd_screen_3_clear	8	static
lcd_control.c:317:6:lcd_screen_4_clear	8	static
lcd_control.c:324:6:lcd_screen_3_timer_count_up	4	static
lcd_control.c:340:6:lcd_screen_3_switch_mode	4	static
lcd_control.c:344:18:lcd_screen_3_mode	4	static
lcd_control.c:348:6:lcd_screen_4_rtc_update	24	static
lcd_control.c:353:6:lcd_screen_4_switch_mode	4	static
lcd_control.c:358:18:lcd_screen_4_mode	4	static
lcd_control.c:362:6:lcd_screen_4_next_config_target	4	static
lcd_control.c:367:6:lcd_screen_4_next_interval_set	4	static
lcd_control.c:385:6:lcd_screen_4_commit_config	16	static
lcd_control.c:394:6:lcd_is_busy	4	static
